Component: ARM Compiler 5.06 update 3 (build 300) Tool: armlink [4d35c9]

==============================================================================

Section Cross References

    startup_stm32f427xx.o(RESET) refers to startup_stm32f427xx.o(STACK) for __initial_sp
    startup_stm32f427xx.o(RESET) refers to startup_stm32f427xx.o(.text) for Reset_Handler
    startup_stm32f427xx.o(RESET) refers to stm32f4xx_it.o(i.NMI_Handler) for NMI_Handler
    startup_stm32f427xx.o(RESET) refers to stm32f4xx_it.o(i.HardFault_Handler) for HardFault_Handler
    startup_stm32f427xx.o(RESET) refers to stm32f4xx_it.o(i.MemManage_Handler) for MemManage_Handler
    startup_stm32f427xx.o(RESET) refers to stm32f4xx_it.o(i.BusFault_Handler) for BusFault_Handler
    startup_stm32f427xx.o(RESET) refers to stm32f4xx_it.o(i.UsageFault_Handler) for UsageFault_Handler
    startup_stm32f427xx.o(RESET) refers to port.o(.emb_text) for SVC_Handler
    startup_stm32f427xx.o(RESET) refers to stm32f4xx_it.o(i.DebugMon_Handler) for DebugMon_Handler
    startup_stm32f427xx.o(RESET) refers to stm32f4xx_it.o(i.SysTick_Handler) for SysTick_Handler
    startup_stm32f427xx.o(RESET) refers to stm32f4xx_it.o(i.CAN1_RX0_IRQHandler) for CAN1_RX0_IRQHandler
    startup_stm32f427xx.o(RESET) refers to stm32f4xx_it.o(i.CAN2_RX0_IRQHandler) for CAN2_RX0_IRQHandler
    startup_stm32f427xx.o(RESET) refers to stm32f4xx_it.o(i.USART6_IRQHandler) for USART6_IRQHandler
    startup_stm32f427xx.o(.text) refers to system_stm32f4xx.o(i.SystemInit) for SystemInit
    startup_stm32f427xx.o(.text) refers to entry.o(.ARM.Collect$$$$00000000) for __main
    main.o(i.SystemClock_Config) refers to memseta.o(.text) for __aeabi_memclr4
    main.o(i.SystemClock_Config) refers to stm32f4xx_hal_rcc.o(i.HAL_RCC_OscConfig) for HAL_RCC_OscConfig
    main.o(i.SystemClock_Config) refers to stm32f4xx_hal_rcc.o(i.HAL_RCC_ClockConfig) for HAL_RCC_ClockConfig
    main.o(i.main) refers to stm32f4xx_hal.o(i.HAL_Init) for HAL_Init
    main.o(i.main) refers to main.o(i.SystemClock_Config) for SystemClock_Config
    main.o(i.main) refers to gpio.o(i.MX_GPIO_Init) for MX_GPIO_Init
    main.o(i.main) refers to can.o(i.MX_CAN1_Init) for MX_CAN1_Init
    main.o(i.main) refers to usart.o(i.MX_USART6_UART_Init) for MX_USART6_UART_Init
    main.o(i.main) refers to crc.o(i.MX_CRC_Init) for MX_CRC_Init
    main.o(i.main) refers to can.o(i.MX_CAN2_Init) for MX_CAN2_Init
    main.o(i.main) refers to rtc.o(i.MX_RTC_Init) for MX_RTC_Init
    main.o(i.main) refers to control.o(i.joint_init) for joint_init
    main.o(i.main) refers to stm32f4xx_hal_can.o(i.HAL_CAN_ActivateNotification) for HAL_CAN_ActivateNotification
    main.o(i.main) refers to cansend.o(i.EnterMotorMode) for EnterMotorMode
    main.o(i.main) refers to stm32f4xx_hal_uart.o(i.HAL_UART_Receive_IT) for HAL_UART_Receive_IT
    main.o(i.main) refers to admittance_control.o(i.Admittance_init) for Admittance_init
    main.o(i.main) refers to freertos.o(i.MX_FREERTOS_Init) for MX_FREERTOS_Init
    main.o(i.main) refers to cmsis_os.o(i.osKernelStart) for osKernelStart
    main.o(i.main) refers to impedance_control.o(i.ImpedanceCtrl_Init) for ImpedanceCtrl_Init
    main.o(i.main) refers to main.o(i.pc_debug) for pc_debug
    main.o(i.main) refers to stm32f4xx_hal.o(i.HAL_Delay) for HAL_Delay
    main.o(i.main) refers to control.o(.bss) for joint
    main.o(i.main) refers to can.o(.bss) for hcan1
    main.o(i.main) refers to control.o(.bss) for motor_parameter
    main.o(i.main) refers to usart.o(.bss) for huart6
    main.o(i.main) refers to admittance_control.o(.bss) for ACtrl
    main.o(i.main) refers to impedance_control.o(.bss) for Ictrl
    main.o(i.pc_debug) refers to admittance_control.o(i.Admittance_pc_set) for Admittance_pc_set
    main.o(i.pc_debug) refers to control.o(.bss) for joint
    main.o(i.pc_debug) refers to control.o(.bss) for motor_parameter
    main.o(i.pc_debug) refers to admittance_control.o(.bss) for ACtrl
    gpio.o(i.KEY_Read) refers to stm32f4xx_hal_gpio.o(i.HAL_GPIO_ReadPin) for HAL_GPIO_ReadPin
    gpio.o(i.KEY_Read) refers to stm32f4xx_hal.o(i.HAL_Delay) for HAL_Delay
    gpio.o(i.KEY_Read) refers to gpio.o(.data) for .data
    gpio.o(i.LED_mode) refers to stm32f4xx_hal_gpio.o(i.HAL_GPIO_TogglePin) for HAL_GPIO_TogglePin
    gpio.o(i.LED_mode) refers to stm32f4xx_hal.o(i.HAL_Delay) for HAL_Delay
    gpio.o(i.LED_mode) refers to stm32f4xx_hal_gpio.o(i.HAL_GPIO_WritePin) for HAL_GPIO_WritePin
    gpio.o(i.MX_GPIO_Init) refers to memseta.o(.text) for __aeabi_memclr4
    gpio.o(i.MX_GPIO_Init) refers to stm32f4xx_hal_gpio.o(i.HAL_GPIO_WritePin) for HAL_GPIO_WritePin
    gpio.o(i.MX_GPIO_Init) refers to stm32f4xx_hal_gpio.o(i.HAL_GPIO_Init) for HAL_GPIO_Init
    freertos.o(i.ACTask02) refers to tasks.o(i.xTaskGetTickCount) for xTaskGetTickCount
    freertos.o(i.ACTask02) refers to tasks.o(i.vTaskDelayUntil) for vTaskDelayUntil
    freertos.o(i.MX_FREERTOS_Init) refers to memcpya.o(.text) for __aeabi_memcpy4
[...]
    i.pack_cmd                               0x08004568   Section        0  cansend.o(i.pack_cmd)
    i.pc_debug                               0x08004690   Section        0  main.o(i.pc_debug)
    i.prvAddCurrentTaskToDelayedList         0x080046a8   Section        0  tasks.o(i.prvAddCurrentTaskToDelayedList)
    prvAddCurrentTaskToDelayedList           0x080046a9   Thumb Code   102  tasks.o(i.prvAddCurrentTaskToDelayedList)
    i.prvAddNewTaskToReadyList               0x08004718   Section        0  tasks.o(i.prvAddNewTaskToReadyList)
    prvAddNewTaskToReadyList                 0x08004719   Thumb Code   194  tasks.o(i.prvAddNewTaskToReadyList)
    i.prvCheckForValidListAndQueue           0x080047e8   Section        0  timers.o(i.prvCheckForValidListAndQueue)
    prvCheckForValidListAndQueue             0x080047e9   Thumb Code    72  timers.o(i.prvCheckForValidListAndQueue)
    i.prvCopyDataFromQueue                   0x08004840   Section        0  queue.o(i.prvCopyDataFromQueue)
    prvCopyDataFromQueue                     0x08004841   Thumb Code    38  queue.o(i.prvCopyDataFromQueue)
    i.prvCopyDataToQueue                     0x08004866   Section        0  queue.o(i.prvCopyDataToQueue)
    prvCopyDataToQueue                       0x08004867   Thumb Code   108  queue.o(i.prvCopyDataToQueue)
    i.prvDeleteTCB                           0x080048d2   Section        0  tasks.o(i.prvDeleteTCB)
    prvDeleteTCB                             0x080048d3   Thumb Code    52  tasks.o(i.prvDeleteTCB)
    i.prvHeapInit                            0x08004908   Section        0  heap_4.o(i.prvHeapInit)
    prvHeapInit                              0x08004909   Thumb Code    66  heap_4.o(i.prvHeapInit)
    i.prvIdleTask                            0x08004954   Section        0  tasks.o(i.prvIdleTask)
    prvIdleTask                              0x08004955   Thumb Code    82  tasks.o(i.prvIdleTask)
    i.prvInitialiseNewQueue                  0x080049b4   Section        0  queue.o(i.prvInitialiseNewQueue)
    prvInitialiseNewQueue                    0x080049b5   Thumb Code    22  queue.o(i.prvInitialiseNewQueue)
    i.prvInitialiseNewTask                   0x080049ca   Section        0  tasks.o(i.prvInitialiseNewTask)
    prvInitialiseNewTask                     0x080049cb   Thumb Code   152  tasks.o(i.prvInitialiseNewTask)
    i.prvInsertBlockIntoFreeList             0x08004a64   Section        0  heap_4.o(i.prvInsertBlockIntoFreeList)
    prvInsertBlockIntoFreeList               0x08004a65   Thumb Code    72  heap_4.o(i.prvInsertBlockIntoFreeList)
    i.prvInsertTimerInActiveList             0x08004ab0   Section        0  timers.o(i.prvInsertTimerInActiveList)
    prvInsertTimerInActiveList               0x08004ab1   Thumb Code    52  timers.o(i.prvInsertTimerInActiveList)
    i.prvIsQueueEmpty                        0x08004ae8   Section        0  queue.o(i.prvIsQueueEmpty)
    prvIsQueueEmpty                          0x08004ae9   Thumb Code    28  queue.o(i.prvIsQueueEmpty)
    i.prvProcessReceivedCommands             0x08004b04   Section        0  timers.o(i.prvProcessReceivedCommands)
    prvProcessReceivedCommands               0x08004b05   Thumb Code   234  timers.o(i.prvProcessReceivedCommands)
    i.prvProcessTimerOrBlockTask             0x08004bf4   Section        0  timers.o(i.prvProcessTimerOrBlockTask)
    prvProcessTimerOrBlockTask               0x08004bf5   Thumb Code   182  timers.o(i.prvProcessTimerOrBlockTask)
    i.prvResetNextTaskUnblockTime            0x08004cb4   Section        0  tasks.o(i.prvResetNextTaskUnblockTime)
    prvResetNextTaskUnblockTime              0x08004cb5   Thumb Code    26  tasks.o(i.prvResetNextTaskUnblockTime)
    i.prvSampleTimeNow                       0x08004cd4   Section        0  timers.o(i.prvSampleTimeNow)
    prvSampleTimeNow                         0x08004cd5   Thumb Code    36  timers.o(i.prvSampleTimeNow)
    i.prvSwitchTimerLists                    0x08004cfc   Section        0  timers.o(i.prvSwitchTimerLists)
    prvSwitchTimerLists                      0x08004cfd   Thumb Code   104  timers.o(i.prvSwitchTimerLists)
    i.prvTaskExitError                       0x08004d68   Section        0  port.o(i.prvTaskExitError)
    prvTaskExitError                         0x08004d69   Thumb Code    36  port.o(i.prvTaskExitError)
    i.prvTimerTask                           0x08004d90   Section        0  timers.o(i.prvTimerTask)
    prvTimerTask                             0x08004d91   Thumb Code    32  timers.o(i.prvTimerTask)
    i.prvUnlockQueue                         0x08004db4   Section        0  queue.o(i.prvUnlockQueue)
    prvUnlockQueue                           0x08004db5   Thumb Code   106  queue.o(i.prvUnlockQueue)
    i.pvPortMalloc                           0x08004e20   Section        0  heap_4.o(i.pvPortMalloc)
    i.pxPortInitialiseStack                  0x08004efc   Section        0  port.o(i.pxPortInitialiseStack)
    i.scheduleTask                           0x08004f28   Section        0  freertos.o(i.scheduleTask)
    i.sendData                               0x080050ec   Section        0  tcpsend.o(i.sendData)
    i.uint_to_float                          0x0800511e   Section        0  cansend.o(i.uint_to_float)
    i.unpack_reply                           0x08005148   Section        0  cansend.o(i.unpack_reply)
    i.update_AdmittanceController            0x080051b8   Section        0  admittance_control.o(i.update_AdmittanceController)
    i.uxListRemove                           0x080051d2   Section        0  list.o(i.uxListRemove)
    i.vApplicationGetIdleTaskMemory          0x080051f8   Section        0  freertos.o(i.vApplicationGetIdleTaskMemory)
    i.vApplicationGetTimerTaskMemory         0x0800520c   Section        0  freertos.o(i.vApplicationGetTimerTaskMemory)
    i.vListInitialise                        0x08005224   Section        0  list.o(i.vListInitialise)
    i.vListInitialiseItem                    0x0800523a   Section        0  list.o(i.vListInitialiseItem)
    i.vListInsert                            0x08005240   Section        0  list.o(i.vListInsert)
    i.vListInsertEnd                         0x08005270   Section        0  list.o(i.vListInsertEnd)
    i.vPortEnterCritical                     0x08005288   Section        0  port.o(i.vPortEnterCritical)
    i.vPortExitCritical                      0x080052c8   Section        0  port.o(i.vPortExitCritical)
    i.vPortFree                              0x080052f0   Section        0  heap_4.o(i.vPortFree)
    i.vPortSetupTimerInterrupt               0x08005354   Section        0  port.o(i.vPortSetupTimerInterrupt)
    i.vPortValidateInterruptPriority         0x08005378   Section        0  port.o(i.vPortValidateInterruptPriority)
    i.vQueueAddToRegistry                    0x080053cc   Section        0  queue.o(i.vQueueAddToRegistry)
    i.vQueueWaitForMessageRestricted         0x080053f4   Section        0  queue.o(i.vQueueWaitForMessageRestricted)
    i.vTaskDelayUntil                        0x08005438   Section        0  tasks.o(i.vTaskDelayUntil)
    i.vTaskInternalSetTimeOutState           0x080054c4   Section        0  tasks.o(i.vTaskInternalSetTimeOutState)
    i.vTaskMissedYield                       0x080054d4   Section        0  tasks.o(i.vTaskMissedYield)
    i.vTaskPlaceOnEventList                  0x080054e0   Section        0  tasks.o(i.vTaskPlaceOnEventList)
    i.vTaskPlaceOnEventListRestricted        0x08005510   Section        0  tasks.o(i.vTaskPlaceOnEventListRestricted)
    i.vTaskStartScheduler                    0x08005548   Section        0  tasks.o(i.vTaskStartScheduler)
    i.vTaskSuspendAll                        0x080055d0   Section        0  tasks.o(i.vTaskSuspendAll)
    i.vTaskSwitchContext                     0x080055e0   Section        0  tasks.o(i.vTaskSwitchContext)
    i.xPortStartScheduler                    0x0800563c   Section        0  port.o(i.xPortStartScheduler)
    i.xPortSysTickHandler                    0x08005730   Section        0  port.o(i.xPortSysTickHandler)
    i.xQueueGenericCreateStatic              0x0800575c   Section        0  queue.o(i.xQueueGenericCreateStatic)
    i.xQueueGenericReset                     0x080057c4   Section        0  queue.o(i.xQueueGenericReset)
    i.xQueueGenericSend                      0x0800584c   Section        0  queue.o(i.xQueueGenericSend)
    i.xQueueGenericSendFromISR               0x080059ac   Section        0  queue.o(i.xQueueGenericSendFromISR)
    i.xQueueReceive                          0x08005a6c   Section        0  queue.o(i.xQueueReceive)
    i.xTaskCheckForTimeOut                   0x08005ba4   Section        0  tasks.o(i.xTaskCheckForTimeOut)
    i.xTaskCreate                            0x08005c18   Section        0  tasks.o(i.xTaskCreate)
    i.xTaskCreateStatic                      0x08005c72   Section        0  tasks.o(i.xTaskCreateStatic)
    i.xTaskGetSchedulerState                 0x08005cc8   Section        0  tasks.o(i.xTaskGetSchedulerState)
    i.xTaskGetTickCount                      0x08005ce4   Section        0  tasks.o(i.xTaskGetTickCount)
    i.xTaskIncrementTick                     0x08005cf0   Section        0  tasks.o(i.xTaskIncrementTick)
    i.xTaskPriorityDisinherit                0x08005dbc   Section        0  tasks.o(i.xTaskPriorityDisinherit)
    i.xTaskRemoveFromEventList               0x08005e54   Section        0  tasks.o(i.xTaskRemoveFromEventList)
    i.xTaskResumeAll                         0x08005ec8   Section        0  tasks.o(i.xTaskResumeAll)
    i.xTimerCreateTimerTask                  0x08005f8c   Section        0  timers.o(i.xTimerCreateTimerTask)
    i.xTimerGenericCommand                   0x08005fec   Section        0  timers.o(i.xTimerGenericCommand)
    .constdata                               0x0800604c   Section       84  freertos.o(.constdata)
    .constdata                               0x080060a0   Section       16  system_stm32f4xx.o(.constdata)
    .constdata                               0x080060b0   Section        8  system_stm32f4xx.o(.constdata)
    .constdata                               0x080060b8   Section       48  cos_i.o(.constdata)
    C                                        0x080060b8   Data          48  cos_i.o(.constdata)
    .constdata                               0x080060e8   Section      200  rred.o(.constdata)
    pio2s                                    0x080060e8   Data          48  rred.o(.constdata)
    twooverpi                                0x08006118   Data         152  rred.o(.constdata)
    .constdata                               0x080061b0   Section       32  rredf.o(.constdata)
    twooverpi                                0x080061b0   Data          32  rredf.o(.constdata)
    .constdata                               0x080061d0   Section       40  sin_i.o(.constdata)
    S                                        0x080061d0   Data          40  sin_i.o(.constdata)
    .constdata                               0x080061f8   Section       64  ctype_c.o(.constdata)
    .conststring                             0x08006238   Section       27  freertos.o(.conststring)
    .data                                    0x20000000   Section       24  freertos.o(.data)
    .data                                    0x20000018   Section        4  can.o(.data)
    HAL_RCC_CAN1_CLK_ENABLED                 0x20000018   Data           4  can.o(.data)
    .data                                    0x2000001c   Section        8  crc.o(.data)
    .data                                    0x20000024   Section       12  stm32f4xx_hal.o(.data)
    .data                                    0x20000030   Section        4  system_stm32f4xx.o(.data)
    .data                                    0x20000034   Section       60  tasks.o(.data)
    uxDeletedTasksWaitingCleanUp             0x20000038   Data           4  tasks.o(.data)
    uxCurrentNumberOfTasks                   0x2000003c   Data           4  tasks.o(.data)
    xTickCount                               0x20000040   Data           4  tasks.o(.data)
    uxTopReadyPriority                       0x20000044   Data           4  tasks.o(.data)
    xSchedulerRunning                        0x20000048   Data           4  tasks.o(.data)
    xPendedTicks                             0x2000004c   Data           4  tasks.o(.data)
    xYieldPending                            0x20000050   Data           4  tasks.o(.data)
    xNumOfOverflows                          0x20000054   Data           4  tasks.o(.data)
    uxTaskNumber                             0x20000058   Data           4  tasks.o(.data)
    xNextTaskUnblockTime                     0x2000005c   Data           4  tasks.o(.data)
    xIdleTaskHandle                          0x20000060   Data           4  tasks.o(.data)
    uxSchedulerSuspended                     0x20000064   Data           4  tasks.o(.data)
    pxDelayedTaskList                        0x20000068   Data           4  tasks.o(.data)
    pxOverflowDelayedTaskList                0x2000006c   Data           4  tasks.o(.data)
    .data                                    0x20000070   Section       20  timers.o(.data)
    xTimerQueue                              0x20000070   Data           4  timers.o(.data)
    xTimerTaskHandle                         0x20000074   Data           4  timers.o(.data)
    xLastTime                                0x20000078   Data           4  timers.o(.data)
    pxCurrentTimerList                       0x2000007c   Data           4  timers.o(.data)
    pxOverflowTimerList                      0x20000080   Data           4  timers.o(.data)
    .data                                    0x20000084   Section       32  heap_4.o(.data)
    pxEnd                                    0x20000084   Data           4  heap_4.o(.data)
    xFreeBytesRemaining                      0x20000088   Data           4  heap_4.o(.data)
    xMinimumEverFreeBytesRemaining           0x2000008c   Data           4  heap_4.o(.data)
    xNumberOfSuccessfulAllocations           0x20000090   Data           4  heap_4.o(.data)
    xNumberOfSuccessfulFrees                 0x20000094   Data           4  heap_4.o(.data)
    xBlockAllocatedBit                       0x20000098   Data           4  heap_4.o(.data)
    xStart                                   0x2000009c   Data           8  heap_4.o(.data)
    .data                                    0x200000a4   Section       12  port.o(.data)
    ucMaxSysCallPriority                     0x200000a4   Data           1  port.o(.data)
    uxCriticalNesting                        0x200000a8   Data           4  port.o(.data)
    ulMaxPRIGROUPValue                       0x200000ac   Data           4  port.o(.data)
    .data                                    0x200000b0   Section        4  errno.o(.data)
    _errno                                   0x200000b0   Data           4  errno.o(.data)
    .bss                                     0x200000b4   Section     1704  freertos.o(.bss)
    xIdleTaskTCBBuffer                       0x200000b4   Data          84  freertos.o(.bss)
    xIdleStack                               0x20000108   Data         512  freertos.o(.bss)
    xTimerTaskTCBBuffer                      0x20000308   Data          84  freertos.o(.bss)
    xTimerStack                              0x2000035c   Data        1024  freertos.o(.bss)
    .bss                                     0x2000075c   Section      128  can.o(.bss)
    .bss                                     0x200007dc   Section       32  rtc.o(.bss)
    .bss                                     0x200007fc   Section       68  usart.o(.bss)
    .bss                                     0x20000840   Section      800  control.o(.bss)
    .bss                                     0x20000b60   Section      112  control.o(.bss)
    .bss                                     0x20000bd0   Section      352  admittance_control.o(.bss)
    .bss                                     0x20000d30   Section      112  impedance_control.o(.bss)
    .bss                                     0x20000da0   Section       64  queue.o(.bss)
    .bss                                     0x20000de0   Section      240  tasks.o(.bss)
    pxReadyTasksLists                        0x20000de0   Data         140  tasks.o(.bss)
    xDelayedTaskList1                        0x20000e6c   Data          20  tasks.o(.bss)
    xDelayedTaskList2                        0x20000e80   Data          20  tasks.o(.bss)
    xPendingReadyList                        0x20000e94   Data          20  tasks.o(.bss)
    xTasksWaitingTermination                 0x20000ea8   Data          20  tasks.o(.bss)
    xSuspendedTaskList                       0x20000ebc   Data          20  tasks.o(.bss)
    .bss                                     0x20000ed0   Section      232  timers.o(.bss)
    xStaticTimerQueue                        0x20000ed0   Data          72  timers.o(.bss)
    ucStaticTimerQueueStorage                0x20000f18   Data         120  timers.o(.bss)
    xActiveTimerList1                        0x20000f90   Data          20  timers.o(.bss)
    xActiveTimerList2                        0x20000fa4   Data          20  timers.o(.bss)
    .bss                                     0x20000fb8   Section    15360  heap_4.o(.bss)
    ucHeap                                   0x20000fb8   Data       15360  heap_4.o(.bss)
    STACK                                    0x20004bb8   Section     1024  startup_stm32f427xx.o(STACK)

    Global Symbols

    Symbol Name                              Value     Ov Type        Size  Object(Section)

    BuildAttributes$$THM_ISAv4$E$P$D$K$B$S$7EM$VFPi3$EXTD16$VFPS$VFMA$PE$A:L22UL41UL21$X:L11$S22US41US21$IEEE1$IW$USESV6$~STKCKD$USESV7$~SHL$OTIME$ROPI$IEEEX$EBA8$MICROLIB$REQ8$PRES8$EABIv2 0x00000000   Number         0  anon$$obj.o ABSOLUTE
    __ARM_use_no_argv                        0x00000000   Number         0  main.o ABSOLUTE
    _printf_a                                0x00000000   Number         0  stubs.o ABSOLUTE
    _printf_c                                0x00000000   Number         0  stubs.o ABSOLUTE
    _printf_charcount                        0x00000000   Number         0  stubs.o ABSOLUTE
    _printf_d                                0x00000000   Number         0  stubs.o ABSOLUTE
    _printf_e                                0x00000000   Number         0  stubs.o ABSOLUTE
    _printf_f                                0x00000000   Number         0  stubs.o ABSOLUTE
    _printf_flags                            0x00000000   Number         0  stubs.o ABSOLUTE
    _printf_fp_dec                           0x00000000   Number         0  stubs.o ABSOLUTE
    _printf_fp_hex                           0x00000000   Number         0  stubs.o ABSOLUTE
    _printf_g                                0x00000000   Number         0  stubs.o ABSOLUTE
    _printf_i                                0x00000000   Number         0  stubs.o ABSOLUTE
    _printf_int_dec                          0x00000000   Number         0  stubs.o ABSOLUTE
    _printf_l                                0x00000000   Number         0  stubs.o ABSOLUTE
    _printf_lc                               0x00000000   Number         0  stubs.o ABSOLUTE
    _printf_ll                               0x00000000   Number         0  stubs.o ABSOLUTE
    _printf_lld                              0x00000000   Number         0  stubs.o ABSOLUTE
    _printf_lli                              0x00000000   Number         0  stubs.o ABSOLUTE
    _printf_llo                              0x00000000   Number         0  stubs.o ABSOLUTE
    _printf_llu                              0x00000000   Number         0  stubs.o ABSOLUTE
    _printf_llx                              0x00000000   Number         0  stubs.o ABSOLUTE
    _printf_longlong_dec                     0x00000000   Number         0  stubs.o ABSOLUTE
    _printf_longlong_hex                     0x00000000   Number         0  stubs.o ABSOLUTE
    _printf_longlong_oct                     0x00000000   Number         0  stubs.o ABSOLUTE
    _printf_ls                               0x00000000   Number         0  stubs.o ABSOLUTE
    _printf_mbtowc                           0x00000000   Number         0  stubs.o ABSOLUTE
    _printf_n                                0x00000000   Number         0  stubs.o ABSOLUTE
    _printf_o                                0x00000000   Number         0  stubs.o ABSOLUTE
    _printf_p                                0x00000000   Number         0  stubs.o ABSOLUTE
    _printf_percent                          0x00000000   Number         0  stubs.o ABSOLUTE
    _printf_pre_padding                      0x00000000   Number         0  stubs.o ABSOLUTE
    _printf_return_value                     0x00000000   Number         0  stubs.o ABSOLUTE
    _printf_s                                0x00000000   Number         0  stubs.o ABSOLUTE
    _printf_sizespec                         0x00000000   Number         0  stubs.o ABSOLUTE
    _printf_str                              0x00000000   Number         0  stubs.o ABSOLUTE
    _printf_truncate_signed                  0x00000000   Number         0  stubs.o ABSOLUTE
    _printf_truncate_unsigned                0x00000000   Number         0  stubs.o ABSOLUTE
    _printf_u                                0x00000000   Number         0  stubs.o ABSOLUTE
    _printf_wc                               0x00000000   Number         0  stubs.o ABSOLUTE
    _printf_wctomb                           0x00000000   Number         0  stubs.o ABSOLUTE
    _printf_widthprec                        0x00000000   Number         0  stubs.o ABSOLUTE
    _printf_x                                0x00000000   Number         0  stubs.o ABSOLUTE
    __cpp_initialize__aeabi_                  - Undefined Weak Reference
    __cxa_finalize                            - Undefined Weak Reference
    __decompress                              - Undefined Weak Reference
    _clock_init                               - Undefined Weak Reference
    _microlib_exit                            - Undefined Weak Reference
    __Vectors_Size                           0x000001ac   Number         0  startup_stm32f427xx.o ABSOLUTE
    __Vectors                                0x08000000   Data           4  startup_stm32f427xx.o(RESET)
    __Vectors_End                            0x080001ac   Data           0  startup_stm32f427xx.o(RESET)
    __main                                   0x080001ad   Thumb Code     0  entry.o(.ARM.Collect$$$$00000000)
    _main_stk                                0x080001ad   Thumb Code     0  entry2.o(.ARM.Collect$$$$00000001)
    _main_scatterload                        0x080001b1   Thumb Code     0  entry5.o(.ARM.Collect$$$$00000004)
    __main_after_scatterload                 0x080001b5   Thumb Code     0  entry5.o(.ARM.Collect$$$$00000004)
    _main_clock                              0x080001b5   Thumb Code     0  entry7b.o(.ARM.Collect$$$$00000008)
    _main_cpp_init                           0x080001b5   Thumb Code     0  entry8b.o(.ARM.Collect$$$$0000000A)
    _main_init                               0x080001b5   Thumb Code     0  entry9a.o(.ARM.Collect$$$$0000000B)
    __rt_final_cpp                           0x080001bd   Thumb Code     0  entry10a.o(.ARM.Collect$$$$0000000D)
    __rt_final_exit                          0x080001bd   Thumb Code     0  entry11a.o(.ARM.Collect$$$$0000000F)
    SVC_Handler                              0x080001c1   Thumb Code    28  port.o(.emb_text)
    __asm___6_port_c_39a90d8d__prvStartFirstTask 0x080001e1   Thumb Code    36  port.o(.emb_text)
    __asm___6_port_c_39a90d8d__prvEnableVFP  0x08000209   Thumb Code    16  port.o(.emb_text)
    PendSV_Handler                           0x0800021d   Thumb Code    88  port.o(.emb_text)
    vPortGetIPSR                             0x08000279   Thumb Code     6  port.o(.emb_text)
    Reset_Handler                            0x08000281   Thumb Code     8  startup_stm32f427xx.o(.text)
    ADC_IRQHandler                           0x0800029b   Thumb Code     0  startup_stm32f427xx.o(.text)
    CAN1_RX1_IRQHandler                      0x0800029b   Thumb Code     0  startup_stm32f427xx.o(.text)
    CAN1_SCE_IRQHandler                      0x0800029b   Thumb Code     0  startup_stm32f427xx.o(.text)
    CAN1_TX_IRQHandler                       0x0800029b   Thumb Code     0  startup_stm32f427xx.o(.text)
    CAN2_RX1_IRQHandler                      0x0800029b   Thumb Code     0  startup_stm32f427xx.o(.text)
    CAN2_SCE_IRQHandler                      0x0800029b   Thumb Code     0  startup_stm32f427xx.o(.text)
    CAN2_TX_IRQHandler                       0x0800029b   Thumb Code     0  startup_stm32f427xx.o(.text)
    DCMI_IRQHandler                          0x0800029b   Thumb Code     0  startup_stm32f427xx.o(.text)
    DMA1_Stream0_IRQHandler                  0x0800029b   Thumb Code     0  startup_stm32f427xx.o(.text)
    DMA1_Stream1_IRQHandler                  0x0800029b   Thumb Code     0  startup_stm32f427xx.o(.text)
    DMA1_Stream2_IRQHandler                  0x0800029b   Thumb Code     0  startup_stm32f427xx.o(.text)
    DMA1_Stream3_IRQHandler                  0x0800029b   Thumb Code     0  startup_stm32f427xx.o(.text)
    DMA1_Stream4_IRQHandler                  0x0800029b   Thumb Code     0  startup_stm32f427xx.o(.text)
    DMA1_Stream5_IRQHandler                  0x0800029b   Thumb Code     0  startup_stm32f427xx.o(.text)
    DMA1_Stream6_IRQHandler                  0x0800029b   Thumb Code     0  startup_stm32f427xx.o(.text)
    DMA1_Stream7_IRQHandler                  0x0800029b   Thumb Code     0  startup_stm32f427xx.o(.text)
    DMA2D_IRQHandler                         0x0800029b   Thumb Code     0  startup_stm32f427xx.o(.text)
    DMA2_Stream0_IRQHandler                  0x0800029b   Thumb Code     0  startup_stm32f427xx.o(.text)
    DMA2_Stream1_IRQHandler                  0x0800029b   Thumb Code     0  startup_stm32f427xx.o(.text)
    DMA2_Stream2_IRQHandler                  0x0800029b   Thumb Code     0  startup_stm32f427xx.o(.text)
    DMA2_Stream3_IRQHandler                  0x0800029b   Thumb Code     0  startup_stm32f427xx.o(.text)
    DMA2_Stream4_IRQHandler                  0x0800029b   Thumb Code     0  startup_stm32f427xx.o(.text)
    DMA2_Stream5_IRQHandler                  0x0800029b   Thumb Code     0  startup_stm32f427xx.o(.text)
    DMA2_Stream6_IRQHandler                  0x0800029b   Thumb Code     0  startup_stm32f427xx.o(.text)
    DMA2_Stream7_IRQHandler                  0x0800029b   Thumb Code     0  startup_stm32f427xx.o(.text)
    ETH_IRQHandler                           0x0800029b   Thumb Code     0  startup_stm32f427xx.o(.text)
    ETH_WKUP_IRQHandler                      0x0800029b   Thumb Code     0  startup_stm32f427xx.o(.text)
    EXTI0_IRQHandler                         0x0800029b   Thumb Code     0  startup_stm32f427xx.o(.text)
    EXTI15_10_IRQHandler                     0x0800029b   Thumb Code     0  startup_stm32f427xx.o(.text)
    EXTI1_IRQHandler                         0x0800029b   Thumb Code     0  startup_stm32f427xx.o(.text)
    EXTI2_IRQHandler                         0x0800029b   Thumb Code     0  startup_stm32f427xx.o(.text)
    EXTI3_IRQHandler                         0x0800029b   Thumb Code     0  startup_stm32f427xx.o(.text)
    EXTI4_IRQHandler                         0x0800029b   Thumb Code     0  startup_stm32f427xx.o(.text)
    EXTI9_5_IRQHandler                       0x0800029b   Thumb Code     0  startup_stm32f427xx.o(.text)
    FLASH_IRQHandler                         0x0800029b   Thumb Code     0  startup_stm32f427xx.o(.text)
    FMC_IRQHandler                           0x0800029b   Thumb Code     0  startup_stm32f427xx.o(.text)
    FPU_IRQHandler                           0x0800029b   Thumb Code     0  startup_stm32f427xx.o(.text)
    HASH_RNG_IRQHandler                      0x0800029b   Thumb Code     0  startup_stm32f427xx.o(.text)
    I2C1_ER_IRQHandler                       0x0800029b   Thumb Code     0  startup_stm32f427xx.o(.text)
    I2C1_EV_IRQHandler                       0x0800029b   Thumb Code     0  startup_stm32f427xx.o(.text)
    I2C2_ER_IRQHandler                       0x0800029b   Thumb Code     0  startup_stm32f427xx.o(.text)
    I2C2_EV_IRQHandler                       0x0800029b   Thumb Code     0  startup_stm32f427xx.o(.text)
    I2C3_ER_IRQHandler                       0x0800029b   Thumb Code     0  startup_stm32f427xx.o(.text)
    I2C3_EV_IRQHandler                       0x0800029b   Thumb Code     0  startup_stm32f427xx.o(.text)
    OTG_FS_IRQHandler                        0x0800029b   Thumb Code     0  startup_stm32f427xx.o(.text)
    OTG_FS_WKUP_IRQHandler                   0x0800029b   Thumb Code     0  startup_stm32f427xx.o(.text)
    OTG_HS_EP1_IN_IRQHandler                 0x0800029b   Thumb Code     0  startup_stm32f427xx.o(.text)
    OTG_HS_EP1_OUT_IRQHandler                0x0800029b   Thumb Code     0  startup_stm32f427xx.o(.text)
    OTG_HS_IRQHandler                        0x0800029b   Thumb Code     0  startup_stm32f427xx.o(.text)
    OTG_HS_WKUP_IRQHandler                   0x0800029b   Thumb Code     0  startup_stm32f427xx.o(.text)
    PVD_IRQHandler                           0x0800029b   Thumb Code     0  startup_stm32f427xx.o(.text)
    RCC_IRQHandler                           0x0800029b   Thumb Code     0  startup_stm32f427xx.o(.text)
    RTC_Alarm_IRQHandler                     0x0800029b   Thumb Code     0  startup_stm32f427xx.o(.text)
    RTC_WKUP_IRQHandler                      0x0800029b   Thumb Code     0  startup_stm32f427xx.o(.text)
    SAI1_IRQHandler                          0x0800029b   Thumb Code     0  startup_stm32f427xx.o(.text)
    SDIO_IRQHandler                          0x0800029b   Thumb Code     0  startup_stm32f427xx.o(.text)
    SPI1_IRQHandler                          0x0800029b   Thumb Code     0  startup_stm32f427xx.o(.text)
    SPI2_IRQHandler                          0x0800029b   Thumb Code     0  startup_stm32f427xx.o(.text)
    SPI3_IRQHandler                          0x0800029b   Thumb Code     0  startup_stm32f427xx.o(.text)
    SPI4_IRQHandler                          0x0800029b   Thumb Code     0  startup_stm32f427xx.o(.text)
    SPI5_IRQHandler                          0x0800029b   Thumb Code     0  startup_stm32f427xx.o(.text)
    SPI6_IRQHandler                          0x0800029b   Thumb Code     0  startup_stm32f427xx.o(.text)
    TAMP_STAMP_IRQHandler                    0x0800029b   Thumb Code     0  startup_stm32f427xx.o(.text)
    TIM1_BRK_TIM9_IRQHandler                 0x0800029b   Thumb Code     0  startup_stm32f427xx.o(.text)
    TIM1_CC_IRQHandler                       0x0800029b   Thumb Code     0  startup_stm32f427xx.o(.text)
    TIM1_TRG_COM_TIM11_IRQHandler            0x0800029b   Thumb Code     0  startup_stm32f427xx.o(.text)
    TIM1_UP_TIM10_IRQHandler                 0x0800029b   Thumb Code     0  startup_stm32f427xx.o(.text)
    TIM2_IRQHandler                          0x0800029b   Thumb Code     0  startup_stm32f427xx.o(.text)
    TIM3_IRQHandler                          0x0800029b   Thumb Code     0  startup_stm32f427xx.o(.text)
    TIM4_IRQHandler                          0x0800029b   Thumb Code     0  startup_stm32f427xx.o(.text)
    TIM5_IRQHandler                          0x0800029b   Thumb Code     0  startup_stm32f427xx.o(.text)
    TIM6_DAC_IRQHandler                      0x0800029b   Thumb Code     0  startup_stm32f427xx.o(.text)
    TIM7_IRQHandler                          0x0800029b   Thumb Code     0  startup_stm32f427xx.o(.text)
    TIM8_BRK_TIM12_IRQHandler                0x0800029b   Thumb Code     0  startup_stm32f427xx.o(.text)
    TIM8_CC_IRQHandler                       0x0800029b   Thumb Code     0  startup_stm32f427xx.o(.text)
    TIM8_TRG_COM_TIM14_IRQHandler            0x0800029b   Thumb Code     0  startup_stm32f427xx.o(.text)
    TIM8_UP_TIM13_IRQHandler                 0x0800029b   Thumb Code     0  startup_stm32f427xx.o(.text)
    UART4_IRQHandler                         0x0800029b   Thumb Code     0  startup_stm32f427xx.o(.text)
    UART5_IRQHandler                         0x0800029b   Thumb Code     0  startup_stm32f427xx.o(.text)
    UART7_IRQHandler                         0x0800029b   Thumb Code     0  startup_stm32f427xx.o(.text)
    UART8_IRQHandler                         0x0800029b   Thumb Code     0  startup_stm32f427xx.o(.text)
    USART1_IRQHandler                        0x0800029b   Thumb Code     0  startup_stm32f427xx.o(.text)
    USART2_IRQHandler                        0x0800029b   Thumb Code     0  startup_stm32f427xx.o(.text)
    USART3_IRQHandler                        0x0800029b   Thumb Code     0  startup_stm32f427xx.o(.text)
    WWDG_IRQHandler                          0x0800029b   Thumb Code     0  startup_stm32f427xx.o(.text)
    __aeabi_uldivmod                         0x080002a5   Thumb Code    98  uldiv.o(.text)
    __aeabi_memcpy                           0x08000307   Thumb Code    36  memcpya.o(.text)
    __aeabi_memcpy4                          0x08000307   Thumb Code     0  memcpya.o(.text)
    __aeabi_memcpy8                          0x08000307   Thumb Code     0  memcpya.o(.text)
    __aeabi_memset                           0x0800032b   Thumb Code    14  memseta.o(.text)
    __aeabi_memset4                          0x0800032b   Thumb Code     0  memseta.o(.text)
    __aeabi_memset8                          0x0800032b   Thumb Code     0  memseta.o(.text)
    __aeabi_memclr                           0x08000339   Thumb Code     4  memseta.o(.text)
    __aeabi_memclr4                          0x08000339   Thumb Code     0  memseta.o(.text)
    __aeabi_memclr8                          0x08000339   Thumb Code     0  memseta.o(.text)
    memset                                   0x0800033d   Thumb Code    18  memseta.o(.text)
    __aeabi_dadd                             0x0800034f   Thumb Code   322  dadd.o(.text)
    __aeabi_dsub                             0x08000491   Thumb Code     6  dadd.o(.text)
    __aeabi_drsub                            0x08000497   Thumb Code     6  dadd.o(.text)
    __aeabi_dmul                             0x0800049d   Thumb Code   228  dmul.o(.text)
    __aeabi_ddiv                             0x08000581   Thumb Code   222  ddiv.o(.text)
    __aeabi_i2d                              0x0800065f   Thumb Code    34  dflti.o(.text)
    __aeabi_d2f                              0x08000681   Thumb Code    56  d2f.o(.text)
    __aeabi_llsl                             0x080006b9   Thumb Code    30  llshl.o(.text)
    _ll_shift_l                              0x080006b9   Thumb Code     0  llshl.o(.text)
    __aeabi_llsr                             0x080006d7   Thumb Code    32  llushr.o(.text)
    _ll_ushift_r                             0x080006d7   Thumb Code     0  llushr.o(.text)
    __aeabi_lasr                             0x080006f7   Thumb Code    36  llsshr.o(.text)
    _ll_sshift_r                             0x080006f7   Thumb Code     0  llsshr.o(.text)
    __strtod_int                             0x08000753   Thumb Code    90  strtod.o(.text)
    __I$use$fp                               0x080007b9   Thumb Code     0  iusefp.o(.text)
    _float_round                             0x080007b9   Thumb Code    18  fepilogue.o(.text)
    _float_epilogue                          0x080007cb   Thumb Code    92  fepilogue.o(.text)
    _double_round                            0x08000827   Thumb Code    30  depilogue.o(.text)
    _double_epilogue                         0x08000845   Thumb Code   156  depilogue.o(.text)
    __scatterload                            0x080008e1   Thumb Code    28  init.o(.text)
    __scatterload_rt2                        0x080008e1   Thumb Code     0  init.o(.text)
    isspace                                  0x08000905   Thumb Code    10  isspace_c.o(.text)
    _scanf_real                              0x08000a11   Thumb Code     0  scanf_fp.o(.text)
    _scanf_really_real                       0x08000a11   Thumb Code   556  scanf_fp.o(.text)
    _sgetc                                   0x08000c49   Thumb Code    30  _sgetc.o(.text)
    _sbackspace                              0x08000c67   Thumb Code    34  _sgetc.o(.text)
    __aeabi_ui2d                             0x08000c89   Thumb Code    26  dfltui.o(.text)
    __aeabi_d2iz                             0x08000ca3   Thumb Code    62  dfixi.o(.text)
    __ctype_lookup                           0x08000ce1   Thumb Code    34  ctype_c.o(.text)
    __aeabi_ul2d                             0x08000d09   Thumb Code    24  dfltul.o(.text)
    ACTask02                                 0x08000d21   Thumb Code    18  freertos.o(i.ACTask02)
    Admittance2joint                         0x08000d35   Thumb Code    26  admittance_control.o(i.Admittance2joint)
    Admittance_Compute                       0x08000d55   Thumb Code    82  admittance_control.o(i.Admittance_Compute)
    Admittance_init                          0x08000da9   Thumb Code    80  admittance_control.o(i.Admittance_init)
    Admittance_pc_set                        0x08000e01   Thumb Code   152  admittance_control.o(i.Admittance_pc_set)
    BusFault_Handler                         0x08000e99   Thumb Code     2  stm32f4xx_it.o(i.BusFault_Handler)
    CAN1_RX0_IRQHandler                      0x08000e9d   Thumb Code     6  stm32f4xx_it.o(i.CAN1_RX0_IRQHandler)
    CAN2_RX0_IRQHandler                      0x08000ea9   Thumb Code     6  stm32f4xx_it.o(i.CAN2_RX0_IRQHandler)
    CAN_Send_Msg                             0x08000eb5   Thumb Code    40  cansend.o(i.CAN_Send_Msg)
    DebugMon_Handler                         0x08000edd   Thumb Code     2  stm32f4xx_it.o(i.DebugMon_Handler)
    EnterMotorMode                           0x08000ee1   Thumb Code    36  cansend.o(i.EnterMotorMode)
    Error_Handler                            0x08000f15   Thumb Code     4  main.o(i.Error_Handler)
    FILT_init                                0x08000f19   Thumb Code    18  filt.o(i.FILT_init)
    HAL_CAN_ActivateNotification             0x08000f31   Thumb Code    36  stm32f4xx_hal_can.o(i.HAL_CAN_ActivateNotification)
    HAL_CAN_AddTxMessage                     0x08000f55   Thumb Code   200  stm32f4xx_hal_can.o(i.HAL_CAN_AddTxMessage)
    HAL_CAN_ConfigFilter                     0x0800101d   Thumb Code   262  stm32f4xx_hal_can.o(i.HAL_CAN_ConfigFilter)
    HAL_CAN_ErrorCallback                    0x08001129   Thumb Code     2  stm32f4xx_hal_can.o(i.HAL_CAN_ErrorCallback)
    HAL_CAN_GetRxMessage                     0x0800112b   Thumb Code   232  stm32f4xx_hal_can.o(i.HAL_CAN_GetRxMessage)
    HAL_CAN_IRQHandler                       0x08001213   Thumb Code   508  stm32f4xx_hal_can.o(i.HAL_CAN_IRQHandler)
    HAL_CAN_Init                             0x0800140f   Thumb Code   282  stm32f4xx_hal_can.o(i.HAL_CAN_Init)
    HAL_CAN_MspInit                          0x08001529   Thumb Code   228  can.o(i.HAL_CAN_MspInit)
    HAL_CAN_RxFifo0FullCallback              0x08001625   Thumb Code     2  stm32f4xx_hal_can.o(i.HAL_CAN_RxFifo0FullCallback)
    HAL_CAN_RxFifo0MsgPendingCallback        0x08001629   Thumb Code   186  can.o(i.HAL_CAN_RxFifo0MsgPendingCallback)
    HAL_CAN_RxFifo1FullCallback              0x080016f1   Thumb Code     2  stm32f4xx_hal_can.o(i.HAL_CAN_RxFifo1FullCallback)
    HAL_CAN_RxFifo1MsgPendingCallback        0x080016f3   Thumb Code     2  stm32f4xx_hal_can.o(i.HAL_CAN_RxFifo1MsgPendingCallback)
    HAL_CAN_SleepCallback                    0x080016f5   Thumb Code     2  stm32f4xx_hal_can.o(i.HAL_CAN_SleepCallback)
    HAL_CAN_Start                            0x080016f9   Thumb Code    88  stm32f4xx_hal_can.o(i.HAL_CAN_Start)
    HAL_CAN_TxMailbox0AbortCallback          0x08001751   Thumb Code     2  stm32f4xx_hal_can.o(i.HAL_CAN_TxMailbox0AbortCallback)
    HAL_CAN_TxMailbox0CompleteCallback       0x08001753   Thumb Code     2  stm32f4xx_hal_can.o(i.HAL_CAN_TxMailbox0CompleteCallback)
    HAL_CAN_TxMailbox1AbortCallback          0x08001755   Thumb Code     2  stm32f4xx_hal_can.o(i.HAL_CAN_TxMailbox1AbortCallback)
    HAL_CAN_TxMailbox1CompleteCallback       0x08001757   Thumb Code     2  stm32f4xx_hal_can.o(i.HAL_CAN_TxMailbox1CompleteCallback)
    HAL_CAN_TxMailbox2AbortCallback          0x08001759   Thumb Code     2  stm32f4xx_hal_can.o(i.HAL_CAN_TxMailbox2AbortCallback)
    HAL_CAN_TxMailbox2CompleteCallback       0x0800175b   Thumb Code     2  stm32f4xx_hal_can.o(i.HAL_CAN_TxMailbox2CompleteCallback)
    HAL_CAN_WakeUpFromRxMsgCallback          0x0800175d   Thumb Code     2  stm32f4xx_hal_can.o(i.HAL_CAN_WakeUpFromRxMsgCallback)
    HAL_CRC_Init                             0x0800175f   Thumb Code    34  stm32f4xx_hal_crc.o(i.HAL_CRC_Init)
    HAL_CRC_MspInit                          0x08001781   Thumb Code    30  crc.o(i.HAL_CRC_MspInit)
    HAL_DMA_Abort                            0x080017a9   Thumb Code   146  stm32f4xx_hal_dma.o(i.HAL_DMA_Abort)
    HAL_DMA_Abort_IT                         0x0800183b   Thumb Code    36  stm32f4xx_hal_dma.o(i.HAL_DMA_Abort_IT)
    HAL_Delay                                0x08001861   Thumb Code    32  stm32f4xx_hal.o(i.HAL_Delay)
    HAL_GPIO_Init                            0x08001885   Thumb Code   510  stm32f4xx_hal_gpio.o(i.HAL_GPIO_Init)
    HAL_GPIO_WritePin                        0x08001ab9   Thumb Code    10  stm32f4xx_hal_gpio.o(i.HAL_GPIO_WritePin)
    HAL_GetTick                              0x08001ac5   Thumb Code     6  stm32f4xx_hal.o(i.HAL_GetTick)
    HAL_IncTick                              0x08001ad1   Thumb Code    12  stm32f4xx_hal.o(i.HAL_IncTick)
    HAL_Init                                 0x08001ae1   Thumb Code    48  stm32f4xx_hal.o(i.HAL_Init)
    HAL_InitTick                             0x08001b15   Thumb Code    54  stm32f4xx_hal.o(i.HAL_InitTick)
    HAL_MspInit                              0x08001b55   Thumb Code    52  stm32f4xx_hal_msp.o(i.HAL_MspInit)
    HAL_NVIC_EnableIRQ                       0x08001b8d   Thumb Code    26  stm32f4xx_hal_cortex.o(i.HAL_NVIC_EnableIRQ)
    HAL_NVIC_SetPriority                     0x08001ba9   Thumb Code    60  stm32f4xx_hal_cortex.o(i.HAL_NVIC_SetPriority)
    HAL_NVIC_SetPriorityGrouping             0x08001be9   Thumb Code    26  stm32f4xx_hal_cortex.o(i.HAL_NVIC_SetPriorityGrouping)
    HAL_RCCEx_PeriphCLKConfig                0x08001c0d   Thumb Code   560  stm32f4xx_hal_rcc_ex.o(i.HAL_RCCEx_PeriphCLKConfig)
    HAL_RCC_ClockConfig                      0x08001e61   Thumb Code   288  stm32f4xx_hal_rcc.o(i.HAL_RCC_ClockConfig)
    HAL_RCC_GetPCLK1Freq                     0x08001f95   Thumb Code    20  stm32f4xx_hal_rcc.o(i.HAL_RCC_GetPCLK1Freq)
    HAL_RCC_GetPCLK2Freq                     0x08001fb5   Thumb Code    20  stm32f4xx_hal_rcc.o(i.HAL_RCC_GetPCLK2Freq)
    HAL_RCC_GetSysClockFreq                  0x08001fd5   Thumb Code    88  stm32f4xx_hal_rcc.o(i.HAL_RCC_GetSysClockFreq)
    HAL_RCC_OscConfig                        0x08002039   Thumb Code   856  stm32f4xx_hal_rcc.o(i.HAL_RCC_OscConfig)
    HAL_RTC_Init                             0x080023a5   Thumb Code   136  stm32f4xx_hal_rtc.o(i.HAL_RTC_Init)
    HAL_RTC_MspInit                          0x08002431   Thumb Code    52  rtc.o(i.HAL_RTC_MspInit)
    HAL_RTC_WaitForSynchro                   0x0800246d   Thumb Code    54  stm32f4xx_hal_rtc.o(i.HAL_RTC_WaitForSynchro)
    HAL_SYSTICK_Config                       0x080024a3   Thumb Code    40  stm32f4xx_hal_cortex.o(i.HAL_SYSTICK_Config)
    HAL_UARTEx_RxEventCallback               0x080024cb   Thumb Code     2  stm32f4xx_hal_uart.o(i.HAL_UARTEx_RxEventCallback)
    HAL_UART_ErrorCallback                   0x080024cd   Thumb Code     2  stm32f4xx_hal_uart.o(i.HAL_UART_ErrorCallback)
    HAL_UART_IRQHandler                      0x080024d1   Thumb Code   610  stm32f4xx_hal_uart.o(i.HAL_UART_IRQHandler)
    HAL_UART_Init                            0x08002739   Thumb Code    98  stm32f4xx_hal_uart.o(i.HAL_UART_Init)
    HAL_UART_MspInit                         0x0800279d   Thumb Code   110  usart.o(i.HAL_UART_MspInit)
    HAL_UART_Receive_IT                      0x08002819   Thumb Code    42  stm32f4xx_hal_uart.o(i.HAL_UART_Receive_IT)
    HAL_UART_RxCpltCallback                  0x08002845   Thumb Code    34  usart.o(i.HAL_UART_RxCpltCallback)
    HAL_UART_Transmit                        0x08002879   Thumb Code   178  stm32f4xx_hal_uart.o(i.HAL_UART_Transmit)
    HAL_UART_TxCpltCallback                  0x0800292b   Thumb Code     2  stm32f4xx_hal_uart.o(i.HAL_UART_TxCpltCallback)
    HardFault_Handler                        0x0800292d   Thumb Code     2  stm32f4xx_it.o(i.HardFault_Handler)
    ImpedanceCtrl_Init                       0x0800292f   Thumb Code    16  impedance_control.o(i.ImpedanceCtrl_Init)
    Kalman_Init                              0x08002941   Thumb Code    24  filt.o(i.Kalman_Init)
    Kalman_Predict                           0x0800295d   Thumb Code    70  filt.o(i.Kalman_Predict)
    MX_CAN1_Init                             0x080029a5   Thumb Code    78  can.o(i.MX_CAN1_Init)
    MX_CAN2_Init                             0x080029fd   Thumb Code    78  can.o(i.MX_CAN2_Init)
    MX_CRC_Init                              0x08002a55   Thumb Code    28  crc.o(i.MX_CRC_Init)
    MX_FREERTOS_Init                         0x08002a79   Thumb Code    74  freertos.o(i.MX_FREERTOS_Init)
    MX_GPIO_Init                             0x08002acd   Thumb Code   274  gpio.o(i.MX_GPIO_Init)
    MX_RTC_Init                              0x08002bf9   Thumb Code    44  rtc.o(i.MX_RTC_Init)
    MX_USART6_UART_Init                      0x08002c2d   Thumb Code    48  usart.o(i.MX_USART6_UART_Init)
    MemManage_Handler                        0x08002c65   Thumb Code     2  stm32f4xx_it.o(i.MemManage_Handler)
    NMI_Handler                              0x08002c67   Thumb Code     2  stm32f4xx_it.o(i.NMI_Handler)
    RTC_EnterInitMode                        0x08002c69   Thumb Code    72  stm32f4xx_hal_rtc.o(i.RTC_EnterInitMode)
    RTC_ExitInitMode                         0x08002cb1   Thumb Code    42  stm32f4xx_hal_rtc.o(i.RTC_ExitInitMode)
    Receive_pc_debug                         0x08002cdb   Thumb Code    90  calculate.o(i.Receive_pc_debug)
    SendPCTask                               0x08002d35   Thumb Code    18  freertos.o(i.SendPCTask)
    SysTick_Handler                          0x08002d47   Thumb Code    24  stm32f4xx_it.o(i.SysTick_Handler)
    SystemClock_Config                       0x08002d61   Thumb Code   146  main.o(i.SystemClock_Config)
    SystemInit                               0x08002dfd   Thumb Code    12  system_stm32f4xx.o(i.SystemInit)
    UART_SendByte                            0x08002f2d   Thumb Code    16  tcpsend.o(i.UART_SendByte)
    UART_Start_Receive_IT                    0x0800304d   Thumb Code    58  stm32f4xx_hal_uart.o(i.UART_Start_Receive_IT)
    USART6_IRQHandler                        0x08003101   Thumb Code     6  stm32f4xx_it.o(i.USART6_IRQHandler)
    UsageFault_Handler                       0x0800310d   Thumb Code     2  stm32f4xx_it.o(i.UsageFault_Handler)
    __ARM_fpclassify                         0x0800310f   Thumb Code    48  fpclassify.o(i.__ARM_fpclassify)
    __ARM_fpclassifyf                        0x0800313f   Thumb Code    38  fpclassifyf.o(i.__ARM_fpclassifyf)
    __hardfp_atof                            0x08003189   Thumb Code    44  atof.o(i.__hardfp_atof)
    __hardfp_cos                             0x080031c1   Thumb Code   180  cos.o(i.__hardfp_cos)
    __hardfp_cosf                            0x08003289   Thumb Code   280  cosf.o(i.__hardfp_cosf)
    __hardfp_fmaxf                           0x080033d9   Thumb Code    16  cansend.o(i.__hardfp_fmaxf)
    __hardfp_fminf                           0x080033e9   Thumb Code    16  cansend.o(i.__hardfp_fminf)
    __hardfp_sin                             0x080033f9   Thumb Code   180  sin.o(i.__hardfp_sin)
    __hardfp_sinf                            0x080034c1   Thumb Code   344  sinf.o(i.__hardfp_sinf)
    __ieee754_rem_pio2                       0x08003651   Thumb Code   938  rred.o(i.__ieee754_rem_pio2)
    __kernel_cos                             0x08003a89   Thumb Code   322  cos_i.o(i.__kernel_cos)
    __kernel_poly                            0x08003bf9   Thumb Code   248  poly.o(i.__kernel_poly)
    __kernel_sin                             0x08003cf1   Thumb Code   280  sin_i.o(i.__kernel_sin)
    __mathlib_dbl_infnan                     0x08003e21   Thumb Code    20  dunder.o(i.__mathlib_dbl_infnan)
    __mathlib_dbl_invalid                    0x08003e39   Thumb Code    24  dunder.o(i.__mathlib_dbl_invalid)
    __mathlib_dbl_underflow                  0x08003e59   Thumb Code    24  dunder.o(i.__mathlib_dbl_underflow)
    __mathlib_flt_infnan                     0x08003e79   Thumb Code     6  funder.o(i.__mathlib_flt_infnan)
    __mathlib_flt_invalid                    0x08003e81   Thumb Code    10  funder.o(i.__mathlib_flt_invalid)
    __mathlib_flt_underflow                  0x08003e91   Thumb Code    10  funder.o(i.__mathlib_flt_underflow)
    __mathlib_rredf2                         0x08003ea1   Thumb Code   316  rredf.o(i.__mathlib_rredf2)
    __read_errno                             0x08003ff5   Thumb Code     6  errno.o(i.__read_errno)
    __scatterload_copy                       0x08004001   Thumb Code    14  handlers.o(i.__scatterload_copy)
    __scatterload_null                       0x0800400f   Thumb Code     2  handlers.o(i.__scatterload_null)
    __scatterload_zeroinit                   0x08004011   Thumb Code    14  handlers.o(i.__scatterload_zeroinit)
    __set_errno                              0x08004021   Thumb Code     6  errno.o(i.__set_errno)
    _is_digit                                0x0800402d   Thumb Code    14  scanf_fp.o(i._is_digit)
    fabs                                     0x0800403b   Thumb Code    24  fabs.o(i.fabs)
    float_to_uint                            0x08004053   Thumb Code    40  cansend.o(i.float_to_uint)
    force_leg_pos                            0x0800407d   Thumb Code   300  freertos.o(i.force_leg_pos)
    joint_init                               0x080041f9   Thumb Code   134  control.o(i.joint_init)
    joint_pack                               0x0800428d   Thumb Code    70  tcpsend.o(i.joint_pack)
    joint_set                                0x080042d3   Thumb Code    18  control.o(i.joint_set)
    main                                     0x080042e5   Thumb Code   240  main.o(i.main)
    my_can_filter_init_recv_all              0x0800440d   Thumb Code    56  can.o(i.my_can_filter_init_recv_all)
    osKernelStart                            0x08004449   Thumb Code    10  cmsis_os.o(i.osKernelStart)
    osThreadCreate                           0x08004453   Thumb Code    84  cmsis_os.o(i.osThreadCreate)
    other_leg_pos                            0x080044a9   Thumb Code   156  freertos.o(i.other_leg_pos)
    pack_cmd                                 0x08004569   Thumb Code   276  cansend.o(i.pack_cmd)
    pc_debug                                 0x08004691   Thumb Code    10  main.o(i.pc_debug)
    pvPortMalloc                             0x08004e21   Thumb Code   216  heap_4.o(i.pvPortMalloc)
    pxPortInitialiseStack                    0x08004efd   Thumb Code    40  port.o(i.pxPortInitialiseStack)
    scheduleTask                             0x08004f29   Thumb Code   404  freertos.o(i.scheduleTask)
    sendData                                 0x080050ed   Thumb Code    50  tcpsend.o(i.sendData)
    uint_to_float                            0x0800511f   Thumb Code    40  cansend.o(i.uint_to_float)
    unpack_reply                             0x08005149   Thumb Code   102  cansend.o(i.unpack_reply)
    update_AdmittanceController              0x080051b9   Thumb Code    26  admittance_control.o(i.update_AdmittanceController)
    uxListRemove                             0x080051d3   Thumb Code    38  list.o(i.uxListRemove)
    vApplicationGetIdleTaskMemory            0x080051f9   Thumb Code    16  freertos.o(i.vApplicationGetIdleTaskMemory)
    vApplicationGetTimerTaskMemory           0x0800520d   Thumb Code    18  freertos.o(i.vApplicationGetTimerTaskMemory)
    vListInitialise                          0x08005225   Thumb Code    22  list.o(i.vListInitialise)
    vListInitialiseItem                      0x0800523b   Thumb Code     6  list.o(i.vListInitialiseItem)
    vListInsert                              0x08005241   Thumb Code    48  list.o(i.vListInsert)
    vListInsertEnd                           0x08005271   Thumb Code    24  list.o(i.vListInsertEnd)
    vPortEnterCritical                       0x08005289   Thumb Code    54  port.o(i.vPortEnterCritical)
    vPortExitCritical                        0x080052c9   Thumb Code    34  port.o(i.vPortExitCritical)
    vPortFree                                0x080052f1   Thumb Code    94  heap_4.o(i.vPortFree)
    vPortSetupTimerInterrupt                 0x08005355   Thumb Code    32  port.o(i.vPortSetupTimerInterrupt)
    vPortValidateInterruptPriority           0x08005379   Thumb Code    74  port.o(i.vPortValidateInterruptPriority)
    vQueueAddToRegistry                      0x080053cd   Thumb Code    34  queue.o(i.vQueueAddToRegistry)
    vQueueWaitForMessageRestricted           0x080053f5   Thumb Code    68  queue.o(i.vQueueWaitForMessageRestricted)
    vTaskDelayUntil                          0x08005439   Thumb Code   132  tasks.o(i.vTaskDelayUntil)
    vTaskInternalSetTimeOutState             0x080054c5   Thumb Code    12  tasks.o(i.vTaskInternalSetTimeOutState)
    vTaskMissedYield                         0x080054d5   Thumb Code     8  tasks.o(i.vTaskMissedYield)
    vTaskPlaceOnEventList                    0x080054e1   Thumb Code    44  tasks.o(i.vTaskPlaceOnEventList)
    vTaskPlaceOnEventListRestricted          0x08005511   Thumb Code    52  tasks.o(i.vTaskPlaceOnEventListRestricted)
    vTaskStartScheduler                      0x08005549   Thumb Code   118  tasks.o(i.vTaskStartScheduler)
    vTaskSuspendAll                          0x080055d1   Thumb Code    10  tasks.o(i.vTaskSuspendAll)
    vTaskSwitchContext                       0x080055e1   Thumb Code    82  tasks.o(i.vTaskSwitchContext)
    xPortStartScheduler                      0x0800563d   Thumb Code   222  port.o(i.xPortStartScheduler)
    xPortSysTickHandler                      0x08005731   Thumb Code    38  port.o(i.xPortSysTickHandler)
    xQueueGenericCreateStatic                0x0800575d   Thumb Code   102  queue.o(i.xQueueGenericCreateStatic)
    xQueueGenericReset                       0x080057c5   Thumb Code   132  queue.o(i.xQueueGenericReset)
    xQueueGenericSend                        0x0800584d   Thumb Code   346  queue.o(i.xQueueGenericSend)
    xQueueGenericSendFromISR                 0x080059ad   Thumb Code   190  queue.o(i.xQueueGenericSendFromISR)
    xQueueReceive                            0x08005a6d   Thumb Code   308  queue.o(i.xQueueReceive)
    xTaskCheckForTimeOut                     0x08005ba5   Thumb Code   112  tasks.o(i.xTaskCheckForTimeOut)
    xTaskCreate                              0x08005c19   Thumb Code    90  tasks.o(i.xTaskCreate)
    xTaskCreateStatic                        0x08005c73   Thumb Code    86  tasks.o(i.xTaskCreateStatic)
    xTaskGetSchedulerState                   0x08005cc9   Thumb Code    22  tasks.o(i.xTaskGetSchedulerState)
    xTaskGetTickCount                        0x08005ce5   Thumb Code     6  tasks.o(i.xTaskGetTickCount)
    xTaskIncrementTick                       0x08005cf1   Thumb Code   194  tasks.o(i.xTaskIncrementTick)
    xTaskPriorityDisinherit                  0x08005dbd   Thumb Code   144  tasks.o(i.xTaskPriorityDisinherit)
    xTaskRemoveFromEventList                 0x08005e55   Thumb Code   108  tasks.o(i.xTaskRemoveFromEventList)
    xTaskResumeAll                           0x08005ec9   Thumb Code   182  tasks.o(i.xTaskResumeAll)
    xTimerCreateTimerTask                    0x08005f8d   Thumb Code    78  timers.o(i.xTimerCreateTimerTask)
    xTimerGenericCommand                     0x08005fed   Thumb Code    92  timers.o(i.xTimerGenericCommand)
    AHBPrescTable                            0x080060a0   Data          16  system_stm32f4xx.o(.constdata)
    APBPrescTable                            0x080060b0   Data           8  system_stm32f4xx.o(.constdata)
    __ctype_categories                       0x080061f8   Data          64  ctype_c.o(.constdata)
    Region$$Table$$Base                      0x08006254   Number         0  anon$$obj.o(Region$$Table)
    Region$$Table$$Limit                     0x08006274   Number         0  anon$$obj.o(Region$$Table)
    control_flag                             0x20000000   Data           4  freertos.o(.data)
    SendPCHandle                             0x20000004   Data           4  freertos.o(.data)
    ACTaskHandle                             0x20000008   Data           4  freertos.o(.data)
    ScheduleHandle                           0x2000000c   Data           4  freertos.o(.data)
    n                                        0x20000010   Data           8  freertos.o(.data)
    hcrc                                     0x2000001c   Data           8  crc.o(.data)
    uwTickFreq                               0x20000024   Data           1  stm32f4xx_hal.o(.data)
    uwTickPrio                               0x20000028   Data           4  stm32f4xx_hal.o(.data)
    uwTick                                   0x2000002c   Data           4  stm32f4xx_hal.o(.data)
    SystemCoreClock                          0x20000030   Data           4  system_stm32f4xx.o(.data)
    pxCurrentTCB                             0x20000034   Data           4  tasks.o(.data)
    packet                                   0x2000075c   Data          48  can.o(.bss)
    hcan1                                    0x2000078c   Data          40  can.o(.bss)
    hcan2                                    0x200007b4   Data          40  can.o(.bss)
    hrtc                                     0x200007dc   Data          32  rtc.o(.bss)
    huart6                                   0x200007fc   Data          68  usart.o(.bss)
    joint                                    0x20000840   Data         800  control.o(.bss)
    motor_parameter                          0x20000b60   Data         112  control.o(.bss)
    ACtrl                                    0x20000bd0   Data         352  admittance_control.o(.bss)
    Ictrl                                    0x20000d30   Data         112  impedance_control.o(.bss)
    xQueueRegistry                           0x20000da0   Data          64  queue.o(.bss)
    __initial_sp                             0x20004fb8   Data           0  startup_stm32f427xx.o(STACK)



==============================================================================

Memory Map of the image

  Image Entry point : 0x080001ad

  Load Region LR_IROM1 (Base: 0x08000000, Size: 0x00006328, Max: 0x00200000, ABSOLUTE)

    Execution Region ER_IROM1 (Base: 0x08000000, Size: 0x00006274, Max: 0x00200000, ABSOLUTE)

    Base Addr    Size         Type   Attr      Idx    E Section Name        Object

    0x08000000   0x000001ac   Data   RO            3    RESET               startup_stm32f427xx.o
    0x080001ac   0x00000000   Code   RO         5066  * .ARM.Collect$$$$00000000  mc_w.l(entry.o)
    0x080001ac   0x00000004   Code   RO         5411    .ARM.Collect$$$$00000001  mc_w.l(entry2.o)
    0x080001b0   0x00000004   Code   RO         5414    .ARM.Collect$$$$00000004  mc_w.l(entry5.o)
    0x080001b4   0x00000000   Code   RO         5416    .ARM.Collect$$$$00000008  mc_w.l(entry7b.o)
    0x080001b4   0x00000000   Code   RO         5418    .ARM.Collect$$$$0000000A  mc_w.l(entry8b.o)
    0x080001b4   0x00000008   Code   RO         5419    .ARM.Collect$$$$0000000B  mc_w.l(entry9a.o)
    0x080001bc   0x00000000   Code   RO         5421    .ARM.Collect$$$$0000000D  mc_w.l(entry10a.o)
    0x080001bc   0x00000000   Code   RO         5423    .ARM.Collect$$$$0000000F  mc_w.l(entry11a.o)
    0x080001bc   0x00000004   Code   RO         5412    .ARM.Collect$$$$00002712  mc_w.l(entry2.o)
    0x080001c0   0x000000be   Code   RO         4911    .emb_text           port.o
    0x0800027e   0x00000002   PAD
    0x08000280   0x00000024   Code   RO            4    .text               startup_stm32f427xx.o
    0x080002a4   0x00000062   Code   RO         5069    .text               mc_w.l(uldiv.o)
    0x08000306   0x00000024   Code   RO         5071    .text               mc_w.l(memcpya.o)
    0x0800032a   0x00000024   Code   RO         5075    .text               mc_w.l(memseta.o)
    0x0800034e   0x0000014e   Code   RO         5340    .text               mf_w.l(dadd.o)
    0x0800049c   0x000000e4   Code   RO         5342    .text               mf_w.l(dmul.o)
    0x08000580   0x000000de   Code   RO         5344    .text               mf_w.l(ddiv.o)
    0x0800065e   0x00000022   Code   RO         5346    .text               mf_w.l(dflti.o)
    0x08000680   0x00000038   Code   RO         5350    .text               mf_w.l(d2f.o)
    0x080006b8   0x0000001e   Code   RO         5428    .text               mc_w.l(llshl.o)
    0x080006d6   0x00000020   Code   RO         5430    .text               mc_w.l(llushr.o)
    0x080006f6   0x00000024   Code   RO         5432    .text               mc_w.l(llsshr.o)
    0x0800071a   0x00000002   PAD
    0x0800071c   0x0000009c   Code   RO         5441    .text               mc_w.l(strtod.o)
    0x080007b8   0x00000000   Code   RO         5443    .text               mc_w.l(iusefp.o)
    0x080007b8   0x0000006e   Code   RO         5444    .text               mf_w.l(fepilogue.o)
    0x08000826   0x000000ba   Code   RO         5446    .text               mf_w.l(depilogue.o)
    0x080008e0   0x00000024   Code   RO         5468    .text               mc_w.l(init.o)
    0x08000904   0x0000000a   Code   RO         5470    .text               mc_w.l(isspace_c.o)
    0x0800090e   0x00000002   PAD
    0x08000910   0x00000338   Code   RO         5472    .text               mc_w.l(scanf_fp.o)
    0x08000c48   0x00000040   Code   RO         5476    .text               mc_w.l(_sgetc.o)
    0x08000c88   0x0000001a   Code   RO         5478    .text               mf_w.l(dfltui.o)
    0x08000ca2   0x0000003e   Code   RO         5480    .text               mf_w.l(dfixi.o)
    0x08000ce0   0x00000028   Code   RO         5482    .text               mc_w.l(ctype_c.o)
    0x08000d08   0x00000018   Code   RO         5485    .text               mf_w.l(dfltul.o)
    0x08000d20   0x00000012   Code   RO          301    i.ACTask02          freertos.o
    0x08000d32   0x00000002   PAD
    0x08000d34   0x00000020   Code   RO         3289    i.Admittance2joint  admittance_control.o
    0x08000d54   0x00000052   Code   RO         3290    i.Admittance_Compute  admittance_control.o
    0x08000da6   0x00000002   PAD
    0x08000da8   0x00000058   Code   RO         3292    i.Admittance_init   admittance_control.o
    0x08000e00   0x00000098   Code   RO         3293    i.Admittance_pc_set  admittance_control.o
    0x08000e98   0x00000002   Code   RO          588    i.BusFault_Handler  stm32f4xx_it.o
    0x08000e9a   0x00000002   PAD
    0x08000e9c   0x0000000c   Code   RO          589    i.CAN1_RX0_IRQHandler  stm32f4xx_it.o
    0x08000ea8   0x0000000c   Code   RO          590    i.CAN2_RX0_IRQHandler  stm32f4xx_it.o
    0x08000eb4   0x00000028   Code   RO         3034    i.CAN_Send_Msg      cansend.o
    0x08000edc   0x00000002   Code   RO          591    i.DebugMon_Handler  stm32f4xx_it.o
    0x08000ede   0x00000002   PAD
    0x08000ee0   0x00000034   Code   RO         3035    i.EnterMotorMode    cansend.o
    0x08000f14   0x00000004   Code   RO           13    i.Error_Handler     main.o
    0x08000f18   0x00000018   Code   RO         3412    i.FILT_init         filt.o
    0x08000f30   0x00000024   Code   RO          695    i.HAL_CAN_ActivateNotification  stm32f4xx_hal_can.o
    0x08000f54   0x000000c8   Code   RO          696    i.HAL_CAN_AddTxMessage  stm32f4xx_hal_can.o
    0x0800101c   0x0000010c   Code   RO          697    i.HAL_CAN_ConfigFilter  stm32f4xx_hal_can.o
    0x08001128   0x00000002   Code   RO          700    i.HAL_CAN_ErrorCallback  stm32f4xx_hal_can.o
    0x0800112a   0x000000e8   Code   RO          703    i.HAL_CAN_GetRxMessage  stm32f4xx_hal_can.o
    0x08001212   0x000001fc   Code   RO          707    i.HAL_CAN_IRQHandler  stm32f4xx_hal_can.o
    0x0800140e   0x0000011a   Code   RO          708    i.HAL_CAN_Init      stm32f4xx_hal_can.o
    0x08001528   0x000000fc   Code   RO          390    i.HAL_CAN_MspInit   can.o
    0x08001624   0x00000002   Code   RO          715    i.HAL_CAN_RxFifo0FullCallback  stm32f4xx_hal_can.o
    0x08001626   0x00000002   PAD
    0x08001628   0x000000c8   Code   RO          391    i.HAL_CAN_RxFifo0MsgPendingCallback  can.o
    0x080016f0   0x00000002   Code   RO          717    i.HAL_CAN_RxFifo1FullCallback  stm32f4xx_hal_can.o
    0x080016f2   0x00000002   Code   RO          718    i.HAL_CAN_RxFifo1MsgPendingCallback  stm32f4xx_hal_can.o
    0x080016f4   0x00000002   Code   RO          719    i.HAL_CAN_SleepCallback  stm32f4xx_hal_can.o
    0x080016f6   0x00000002   PAD
    0x080016f8   0x00000058   Code   RO          720    i.HAL_CAN_Start     stm32f4xx_hal_can.o
    0x08001750   0x00000002   Code   RO          722    i.HAL_CAN_TxMailbox0AbortCallback  stm32f4xx_hal_can.o
    0x08001752   0x00000002   Code   RO          723    i.HAL_CAN_TxMailbox0CompleteCallback  stm32f4xx_hal_can.o
    0x08001754   0x00000002   Code   RO          724    i.HAL_CAN_TxMailbox1AbortCallback  stm32f4xx_hal_can.o
    0x08001756   0x00000002   Code   RO          725    i.HAL_CAN_TxMailbox1CompleteCallback  stm32f4xx_hal_can.o
    0x08001758   0x00000002   Code   RO          726    i.HAL_CAN_TxMailbox2AbortCallback  stm32f4xx_hal_can.o
    0x0800175a   0x00000002   Code   RO          727    i.HAL_CAN_TxMailbox2CompleteCallback  stm32f4xx_hal_can.o
    0x0800175c   0x00000002   Code   RO          729    i.HAL_CAN_WakeUpFromRxMsgCallback  stm32f4xx_hal_can.o
    0x0800175e   0x00000022   Code   RO         2146    i.HAL_CRC_Init      stm32f4xx_hal_crc.o
    0x08001780   0x00000028   Code   RO          451    i.HAL_CRC_MspInit   crc.o
    0x080017a8   0x00000092   Code   RO         1442    i.HAL_DMA_Abort     stm32f4xx_hal_dma.o
    0x0800183a   0x00000024   Code   RO         1443    i.HAL_DMA_Abort_IT  stm32f4xx_hal_dma.o
    0x0800185e   0x00000002   PAD
    0x08001860   0x00000024   Code   RO         1879    i.HAL_Delay         stm32f4xx_hal.o
    0x08001884   0x00000234   Code   RO         1335    i.HAL_GPIO_Init     stm32f4xx_hal_gpio.o
    0x08001ab8   0x0000000a   Code   RO         1339    i.HAL_GPIO_WritePin  stm32f4xx_hal_gpio.o
    0x08001ac2   0x00000002   PAD
    0x08001ac4   0x0000000c   Code   RO         1887    i.HAL_GetTick       stm32f4xx_hal.o
    0x08001ad0   0x00000010   Code   RO         1893    i.HAL_IncTick       stm32f4xx_hal.o
    0x08001ae0   0x00000034   Code   RO         1894    i.HAL_Init          stm32f4xx_hal.o
    0x08001b14   0x00000040   Code   RO         1895    i.HAL_InitTick      stm32f4xx_hal.o
    0x08001b54   0x00000038   Code   RO          670    i.HAL_MspInit       stm32f4xx_hal_msp.o
    0x08001b8c   0x0000001a   Code   RO         1742    i.HAL_NVIC_EnableIRQ  stm32f4xx_hal_cortex.o
    0x08001ba6   0x00000002   PAD
    0x08001ba8   0x00000040   Code   RO         1748    i.HAL_NVIC_SetPriority  stm32f4xx_hal_cortex.o
    0x08001be8   0x00000024   Code   RO         1749    i.HAL_NVIC_SetPriorityGrouping  stm32f4xx_hal_cortex.o
    0x08001c0c   0x00000254   Code   RO         1036    i.HAL_RCCEx_PeriphCLKConfig  stm32f4xx_hal_rcc_ex.o
    0x08001e60   0x00000134   Code   RO          929    i.HAL_RCC_ClockConfig  stm32f4xx_hal_rcc.o
    0x08001f94   0x00000020   Code   RO          936    i.HAL_RCC_GetPCLK1Freq  stm32f4xx_hal_rcc.o
    0x08001fb4   0x00000020   Code   RO          937    i.HAL_RCC_GetPCLK2Freq  stm32f4xx_hal_rcc.o
    0x08001fd4   0x00000064   Code   RO          938    i.HAL_RCC_GetSysClockFreq  stm32f4xx_hal_rcc.o
    0x08002038   0x0000036c   Code   RO          941    i.HAL_RCC_OscConfig  stm32f4xx_hal_rcc.o
    0x080023a4   0x0000008c   Code   RO         2215    i.HAL_RTC_Init      stm32f4xx_hal_rtc.o
    0x08002430   0x0000003c   Code   RO          493    i.HAL_RTC_MspInit   rtc.o
    0x0800246c   0x00000036   Code   RO         2223    i.HAL_RTC_WaitForSynchro  stm32f4xx_hal_rtc.o
    0x080024a2   0x00000028   Code   RO         1753    i.HAL_SYSTICK_Config  stm32f4xx_hal_cortex.o
    0x080024ca   0x00000002   Code   RO         2650    i.HAL_UARTEx_RxEventCallback  stm32f4xx_hal_uart.o
    0x080024cc   0x00000002   Code   RO         2664    i.HAL_UART_ErrorCallback  stm32f4xx_hal_uart.o
    0x080024ce   0x00000002   PAD
    0x080024d0   0x00000268   Code   RO         2667    i.HAL_UART_IRQHandler  stm32f4xx_hal_uart.o
    0x08002738   0x00000062   Code   RO         2668    i.HAL_UART_Init     stm32f4xx_hal_uart.o
    0x0800279a   0x00000002   PAD
    0x0800279c   0x0000007c   Code   RO          535    i.HAL_UART_MspInit  usart.o
    0x08002818   0x0000002a   Code   RO         2673    i.HAL_UART_Receive_IT  stm32f4xx_hal_uart.o
    0x08002842   0x00000002   PAD
    0x08002844   0x00000034   Code   RO          536    i.HAL_UART_RxCpltCallback  usart.o
    0x08002878   0x000000b2   Code   RO         2676    i.HAL_UART_Transmit  stm32f4xx_hal_uart.o
    0x0800292a   0x00000002   Code   RO         2679    i.HAL_UART_TxCpltCallback  stm32f4xx_hal_uart.o
    0x0800292c   0x00000002   Code   RO          592    i.HardFault_Handler  stm32f4xx_it.o
    0x0800292e   0x00000010   Code   RO         3349    i.ImpedanceCtrl_Init  impedance_control.o
    0x0800293e   0x00000002   PAD
    0x08002940   0x0000001c   Code   RO         3413    i.Kalman_Init       filt.o
    0x0800295c   0x00000046   Code   RO         3414    i.Kalman_Predict    filt.o
    0x080029a2   0x00000002   PAD
    0x080029a4   0x00000058   Code   RO          392    i.MX_CAN1_Init      can.o
    0x080029fc   0x00000058   Code   RO          393    i.MX_CAN2_Init      can.o
    0x08002a54   0x00000024   Code   RO          452    i.MX_CRC_Init       crc.o
    0x08002a78   0x00000054   Code   RO          302    i.MX_FREERTOS_Init  freertos.o
    0x08002acc   0x0000012c   Code   RO          266    i.MX_GPIO_Init      gpio.o
    0x08002bf8   0x00000034   Code   RO          494    i.MX_RTC_Init       rtc.o
    0x08002c2c   0x00000038   Code   RO          537    i.MX_USART6_UART_Init  usart.o
    0x08002c64   0x00000002   Code   RO          593    i.MemManage_Handler  stm32f4xx_it.o
    0x08002c66   0x00000002   Code   RO          594    i.NMI_Handler       stm32f4xx_it.o
    0x08002c68   0x00000048   Code   RO         2226    i.RTC_EnterInitMode  stm32f4xx_hal_rtc.o
    0x08002cb0   0x0000002a   Code   RO         2227    i.RTC_ExitInitMode  stm32f4xx_hal_rtc.o
    0x08002cda   0x0000005a   Code   RO         3166    i.Receive_pc_debug  calculate.o
    0x08002d34   0x00000012   Code   RO          303    i.SendPCTask        freertos.o
    0x08002d46   0x00000018   Code   RO          595    i.SysTick_Handler   stm32f4xx_it.o
    0x08002d5e   0x00000002   PAD
    0x08002d60   0x0000009c   Code   RO           14    i.SystemClock_Config  main.o
    0x08002dfc   0x00000010   Code   RO         2997    i.SystemInit        system_stm32f4xx.o
    0x08002e0c   0x00000010   Code   RO         2681    i.UART_DMAAbortOnError  stm32f4xx_hal_uart.o
    0x08002e1c   0x0000004e   Code   RO         2691    i.UART_EndRxTransfer  stm32f4xx_hal_uart.o
    0x08002e6a   0x000000c0   Code   RO         2693    i.UART_Receive_IT   stm32f4xx_hal_uart.o
    0x08002f2a   0x00000002   PAD
    0x08002f2c   0x00000014   Code   RO         3490    i.UART_SendByte     tcpsend.o
    0x08002f40   0x0000010c   Code   RO         2694    i.UART_SetConfig    stm32f4xx_hal_uart.o
    0x0800304c   0x0000003a   Code   RO         2696    i.UART_Start_Receive_IT  stm32f4xx_hal_uart.o
    0x08003086   0x00000078   Code   RO         2697    i.UART_WaitOnFlagUntilTimeout  stm32f4xx_hal_uart.o
    0x080030fe   0x00000002   PAD
    0x08003100   0x0000000c   Code   RO          596    i.USART6_IRQHandler  stm32f4xx_it.o
    0x0800310c   0x00000002   Code   RO          597    i.UsageFault_Handler  stm32f4xx_it.o
    0x0800310e   0x00000030   Code   RO         5464    i.__ARM_fpclassify  m_wm.l(fpclassify.o)
    0x0800313e   0x00000026   Code   RO         5369    i.__ARM_fpclassifyf  m_wm.l(fpclassifyf.o)
    0x08003164   0x00000020   Code   RO         1755    i.__NVIC_SetPriority  stm32f4xx_hal_cortex.o
    0x08003184   0x00000004   PAD
    0x08003188   0x00000038   Code   RO         5000    i.__hardfp_atof     m_wm.l(atof.o)
    0x080031c0   0x000000c8   Code   RO         5006    i.__hardfp_cos      m_wm.l(cos.o)
    0x08003288   0x00000150   Code   RO         5018    i.__hardfp_cosf     m_wm.l(cosf.o)
    0x080033d8   0x00000010   Code   RO         3038    i.__hardfp_fmaxf    cansend.o
    0x080033e8   0x00000010   Code   RO         3039    i.__hardfp_fminf    cansend.o
    0x080033f8   0x000000c8   Code   RO         5030    i.__hardfp_sin      m_wm.l(sin.o)
    0x080034c0   0x00000190   Code   RO         5042    i.__hardfp_sinf     m_wm.l(sinf.o)
    0x08003650   0x00000438   Code   RO         5385    i.__ieee754_rem_pio2  m_wm.l(rred.o)
    0x08003a88   0x00000170   Code   RO         5352    i.__kernel_cos      m_wm.l(cos_i.o)
    0x08003bf8   0x000000f8   Code   RO         5466    i.__kernel_poly     m_wm.l(poly.o)
    0x08003cf0   0x00000130   Code   RO         5393    i.__kernel_sin      m_wm.l(sin_i.o)
    0x08003e20   0x00000014   Code   RO         5356    i.__mathlib_dbl_infnan  m_wm.l(dunder.o)
    0x08003e34   0x00000004   PAD
    0x08003e38   0x00000020   Code   RO         5358    i.__mathlib_dbl_invalid  m_wm.l(dunder.o)
    0x08003e58   0x00000020   Code   RO         5361    i.__mathlib_dbl_underflow  m_wm.l(dunder.o)
    0x08003e78   0x00000006   Code   RO         5372    i.__mathlib_flt_infnan  m_wm.l(funder.o)
    0x08003e7e   0x00000002   PAD
    0x08003e80   0x00000010   Code   RO         5374    i.__mathlib_flt_invalid  m_wm.l(funder.o)
    0x08003e90   0x00000010   Code   RO         5377    i.__mathlib_flt_underflow  m_wm.l(funder.o)
    0x08003ea0   0x00000154   Code   RO         5390    i.__mathlib_rredf2  m_wm.l(rredf.o)
    0x08003ff4   0x0000000c   Code   RO         5435    i.__read_errno      mc_w.l(errno.o)
    0x08004000   0x0000000e   Code   RO         5489    i.__scatterload_copy  mc_w.l(handlers.o)
    0x0800400e   0x00000002   Code   RO         5490    i.__scatterload_null  mc_w.l(handlers.o)
    0x08004010   0x0000000e   Code   RO         5491    i.__scatterload_zeroinit  mc_w.l(handlers.o)
    0x0800401e   0x00000002   PAD
    0x08004020   0x0000000c   Code   RO         5436    i.__set_errno       mc_w.l(errno.o)
    0x0800402c   0x0000000e   Code   RO         5474    i._is_digit         mc_w.l(scanf_fp.o)
    0x0800403a   0x00000018   Code   RO         5460    i.fabs              m_wm.l(fabs.o)
    0x08004052   0x00000028   Code   RO         3040    i.float_to_uint     cansend.o
    0x0800407a   0x00000002   PAD
    0x0800407c   0x0000017c   Code   RO          304    i.force_leg_pos     freertos.o
    0x080041f8   0x00000094   Code   RO         3246    i.joint_init        control.o
    0x0800428c   0x00000046   Code   RO         3492    i.joint_pack        tcpsend.o
    0x080042d2   0x00000012   Code   RO         3248    i.joint_set         control.o
    0x080042e4   0x0000011c   Code   RO           15    i.main              main.o
    0x08004400   0x0000000c   Code   RO         4489    i.makeFreeRtosPriority  cmsis_os.o
    0x0800440c   0x0000003c   Code   RO          394    i.my_can_filter_init_recv_all  can.o
    0x08004448   0x0000000a   Code   RO         4494    i.osKernelStart     cmsis_os.o
    0x08004452   0x00000054   Code   RO         4528    i.osThreadCreate    cmsis_os.o
    0x080044a6   0x00000002   PAD
    0x080044a8   0x000000c0   Code   RO          305    i.other_leg_pos     freertos.o
    0x08004568   0x00000128   Code   RO         3041    i.pack_cmd          cansend.o
    0x08004690   0x00000018   Code   RO           16    i.pc_debug          main.o
    0x080046a8   0x00000070   Code   RO         4023    i.prvAddCurrentTaskToDelayedList  tasks.o
    0x08004718   0x000000d0   Code   RO         4024    i.prvAddNewTaskToReadyList  tasks.o
    0x080047e8   0x00000058   Code   RO         4343    i.prvCheckForValidListAndQueue  timers.o
    0x08004840   0x00000026   Code   RO         3699    i.prvCopyDataFromQueue  queue.o
    0x08004866   0x0000006c   Code   RO         3700    i.prvCopyDataToQueue  queue.o
    0x080048d2   0x00000034   Code   RO         4025    i.prvDeleteTCB      tasks.o
    0x08004906   0x00000002   PAD
    0x08004908   0x0000004c   Code   RO         4856    i.prvHeapInit       heap_4.o
    0x08004954   0x00000060   Code   RO         4026    i.prvIdleTask       tasks.o
    0x080049b4   0x00000016   Code   RO         3702    i.prvInitialiseNewQueue  queue.o
    0x080049ca   0x00000098   Code   RO         4027    i.prvInitialiseNewTask  tasks.o
    0x08004a62   0x00000002   PAD
    0x08004a64   0x0000004c   Code   RO         4857    i.prvInsertBlockIntoFreeList  heap_4.o
    0x08004ab0   0x00000038   Code   RO         4345    i.prvInsertTimerInActiveList  timers.o
    0x08004ae8   0x0000001c   Code   RO         3703    i.prvIsQueueEmpty   queue.o
    0x08004b04   0x000000f0   Code   RO         4346    i.prvProcessReceivedCommands  timers.o
    0x08004bf4   0x000000c0   Code   RO         4347    i.prvProcessTimerOrBlockTask  timers.o
    0x08004cb4   0x00000020   Code   RO         4028    i.prvResetNextTaskUnblockTime  tasks.o
    0x08004cd4   0x00000028   Code   RO         4348    i.prvSampleTimeNow  timers.o
    0x08004cfc   0x0000006c   Code   RO         4349    i.prvSwitchTimerLists  timers.o
    0x08004d68   0x00000028   Code   RO         4912    i.prvTaskExitError  port.o
    0x08004d90   0x00000024   Code   RO         4350    i.prvTimerTask      timers.o
    0x08004db4   0x0000006a   Code   RO         3704    i.prvUnlockQueue    queue.o
    0x08004e1e   0x00000002   PAD
    0x08004e20   0x000000dc   Code   RO         4858    i.pvPortMalloc      heap_4.o
    0x08004efc   0x0000002c   Code   RO         4913    i.pxPortInitialiseStack  port.o
    0x08004f28   0x000001c4   Code   RO          306    i.scheduleTask      freertos.o
    0x080050ec   0x00000032   Code   RO         3493    i.sendData          tcpsend.o
    0x0800511e   0x00000028   Code   RO         3042    i.uint_to_float     cansend.o
    0x08005146   0x00000002   PAD
    0x08005148   0x00000070   Code   RO         3043    i.unpack_reply      cansend.o
    0x080051b8   0x0000001a   Code   RO         3295    i.update_AdmittanceController  admittance_control.o
    0x080051d2   0x00000026   Code   RO         3659    i.uxListRemove      list.o
    0x080051f8   0x00000014   Code   RO          307    i.vApplicationGetIdleTaskMemory  freertos.o
    0x0800520c   0x00000018   Code   RO          308    i.vApplicationGetTimerTaskMemory  freertos.o
    0x08005224   0x00000016   Code   RO         3660    i.vListInitialise   list.o
    0x0800523a   0x00000006   Code   RO         3661    i.vListInitialiseItem  list.o
    0x08005240   0x00000030   Code   RO         3662    i.vListInsert       list.o
    0x08005270   0x00000018   Code   RO         3663    i.vListInsertEnd    list.o
    0x08005288   0x00000040   Code   RO         4915    i.vPortEnterCritical  port.o
    0x080052c8   0x00000028   Code   RO         4916    i.vPortExitCritical  port.o
    0x080052f0   0x00000064   Code   RO         4859    i.vPortFree         heap_4.o
    0x08005354   0x00000024   Code   RO         4917    i.vPortSetupTimerInterrupt  port.o
    0x08005378   0x00000054   Code   RO         4918    i.vPortValidateInterruptPriority  port.o
    0x080053cc   0x00000028   Code   RO         3708    i.vQueueAddToRegistry  queue.o
    0x080053f4   0x00000044   Code   RO         3711    i.vQueueWaitForMessageRestricted  queue.o
    0x08005438   0x0000008c   Code   RO         4038    i.vTaskDelayUntil   tasks.o
    0x080054c4   0x00000010   Code   RO         4041    i.vTaskInternalSetTimeOutState  tasks.o
    0x080054d4   0x0000000c   Code   RO         4042    i.vTaskMissedYield  tasks.o
    0x080054e0   0x00000030   Code   RO         4044    i.vTaskPlaceOnEventList  tasks.o
    0x08005510   0x00000038   Code   RO         4045    i.vTaskPlaceOnEventListRestricted  tasks.o
    0x08005548   0x00000088   Code   RO         4052    i.vTaskStartScheduler  tasks.o
    0x080055d0   0x00000010   Code   RO         4054    i.vTaskSuspendAll   tasks.o
    0x080055e0   0x0000005c   Code   RO         4055    i.vTaskSwitchContext  tasks.o
    0x0800563c   0x000000f4   Code   RO         4919    i.xPortStartScheduler  port.o
    0x08005730   0x0000002c   Code   RO         4920    i.xPortSysTickHandler  port.o
    0x0800575c   0x00000066   Code   RO         3715    i.xQueueGenericCreateStatic  queue.o
    0x080057c2   0x00000002   PAD
    0x080057c4   0x00000088   Code   RO         3716    i.xQueueGenericReset  queue.o
    0x0800584c   0x00000160   Code   RO         3717    i.xQueueGenericSend  queue.o
    0x080059ac   0x000000be   Code   RO         3718    i.xQueueGenericSendFromISR  queue.o
    0x08005a6a   0x00000002   PAD
    0x08005a6c   0x00000138   Code   RO         3724    i.xQueueReceive     queue.o
    0x08005ba4   0x00000074   Code   RO         4057    i.xTaskCheckForTimeOut  tasks.o
    0x08005c18   0x0000005a   Code   RO         4058    i.xTaskCreate       tasks.o
    0x08005c72   0x00000056   Code   RO         4059    i.xTaskCreateStatic  tasks.o
    0x08005cc8   0x0000001c   Code   RO         4063    i.xTaskGetSchedulerState  tasks.o
    0x08005ce4   0x0000000c   Code   RO         4064    i.xTaskGetTickCount  tasks.o
    0x08005cf0   0x000000cc   Code   RO         4066    i.xTaskIncrementTick  tasks.o
    0x08005dbc   0x00000098   Code   RO         4069    i.xTaskPriorityDisinherit  tasks.o
    0x08005e54   0x00000074   Code   RO         4071    i.xTaskRemoveFromEventList  tasks.o
    0x08005ec8   0x000000c4   Code   RO         4072    i.xTaskResumeAll    tasks.o
    0x08005f8c   0x00000060   Code   RO         4357    i.xTimerCreateTimerTask  timers.o
    0x08005fec   0x00000060   Code   RO         4358    i.xTimerGenericCommand  timers.o
    0x0800604c   0x00000054   Data   RO          310    .constdata          freertos.o
    0x080060a0   0x00000010   Data   RO         2998    .constdata          system_stm32f4xx.o
    0x080060b0   0x00000008   Data   RO         2999    .constdata          system_stm32f4xx.o
    0x080060b8   0x00000030   Data   RO         5353    .constdata          m_wm.l(cos_i.o)
    0x080060e8   0x000000c8   Data   RO         5387    .constdata          m_wm.l(rred.o)
    0x080061b0   0x00000020   Data   RO         5391    .constdata          m_wm.l(rredf.o)
    0x080061d0   0x00000028   Data   RO         5394    .constdata          m_wm.l(sin_i.o)
    0x080061f8   0x00000040   Data   RO         5483    .constdata          mc_w.l(ctype_c.o)
    0x08006238   0x0000001b   Data   RO          311    .conststring        freertos.o
    0x08006253   0x00000001   PAD
    0x08006254   0x00000020   Data   RO         5487    Region$$Table       anon$$obj.o


    Execution Region RW_IRAM1 (Base: 0x20000000, Size: 0x00004fb8, Max: 0x00030000, ABSOLUTE)

    Base Addr    Size         Type   Attr      Idx    E Section Name        Object

    0x20000000   0x00000018   Data   RW          312    .data               freertos.o
    0x20000018   0x00000004   Data   RW          396    .data               can.o
    0x2000001c   0x00000008   Data   RW          453    .data               crc.o
    0x20000024   0x0000000c   Data   RW         1901    .data               stm32f4xx_hal.o
    0x20000030   0x00000004   Data   RW         3000    .data               system_stm32f4xx.o
    0x20000034   0x0000003c   Data   RW         4075    .data               tasks.o
    0x20000070   0x00000014   Data   RW         4364    .data               timers.o
    0x20000084   0x00000020   Data   RW         4865    .data               heap_4.o
    0x200000a4   0x0000000c   Data   RW         4921    .data               port.o
    0x200000b0   0x00000004   Data   RW         5437    .data               mc_w.l(errno.o)
    0x200000b4   0x000006a8   Zero   RW          309    .bss                freertos.o
    0x2000075c   0x00000080   Zero   RW          395    .bss                can.o
    0x200007dc   0x00000020   Zero   RW          495    .bss                rtc.o
    0x200007fc   0x00000044   Zero   RW          539    .bss                usart.o
    0x20000840   0x00000320   Zero   RW         3250    .bss                control.o
    0x20000b60   0x00000070   Zero   RW         3251    .bss                control.o
    0x20000bd0   0x00000160   Zero   RW         3296    .bss                admittance_control.o
    0x20000d30   0x00000070   Zero   RW         3356    .bss                impedance_control.o
    0x20000da0   0x00000040   Zero   RW         3727    .bss                queue.o
    0x20000de0   0x000000f0   Zero   RW         4074    .bss                tasks.o
    0x20000ed0   0x000000e8   Zero   RW         4363    .bss                timers.o
    0x20000fb8   0x00003c00   Zero   RW         4864    .bss                heap_4.o
    0x20004bb8   0x00000400   Zero   RW            1    STACK               startup_stm32f427xx.o


==============================================================================

Image component sizes


      Code (inc. data)   RO Data    RW Data    ZI Data      Debug   Object Name

       380         14          0          0        352       5484   admittance_control.o
        90          0          0          0          0       2462   calculate.o
       688         62          0          4        128       4027   can.o
       612         46          0          0          0       5428   cansend.o
       106          0          0          0          0      22579   cmsis_os.o
       166         14          0          0        912       3245   control.o
        76         18          0          8          0       1511   crc.o
         0          0          0          0          0      19936   event_groups.o
       122         10          0          0          0       1899   filt.o
      1188        184        111         24       1704       7143   freertos.o
       300         26          0          0          0       1187   gpio.o
       472         24          0         32      15360       4839   heap_4.o
        16          0          0          0        112       2085   impedance_control.o
       138          0          0          0          0       3518   list.o
       468         68          0          0          0     767413   main.o
       786         82          0         12          0      11813   port.o
      1502         20          0          0         64      17224   queue.o
       112         16          0          0         32       1579   rtc.o
        36          8        428          0       1024        832   startup_stm32f427xx.o
       180         28          0         12          0       9525   stm32f4xx_hal.o
      1638          6          0          0          0      14179   stm32f4xx_hal_can.o
       198         14          0          0          0      33923   stm32f4xx_hal_cortex.o
        34          0          0          0          0       1039   stm32f4xx_hal_crc.o
       182          0          0          0          0       2087   stm32f4xx_hal_dma.o
       574         54          0          0          0       2196   stm32f4xx_hal_gpio.o
        56          4          0          0          0        858   stm32f4xx_hal_msp.o
      1348         76          0          0          0       5216   stm32f4xx_hal_rcc.o
       596         36          0          0          0       1604   stm32f4xx_hal_rcc_ex.o
       308          4          0          0          0       3535   stm32f4xx_hal_rtc.o
      1672         16          0          0          0      11352   stm32f4xx_hal_uart.o
        72         18          0          0          0       4691   stm32f4xx_it.o
        16          4         24          4          0       1115   system_stm32f4xx.o
      2168        158          0         60        240      26957   tasks.o
       140          4          0          0          0       2588   tcpsend.o
       952         80          0         20        232      29931   timers.o
       232         40          0          0         68       2328   usart.o

    ----------------------------------------------------------------------
     17680       1134        596        176      20228    1037328   Object Totals
         0          0         32          0          0          0   (incl. Generated)
        56          0          1          0          0          0   (incl. Padding)

    ----------------------------------------------------------------------

      Code (inc. data)   RO Data    RW Data    ZI Data      Debug   Library Member Name

        56         12          0          0          0        132   atof.o
       200         20          0          0          0        164   cos.o
       368         46         48          0          0        200   cos_i.o
       336         56          0          0          0        136   cosf.o
        84         16          0          0          0        372   dunder.o
        24          0          0          0          0        124   fabs.o
        48          0          0          0          0        124   fpclassify.o
        38          0          0          0          0        116   fpclassifyf.o
        38         12          0          0          0        348   funder.o
       248          0          0          0          0        152   poly.o
      1080        142        200          0          0        188   rred.o
       340         24         32          0          0        160   rredf.o
       200         20          0          0          0        164   sin.o
       304         24         40          0          0        208   sin_i.o
       400         56          0          0          0        212   sinf.o
        64          0          0          0          0         84   _sgetc.o
        40          6         64          0          0         68   ctype_c.o
         0          0          0          0          0          0   entry.o
         0          0          0          0          0          0   entry10a.o
         0          0          0          0          0          0   entry11a.o
         8          4          0          0          0          0   entry2.o
         4          0          0          0          0          0   entry5.o
         0          0          0          0          0          0   entry7b.o
         0          0          0          0          0          0   entry8b.o
         8          4          0          0          0          0   entry9a.o
        24         12          0          4          0        136   errno.o
        30          0          0          0          0          0   handlers.o
        36          8          0          0          0         68   init.o
        10          0          0          0          0         68   isspace_c.o
         0          0          0          0          0          0   iusefp.o
        30          0          0          0          0         68   llshl.o
        36          0          0          0          0         68   llsshr.o
        32          0          0          0          0         68   llushr.o
        36          0          0          0          0         68   memcpya.o
        36          0          0          0          0        108   memseta.o
       838         12          0          0          0        216   scanf_fp.o
       156         12          0          0          0        120   strtod.o
        98          0          0          0          0         92   uldiv.o
        56          0          0          0          0         88   d2f.o
       334          0          0          0          0        148   dadd.o
       222          0          0          0          0        100   ddiv.o
       186          0          0          0          0        176   depilogue.o
        62          0          0          0          0         80   dfixi.o
        34          0          0          0          0         76   dflti.o
        26          0          0          0          0         76   dfltui.o
        24          0          0          0          0         76   dfltul.o
       228          0          0          0          0         96   dmul.o
       110          0          0          0          0        168   fepilogue.o

    ----------------------------------------------------------------------
      6544        486        384          4          0       5116   Library Totals
        12          0          0          0          0          0   (incl. Padding)

    ----------------------------------------------------------------------

      Code (inc. data)   RO Data    RW Data    ZI Data      Debug   Library Name

      3764        428        320          0          0       2800   m_wm.l
      1486         58         64          4          0       1232   mc_w.l
      1282          0          0          0          0       1084   mf_w.l

    ----------------------------------------------------------------------
      6544        486        384          4          0       5116   Library Totals

    ----------------------------------------------------------------------

==============================================================================


      Code (inc. data)   RO Data    RW Data    ZI Data      Debug   

     24224       1620        980        180      20228    1022956   Grand Totals
     24224       1620        980        180      20228    1022956   ELF Image Totals
     24224       1620        980        180          0          0   ROM Totals

==============================================================================

    Total RO  Size (Code + RO Data)                25204 (  24.61kB)
    Total RW  Size (RW Data + ZI Data)             20408 (  19.93kB)
    Total ROM Size (Code + RO Data + RW Data)      25384 (  24.79kB)

==============================================================================

