Component: ARM Compiler 5.06 update 3 (build 300) Tool: armlink [4d35c9]

==============================================================================

Section Cross References

    startup_stm32f427xx.o(RESET) refers to startup_stm32f427xx.o(STACK) for __initial_sp
    startup_stm32f427xx.o(RESET) refers to startup_stm32f427xx.o(.text) for Reset_Handler
    startup_stm32f427xx.o(RESET) refers to stm32f4xx_it.o(i.NMI_Handler) for NMI_Handler
    startup_stm32f427xx.o(RESET) refers to stm32f4xx_it.o(i.HardFault_Handler) for HardFault_Handler
    startup_stm32f427xx.o(RESET) refers to stm32f4xx_it.o(i.MemManage_Handler) for MemManage_Handler
    startup_stm32f427xx.o(RESET) refers to stm32f4xx_it.o(i.BusFault_Handler) for BusFault_Handler
    startup_stm32f427xx.o(RESET) refers to stm32f4xx_it.o(i.UsageFault_Handler) for UsageFault_Handler
    startup_stm32f427xx.o(RESET) refers to port.o(.emb_text) for SVC_Handler
    startup_stm32f427xx.o(RESET) refers to stm32f4xx_it.o(i.DebugMon_Handler) for DebugMon_Handler
    startup_stm32f427xx.o(RESET) refers to port.o(i.SysTick_Handler) for SysTick_Handler
    startup_stm32f427xx.o(RESET) refers to stm32f4xx_it.o(i.CAN1_RX0_IRQHandler) for CAN1_RX0_IRQHandler
    startup_stm32f427xx.o(RESET) refers to stm32f4xx_it.o(i.TIM1_UP_TIM10_IRQHandler) for TIM1_UP_TIM10_IRQHandler
    startup_stm32f427xx.o(RESET) refers to stm32f4xx_it.o(i.DMA2_Stream1_IRQHandler) for DMA2_Stream1_IRQHandler
    startup_stm32f427xx.o(RESET) refers to stm32f4xx_it.o(i.CAN2_RX0_IRQHandler) for CAN2_RX0_IRQHandler
    startup_stm32f427xx.o(RESET) refers to stm32f4xx_it.o(i.USART6_IRQHandler) for USART6_IRQHandler
    startup_stm32f427xx.o(.text) refers to system_stm32f4xx.o(i.SystemInit) for SystemInit
    startup_stm32f427xx.o(.text) refers to entry.o(.ARM.Collect$$$$00000000) for __main
    main.o(i.HAL_TIM_PeriodElapsedCallback) refers to stm32f4xx_hal.o(i.HAL_IncTick) for HAL_IncTick
    main.o(i.SystemClock_Config) refers to memseta.o(.text) for __aeabi_memclr4
    main.o(i.SystemClock_Config) refers to stm32f4xx_hal_rcc.o(i.HAL_RCC_OscConfig) for HAL_RCC_OscConfig
    main.o(i.SystemClock_Config) refers to stm32f4xx_hal_rcc.o(i.HAL_RCC_ClockConfig) for HAL_RCC_ClockConfig
    main.o(i.main) refers to stm32f4xx_hal.o(i.HAL_Init) for HAL_Init
    main.o(i.main) refers to main.o(i.SystemClock_Config) for SystemClock_Config
    main.o(i.main) refers to gpio.o(i.MX_GPIO_Init) for MX_GPIO_Init
    main.o(i.main) refers to dma.o(i.MX_DMA_Init) for MX_DMA_Init
    main.o(i.main) refers to can.o(i.MX_CAN1_Init) for MX_CAN1_Init
    main.o(i.main) refers to usart.o(i.MX_USART6_UART_Init) for MX_USART6_UART_Init
    main.o(i.main) refers to crc.o(i.MX_CRC_Init) for MX_CRC_Init
    main.o(i.main) refers to can.o(i.MX_CAN2_Init) for MX_CAN2_Init
    main.o(i.main) refers to rtc.o(i.MX_RTC_Init) for MX_RTC_Init
    main.o(i.main) refers to tim.o(i.MX_TIM2_Init) for MX_TIM2_Init
    main.o(i.main) refers to control.o(i.joint_init) for joint_init
    main.o(i.main) refers to stm32f4xx_hal_can.o(i.HAL_CAN_ActivateNotification) for HAL_CAN_ActivateNotification
    main.o(i.main) refers to cansend.o(i.EnterMotorMode) for EnterMotorMode
    main.o(i.main) refers to stm32f4xx_hal_uart.o(i.HAL_UART_Receive_DMA) for HAL_UART_Receive_DMA
    main.o(i.main) refers to admittance_control.o(i.Admittance_init) for Admittance_init
    main.o(i.main) refers to impedance_control.o(i.ImpedanceCtrl_Init) for ImpedanceCtrl_Init
    main.o(i.main) refers to filt.o(i.LPF_Init) for LPF_Init
    main.o(i.main) refers to switcher.o(i.Virtual_init) for Virtual_init
    main.o(i.main) refers to freertos.o(i.MX_FREERTOS_Init) for MX_FREERTOS_Init
    main.o(i.main) refers to cmsis_os.o(i.osKernelStart) for osKernelStart
    main.o(i.main) refers to control.o(.bss) for joint
    main.o(i.main) refers to can.o(.bss) for hcan1
    main.o(i.main) refers to serial_parser.o(.bss) for uart_dma_rx_buf
    main.o(i.main) refers to usart.o(.bss) for huart6
    main.o(i.main) refers to admittance_control.o(.bss) for ACtrl
    main.o(i.main) refers to impedance_control.o(.bss) for Ictrl
    main.o(i.main) refers to filt.o(.bss) for joint_lpf
    main.o(i.main) refers to switcher.o(.bss) for virtual_state
    gpio.o(i.KEY_Read) refers to stm32f4xx_hal_gpio.o(i.HAL_GPIO_ReadPin) for HAL_GPIO_ReadPin
    gpio.o(i.KEY_Read) refers to stm32f4xx_hal.o(i.HAL_Delay) for HAL_Delay
    gpio.o(i.KEY_Read) refers to gpio.o(.data) for .data
    gpio.o(i.LED_mode) refers to stm32f4xx_hal_gpio.o(i.HAL_GPIO_TogglePin) for HAL_GPIO_TogglePin
    gpio.o(i.LED_mode) refers to stm32f4xx_hal.o(i.HAL_Delay) for HAL_Delay
    gpio.o(i.LED_mode) refers to stm32f4xx_hal_gpio.o(i.HAL_GPIO_WritePin) for HAL_GPIO_WritePin
    gpio.o(i.MX_GPIO_Init) refers to memseta.o(.text) for __aeabi_memclr4
    gpio.o(i.MX_GPIO_Init) refers to stm32f4xx_hal_gpio.o(i.HAL_GPIO_WritePin) for HAL_GPIO_WritePin
[...]
    i.vTaskInternalSetTimeOutState           0x080063d4   Section        0  tasks.o(i.vTaskInternalSetTimeOutState)
    i.vTaskMissedYield                       0x080063e4   Section        0  tasks.o(i.vTaskMissedYield)
    i.vTaskPlaceOnEventList                  0x080063f0   Section        0  tasks.o(i.vTaskPlaceOnEventList)
    i.vTaskPlaceOnEventListRestricted        0x08006420   Section        0  tasks.o(i.vTaskPlaceOnEventListRestricted)
    i.vTaskStartScheduler                    0x08006458   Section        0  tasks.o(i.vTaskStartScheduler)
    i.vTaskSuspendAll                        0x080064c8   Section        0  tasks.o(i.vTaskSuspendAll)
    i.vTaskSwitchContext                     0x080064d8   Section        0  tasks.o(i.vTaskSwitchContext)
    i.xPortStartScheduler                    0x08006534   Section        0  port.o(i.xPortStartScheduler)
    i.xQueueGenericCreate                    0x08006628   Section        0  queue.o(i.xQueueGenericCreate)
    i.xQueueGenericReset                     0x0800666c   Section        0  queue.o(i.xQueueGenericReset)
    i.xQueueGenericSend                      0x080066f4   Section        0  queue.o(i.xQueueGenericSend)
    i.xQueueGenericSendFromISR               0x08006854   Section        0  queue.o(i.xQueueGenericSendFromISR)
    i.xQueueReceive                          0x08006914   Section        0  queue.o(i.xQueueReceive)
    i.xTaskCheckForTimeOut                   0x08006a4c   Section        0  tasks.o(i.xTaskCheckForTimeOut)
    i.xTaskCreate                            0x08006ac0   Section        0  tasks.o(i.xTaskCreate)
    i.xTaskGetSchedulerState                 0x08006b18   Section        0  tasks.o(i.xTaskGetSchedulerState)
    i.xTaskGetTickCount                      0x08006b34   Section        0  tasks.o(i.xTaskGetTickCount)
    i.xTaskIncrementTick                     0x08006b40   Section        0  tasks.o(i.xTaskIncrementTick)
    i.xTaskPriorityDisinherit                0x08006c0c   Section        0  tasks.o(i.xTaskPriorityDisinherit)
    i.xTaskRemoveFromEventList               0x08006ca4   Section        0  tasks.o(i.xTaskRemoveFromEventList)
    i.xTaskResumeAll                         0x08006d18   Section        0  tasks.o(i.xTaskResumeAll)
    i.xTimerCreateTimerTask                  0x08006ddc   Section        0  timers.o(i.xTimerCreateTimerTask)
    i.xTimerGenericCommand                   0x08006e24   Section        0  timers.o(i.xTimerGenericCommand)
    .constdata                               0x08006e88   Section      124  freertos.o(.constdata)
    a                                        0x08006e88   Data          32  freertos.o(.constdata)
    b                                        0x08006ea8   Data          32  freertos.o(.constdata)
    .constdata                               0x08006f04   Section        8  stm32f4xx_hal_dma.o(.constdata)
    flagBitshiftOffset                       0x08006f04   Data           8  stm32f4xx_hal_dma.o(.constdata)
    .constdata                               0x08006f0c   Section       16  system_stm32f4xx.o(.constdata)
    .constdata                               0x08006f1c   Section        8  system_stm32f4xx.o(.constdata)
    .constdata                               0x08006f28   Section       48  cos_i.o(.constdata)
    C                                        0x08006f28   Data          48  cos_i.o(.constdata)
    .constdata                               0x08006f58   Section      200  rred.o(.constdata)
    pio2s                                    0x08006f58   Data          48  rred.o(.constdata)
    twooverpi                                0x08006f88   Data         152  rred.o(.constdata)
    .constdata                               0x08007020   Section       40  sin_i.o(.constdata)
    S                                        0x08007020   Data          40  sin_i.o(.constdata)
    .constdata                               0x08007048   Section       64  ctype_c.o(.constdata)
    .conststring                             0x08007088   Section       28  freertos.o(.conststring)
    .data                                    0x20000000   Section       28  freertos.o(.data)
    .data                                    0x2000001c   Section        4  can.o(.data)
    HAL_RCC_CAN1_CLK_ENABLED                 0x2000001c   Data           4  can.o(.data)
    .data                                    0x20000020   Section        8  crc.o(.data)
    .data                                    0x20000028   Section       12  stm32f4xx_hal.o(.data)
    .data                                    0x20000034   Section        4  system_stm32f4xx.o(.data)
    .data                                    0x20000038   Section        2  serial_parser.o(.data)
    .data                                    0x2000003c   Section       60  tasks.o(.data)
    uxDeletedTasksWaitingCleanUp             0x20000040   Data           4  tasks.o(.data)
    uxCurrentNumberOfTasks                   0x20000044   Data           4  tasks.o(.data)
    xTickCount                               0x20000048   Data           4  tasks.o(.data)
    uxTopReadyPriority                       0x2000004c   Data           4  tasks.o(.data)
    xSchedulerRunning                        0x20000050   Data           4  tasks.o(.data)
    xPendedTicks                             0x20000054   Data           4  tasks.o(.data)
    xYieldPending                            0x20000058   Data           4  tasks.o(.data)
    xNumOfOverflows                          0x2000005c   Data           4  tasks.o(.data)
    uxTaskNumber                             0x20000060   Data           4  tasks.o(.data)
    xNextTaskUnblockTime                     0x20000064   Data           4  tasks.o(.data)
    xIdleTaskHandle                          0x20000068   Data           4  tasks.o(.data)
    uxSchedulerSuspended                     0x2000006c   Data           4  tasks.o(.data)
    pxDelayedTaskList                        0x20000070   Data           4  tasks.o(.data)
    pxOverflowDelayedTaskList                0x20000074   Data           4  tasks.o(.data)
    .data                                    0x20000078   Section       20  timers.o(.data)
    xTimerQueue                              0x20000078   Data           4  timers.o(.data)
    xTimerTaskHandle                         0x2000007c   Data           4  timers.o(.data)
    xLastTime                                0x20000080   Data           4  timers.o(.data)
    pxCurrentTimerList                       0x20000084   Data           4  timers.o(.data)
    pxOverflowTimerList                      0x20000088   Data           4  timers.o(.data)
    .data                                    0x2000008c   Section       32  heap_4.o(.data)
    pxEnd                                    0x2000008c   Data           4  heap_4.o(.data)
    xFreeBytesRemaining                      0x20000090   Data           4  heap_4.o(.data)
    xMinimumEverFreeBytesRemaining           0x20000094   Data           4  heap_4.o(.data)
    xNumberOfSuccessfulAllocations           0x20000098   Data           4  heap_4.o(.data)
    xNumberOfSuccessfulFrees                 0x2000009c   Data           4  heap_4.o(.data)
    xBlockAllocatedBit                       0x200000a0   Data           4  heap_4.o(.data)
    xStart                                   0x200000a4   Data           8  heap_4.o(.data)
    .data                                    0x200000ac   Section       12  port.o(.data)
    ucMaxSysCallPriority                     0x200000ac   Data           1  port.o(.data)
    uxCriticalNesting                        0x200000b0   Data           4  port.o(.data)
    ulMaxPRIGROUPValue                       0x200000b4   Data           4  port.o(.data)
    .data                                    0x200000b8   Section        4  errno.o(.data)
    _errno                                   0x200000b8   Data           4  errno.o(.data)
    .bss                                     0x200000bc   Section       56  freertos.o(.bss)
    .bss                                     0x200000f4   Section      128  can.o(.bss)
    .bss                                     0x20000174   Section       32  rtc.o(.bss)
    .bss                                     0x20000194   Section       72  tim.o(.bss)
    .bss                                     0x200001dc   Section      164  usart.o(.bss)
    .bss                                     0x20000280   Section       72  stm32f4xx_hal_timebase_tim.o(.bss)
    .bss                                     0x200002c8   Section      808  control.o(.bss)
    .bss                                     0x200005f0   Section      112  control.o(.bss)
    .bss                                     0x20000660   Section      296  admittance_control.o(.bss)
    .bss                                     0x20000788   Section       32  filt.o(.bss)
    .bss                                     0x200007a8   Section       88  impedance_control.o(.bss)
    .bss                                     0x20000800   Section       40  switcher.o(.bss)
    .bss                                     0x20000828   Section     1287  serial_parser.o(.bss)
    g_rx_ring                                0x20000828   Data         516  serial_parser.o(.bss)
    g_parser                                 0x20000a2c   Data         515  serial_parser.o(.bss)
    .bss                                     0x20000d30   Section      120  compliance_ctrl.o(.bss)
    .bss                                     0x20000da8   Section       96  compliance_ctrl.o(.bss)
    .bss                                     0x20000e08   Section       24  compliance_ctrl.o(.bss)
    .bss                                     0x20000e20   Section       64  queue.o(.bss)
    .bss                                     0x20000e60   Section      240  tasks.o(.bss)
    pxReadyTasksLists                        0x20000e60   Data         140  tasks.o(.bss)
    xDelayedTaskList1                        0x20000eec   Data          20  tasks.o(.bss)
    xDelayedTaskList2                        0x20000f00   Data          20  tasks.o(.bss)
    xPendingReadyList                        0x20000f14   Data          20  tasks.o(.bss)
    xTasksWaitingTermination                 0x20000f28   Data          20  tasks.o(.bss)
    xSuspendedTaskList                       0x20000f3c   Data          20  tasks.o(.bss)
    .bss                                     0x20000f50   Section       40  timers.o(.bss)
    xActiveTimerList1                        0x20000f50   Data          20  timers.o(.bss)
    xActiveTimerList2                        0x20000f64   Data          20  timers.o(.bss)
    .bss                                     0x20000f78   Section    15360  heap_4.o(.bss)
    ucHeap                                   0x20000f78   Data       15360  heap_4.o(.bss)
    STACK                                    0x20004b78   Section     1024  startup_stm32f427xx.o(STACK)

    Global Symbols

    Symbol Name                              Value     Ov Type        Size  Object(Section)

    BuildAttributes$$THM_ISAv4$E$P$D$K$B$S$7EM$VFPi3$EXTD16$VFPS$VFMA$PE$A:L22UL41UL21$X:L11$S22US41US21$IEEE1$IW$USESV6$~STKCKD$USESV7$~SHL$OTIME$ROPI$IEEEX$EBA8$MICROLIB$REQ8$PRES8$EABIv2 0x00000000   Number         0  anon$$obj.o ABSOLUTE
    __ARM_use_no_argv                        0x00000000   Number         0  main.o ABSOLUTE
    __cpp_initialize__aeabi_                  - Undefined Weak Reference
    __cxa_finalize                            - Undefined Weak Reference
    __decompress                              - Undefined Weak Reference
    _clock_init                               - Undefined Weak Reference
    _microlib_exit                            - Undefined Weak Reference
    __Vectors_Size                           0x000001ac   Number         0  startup_stm32f427xx.o ABSOLUTE
    __Vectors                                0x08000000   Data           4  startup_stm32f427xx.o(RESET)
    __Vectors_End                            0x080001ac   Data           0  startup_stm32f427xx.o(RESET)
    __main                                   0x080001ad   Thumb Code     0  entry.o(.ARM.Collect$$$$00000000)
    _main_stk                                0x080001ad   Thumb Code     0  entry2.o(.ARM.Collect$$$$00000001)
    _main_scatterload                        0x080001b1   Thumb Code     0  entry5.o(.ARM.Collect$$$$00000004)
    __main_after_scatterload                 0x080001b5   Thumb Code     0  entry5.o(.ARM.Collect$$$$00000004)
    _main_clock                              0x080001b5   Thumb Code     0  entry7b.o(.ARM.Collect$$$$00000008)
    _main_cpp_init                           0x080001b5   Thumb Code     0  entry8b.o(.ARM.Collect$$$$0000000A)
    _main_init                               0x080001b5   Thumb Code     0  entry9a.o(.ARM.Collect$$$$0000000B)
    __rt_final_cpp                           0x080001bd   Thumb Code     0  entry10a.o(.ARM.Collect$$$$0000000D)
    __rt_final_exit                          0x080001bd   Thumb Code     0  entry11a.o(.ARM.Collect$$$$0000000F)
    SVC_Handler                              0x080001c1   Thumb Code    28  port.o(.emb_text)
    __asm___6_port_c_39a90d8d__prvStartFirstTask 0x080001e1   Thumb Code    36  port.o(.emb_text)
    __asm___6_port_c_39a90d8d__prvEnableVFP  0x08000209   Thumb Code    16  port.o(.emb_text)
    PendSV_Handler                           0x0800021d   Thumb Code    88  port.o(.emb_text)
    vPortGetIPSR                             0x08000279   Thumb Code     6  port.o(.emb_text)
    Reset_Handler                            0x08000281   Thumb Code     8  startup_stm32f427xx.o(.text)
    ADC_IRQHandler                           0x0800029b   Thumb Code     0  startup_stm32f427xx.o(.text)
    CAN1_RX1_IRQHandler                      0x0800029b   Thumb Code     0  startup_stm32f427xx.o(.text)
    CAN1_SCE_IRQHandler                      0x0800029b   Thumb Code     0  startup_stm32f427xx.o(.text)
    CAN1_TX_IRQHandler                       0x0800029b   Thumb Code     0  startup_stm32f427xx.o(.text)
    CAN2_RX1_IRQHandler                      0x0800029b   Thumb Code     0  startup_stm32f427xx.o(.text)
    CAN2_SCE_IRQHandler                      0x0800029b   Thumb Code     0  startup_stm32f427xx.o(.text)
    CAN2_TX_IRQHandler                       0x0800029b   Thumb Code     0  startup_stm32f427xx.o(.text)
    DCMI_IRQHandler                          0x0800029b   Thumb Code     0  startup_stm32f427xx.o(.text)
    DMA1_Stream0_IRQHandler                  0x0800029b   Thumb Code     0  startup_stm32f427xx.o(.text)
    DMA1_Stream1_IRQHandler                  0x0800029b   Thumb Code     0  startup_stm32f427xx.o(.text)
    DMA1_Stream2_IRQHandler                  0x0800029b   Thumb Code     0  startup_stm32f427xx.o(.text)
    DMA1_Stream3_IRQHandler                  0x0800029b   Thumb Code     0  startup_stm32f427xx.o(.text)
    DMA1_Stream4_IRQHandler                  0x0800029b   Thumb Code     0  startup_stm32f427xx.o(.text)
    DMA1_Stream5_IRQHandler                  0x0800029b   Thumb Code     0  startup_stm32f427xx.o(.text)
    DMA1_Stream6_IRQHandler                  0x0800029b   Thumb Code     0  startup_stm32f427xx.o(.text)
    DMA1_Stream7_IRQHandler                  0x0800029b   Thumb Code     0  startup_stm32f427xx.o(.text)
    DMA2D_IRQHandler                         0x0800029b   Thumb Code     0  startup_stm32f427xx.o(.text)
    DMA2_Stream0_IRQHandler                  0x0800029b   Thumb Code     0  startup_stm32f427xx.o(.text)
    DMA2_Stream2_IRQHandler                  0x0800029b   Thumb Code     0  startup_stm32f427xx.o(.text)
    DMA2_Stream3_IRQHandler                  0x0800029b   Thumb Code     0  startup_stm32f427xx.o(.text)
    DMA2_Stream4_IRQHandler                  0x0800029b   Thumb Code     0  startup_stm32f427xx.o(.text)
    DMA2_Stream5_IRQHandler                  0x0800029b   Thumb Code     0  startup_stm32f427xx.o(.text)
    DMA2_Stream6_IRQHandler                  0x0800029b   Thumb Code     0  startup_stm32f427xx.o(.text)
    DMA2_Stream7_IRQHandler                  0x0800029b   Thumb Code     0  startup_stm32f427xx.o(.text)
    ETH_IRQHandler                           0x0800029b   Thumb Code     0  startup_stm32f427xx.o(.text)
    ETH_WKUP_IRQHandler                      0x0800029b   Thumb Code     0  startup_stm32f427xx.o(.text)
    EXTI0_IRQHandler                         0x0800029b   Thumb Code     0  startup_stm32f427xx.o(.text)
    EXTI15_10_IRQHandler                     0x0800029b   Thumb Code     0  startup_stm32f427xx.o(.text)
    EXTI1_IRQHandler                         0x0800029b   Thumb Code     0  startup_stm32f427xx.o(.text)
    EXTI2_IRQHandler                         0x0800029b   Thumb Code     0  startup_stm32f427xx.o(.text)
    EXTI3_IRQHandler                         0x0800029b   Thumb Code     0  startup_stm32f427xx.o(.text)
    EXTI4_IRQHandler                         0x0800029b   Thumb Code     0  startup_stm32f427xx.o(.text)
    EXTI9_5_IRQHandler                       0x0800029b   Thumb Code     0  startup_stm32f427xx.o(.text)
    FLASH_IRQHandler                         0x0800029b   Thumb Code     0  startup_stm32f427xx.o(.text)
    FMC_IRQHandler                           0x0800029b   Thumb Code     0  startup_stm32f427xx.o(.text)
    FPU_IRQHandler                           0x0800029b   Thumb Code     0  startup_stm32f427xx.o(.text)
    HASH_RNG_IRQHandler                      0x0800029b   Thumb Code     0  startup_stm32f427xx.o(.text)
    I2C1_ER_IRQHandler                       0x0800029b   Thumb Code     0  startup_stm32f427xx.o(.text)
    I2C1_EV_IRQHandler                       0x0800029b   Thumb Code     0  startup_stm32f427xx.o(.text)
    I2C2_ER_IRQHandler                       0x0800029b   Thumb Code     0  startup_stm32f427xx.o(.text)
    I2C2_EV_IRQHandler                       0x0800029b   Thumb Code     0  startup_stm32f427xx.o(.text)
    I2C3_ER_IRQHandler                       0x0800029b   Thumb Code     0  startup_stm32f427xx.o(.text)
    I2C3_EV_IRQHandler                       0x0800029b   Thumb Code     0  startup_stm32f427xx.o(.text)
    OTG_FS_IRQHandler                        0x0800029b   Thumb Code     0  startup_stm32f427xx.o(.text)
    OTG_FS_WKUP_IRQHandler                   0x0800029b   Thumb Code     0  startup_stm32f427xx.o(.text)
    OTG_HS_EP1_IN_IRQHandler                 0x0800029b   Thumb Code     0  startup_stm32f427xx.o(.text)
    OTG_HS_EP1_OUT_IRQHandler                0x0800029b   Thumb Code     0  startup_stm32f427xx.o(.text)
    OTG_HS_IRQHandler                        0x0800029b   Thumb Code     0  startup_stm32f427xx.o(.text)
    OTG_HS_WKUP_IRQHandler                   0x0800029b   Thumb Code     0  startup_stm32f427xx.o(.text)
    PVD_IRQHandler                           0x0800029b   Thumb Code     0  startup_stm32f427xx.o(.text)
    RCC_IRQHandler                           0x0800029b   Thumb Code     0  startup_stm32f427xx.o(.text)
    RTC_Alarm_IRQHandler                     0x0800029b   Thumb Code     0  startup_stm32f427xx.o(.text)
    RTC_WKUP_IRQHandler                      0x0800029b   Thumb Code     0  startup_stm32f427xx.o(.text)
    SAI1_IRQHandler                          0x0800029b   Thumb Code     0  startup_stm32f427xx.o(.text)
    SDIO_IRQHandler                          0x0800029b   Thumb Code     0  startup_stm32f427xx.o(.text)
    SPI1_IRQHandler                          0x0800029b   Thumb Code     0  startup_stm32f427xx.o(.text)
    SPI2_IRQHandler                          0x0800029b   Thumb Code     0  startup_stm32f427xx.o(.text)
    SPI3_IRQHandler                          0x0800029b   Thumb Code     0  startup_stm32f427xx.o(.text)
    SPI4_IRQHandler                          0x0800029b   Thumb Code     0  startup_stm32f427xx.o(.text)
    SPI5_IRQHandler                          0x0800029b   Thumb Code     0  startup_stm32f427xx.o(.text)
    SPI6_IRQHandler                          0x0800029b   Thumb Code     0  startup_stm32f427xx.o(.text)
    TAMP_STAMP_IRQHandler                    0x0800029b   Thumb Code     0  startup_stm32f427xx.o(.text)
    TIM1_BRK_TIM9_IRQHandler                 0x0800029b   Thumb Code     0  startup_stm32f427xx.o(.text)
    TIM1_CC_IRQHandler                       0x0800029b   Thumb Code     0  startup_stm32f427xx.o(.text)
    TIM1_TRG_COM_TIM11_IRQHandler            0x0800029b   Thumb Code     0  startup_stm32f427xx.o(.text)
    TIM2_IRQHandler                          0x0800029b   Thumb Code     0  startup_stm32f427xx.o(.text)
    TIM3_IRQHandler                          0x0800029b   Thumb Code     0  startup_stm32f427xx.o(.text)
    TIM4_IRQHandler                          0x0800029b   Thumb Code     0  startup_stm32f427xx.o(.text)
    TIM5_IRQHandler                          0x0800029b   Thumb Code     0  startup_stm32f427xx.o(.text)
    TIM6_DAC_IRQHandler                      0x0800029b   Thumb Code     0  startup_stm32f427xx.o(.text)
    TIM7_IRQHandler                          0x0800029b   Thumb Code     0  startup_stm32f427xx.o(.text)
    TIM8_BRK_TIM12_IRQHandler                0x0800029b   Thumb Code     0  startup_stm32f427xx.o(.text)
    TIM8_CC_IRQHandler                       0x0800029b   Thumb Code     0  startup_stm32f427xx.o(.text)
    TIM8_TRG_COM_TIM14_IRQHandler            0x0800029b   Thumb Code     0  startup_stm32f427xx.o(.text)
    TIM8_UP_TIM13_IRQHandler                 0x0800029b   Thumb Code     0  startup_stm32f427xx.o(.text)
    UART4_IRQHandler                         0x0800029b   Thumb Code     0  startup_stm32f427xx.o(.text)
    UART5_IRQHandler                         0x0800029b   Thumb Code     0  startup_stm32f427xx.o(.text)
    UART7_IRQHandler                         0x0800029b   Thumb Code     0  startup_stm32f427xx.o(.text)
    UART8_IRQHandler                         0x0800029b   Thumb Code     0  startup_stm32f427xx.o(.text)
    USART1_IRQHandler                        0x0800029b   Thumb Code     0  startup_stm32f427xx.o(.text)
    USART2_IRQHandler                        0x0800029b   Thumb Code     0  startup_stm32f427xx.o(.text)
    USART3_IRQHandler                        0x0800029b   Thumb Code     0  startup_stm32f427xx.o(.text)
    WWDG_IRQHandler                          0x0800029b   Thumb Code     0  startup_stm32f427xx.o(.text)
    __aeabi_uldivmod                         0x080002a5   Thumb Code    98  uldiv.o(.text)
    __aeabi_memcpy                           0x08000307   Thumb Code    36  memcpya.o(.text)
    __aeabi_memcpy4                          0x08000307   Thumb Code     0  memcpya.o(.text)
    __aeabi_memcpy8                          0x08000307   Thumb Code     0  memcpya.o(.text)
    __aeabi_memset                           0x0800032b   Thumb Code    14  memseta.o(.text)
    __aeabi_memset4                          0x0800032b   Thumb Code     0  memseta.o(.text)
    __aeabi_memset8                          0x0800032b   Thumb Code     0  memseta.o(.text)
    __aeabi_memclr                           0x08000339   Thumb Code     4  memseta.o(.text)
    __aeabi_memclr4                          0x08000339   Thumb Code     0  memseta.o(.text)
    __aeabi_memclr8                          0x08000339   Thumb Code     0  memseta.o(.text)
    memset                                   0x0800033d   Thumb Code    18  memseta.o(.text)
    __aeabi_dadd                             0x0800034f   Thumb Code   322  dadd.o(.text)
    __aeabi_dsub                             0x08000491   Thumb Code     6  dadd.o(.text)
    __aeabi_drsub                            0x08000497   Thumb Code     6  dadd.o(.text)
    __aeabi_dmul                             0x0800049d   Thumb Code   228  dmul.o(.text)
    __aeabi_ddiv                             0x08000581   Thumb Code   222  ddiv.o(.text)
    __aeabi_i2d                              0x0800065f   Thumb Code    34  dflti.o(.text)
    __aeabi_cdcmpeq                          0x08000681   Thumb Code     0  cdcmple.o(.text)
    __aeabi_cdcmple                          0x08000681   Thumb Code    48  cdcmple.o(.text)
    __aeabi_cdrcmple                         0x080006b1   Thumb Code    48  cdrcmple.o(.text)
    __aeabi_d2f                              0x080006e1   Thumb Code    56  d2f.o(.text)
    __aeabi_llsl                             0x08000719   Thumb Code    30  llshl.o(.text)
    _ll_shift_l                              0x08000719   Thumb Code     0  llshl.o(.text)
    __aeabi_llsr                             0x08000737   Thumb Code    32  llushr.o(.text)
    _ll_ushift_r                             0x08000737   Thumb Code     0  llushr.o(.text)
    __aeabi_lasr                             0x08000757   Thumb Code    36  llsshr.o(.text)
    _ll_sshift_r                             0x08000757   Thumb Code     0  llsshr.o(.text)
    __strtod_int                             0x080007b3   Thumb Code    90  strtod.o(.text)
    __I$use$fp                               0x08000819   Thumb Code     0  iusefp.o(.text)
    _float_round                             0x08000819   Thumb Code    18  fepilogue.o(.text)
    _float_epilogue                          0x0800082b   Thumb Code    92  fepilogue.o(.text)
    _frem                                    0x08000887   Thumb Code    82  frem.o(.text)
    _double_round                            0x080008d9   Thumb Code    30  depilogue.o(.text)
    _double_epilogue                         0x080008f7   Thumb Code   156  depilogue.o(.text)
    __scatterload                            0x08000995   Thumb Code    28  init.o(.text)
    __scatterload_rt2                        0x08000995   Thumb Code     0  init.o(.text)
    isspace                                  0x080009b9   Thumb Code    10  isspace_c.o(.text)
    _scanf_real                              0x08000ac5   Thumb Code     0  scanf_fp.o(.text)
    _scanf_really_real                       0x08000ac5   Thumb Code   556  scanf_fp.o(.text)
    _sgetc                                   0x08000cfd   Thumb Code    30  _sgetc.o(.text)
    _sbackspace                              0x08000d1b   Thumb Code    34  _sgetc.o(.text)
    __aeabi_ui2d                             0x08000d3d   Thumb Code    26  dfltui.o(.text)
    __aeabi_d2iz                             0x08000d57   Thumb Code    62  dfixi.o(.text)
    __ctype_lookup                           0x08000d95   Thumb Code    34  ctype_c.o(.text)
    __aeabi_ul2d                             0x08000dbd   Thumb Code    24  dfltul.o(.text)
    Admittance_Compute                       0x08000dd5   Thumb Code    78  admittance_control.o(i.Admittance_Compute)
    Admittance_init                          0x08000e25   Thumb Code    76  admittance_control.o(i.Admittance_init)
    BusFault_Handler                         0x08000e79   Thumb Code     2  stm32f4xx_it.o(i.BusFault_Handler)
    CAN1_RX0_IRQHandler                      0x08000e7d   Thumb Code     6  stm32f4xx_it.o(i.CAN1_RX0_IRQHandler)
    CAN2_RX0_IRQHandler                      0x08000e89   Thumb Code     6  stm32f4xx_it.o(i.CAN2_RX0_IRQHandler)
    CAN_Send_Msg                             0x08000e95   Thumb Code    40  cansend.o(i.CAN_Send_Msg)
    Compliance_GetDefaultParams              0x08000ebd   Thumb Code   102  compliance_ctrl.o(i.Compliance_GetDefaultParams)
    Compliance_Init                          0x08000f35   Thumb Code    28  compliance_ctrl.o(i.Compliance_Init)
    Compliance_Reset                         0x08000f51   Thumb Code   122  compliance_ctrl.o(i.Compliance_Reset)
    Compliance_Update                        0x08000fd1   Thumb Code   324  compliance_ctrl.o(i.Compliance_Update)
    ControlTaskHandle                        0x0800111d   Thumb Code   120  freertos.o(i.ControlTaskHandle)
    DMA2_Stream1_IRQHandler                  0x080011a5   Thumb Code     6  stm32f4xx_it.o(i.DMA2_Stream1_IRQHandler)
    DebugMon_Handler                         0x08001255   Thumb Code     2  stm32f4xx_it.o(i.DebugMon_Handler)
    EnterMotorMode                           0x08001259   Thumb Code    36  cansend.o(i.EnterMotorMode)
    Error_Handler                            0x0800128d   Thumb Code     4  main.o(i.Error_Handler)
    FILT_init                                0x08001291   Thumb Code    18  filt.o(i.FILT_init)
    HAL_CAN_ActivateNotification             0x080012a9   Thumb Code    36  stm32f4xx_hal_can.o(i.HAL_CAN_ActivateNotification)
    HAL_CAN_AddTxMessage                     0x080012cd   Thumb Code   200  stm32f4xx_hal_can.o(i.HAL_CAN_AddTxMessage)
    HAL_CAN_ConfigFilter                     0x08001395   Thumb Code   262  stm32f4xx_hal_can.o(i.HAL_CAN_ConfigFilter)
    HAL_CAN_ErrorCallback                    0x080014a1   Thumb Code     2  stm32f4xx_hal_can.o(i.HAL_CAN_ErrorCallback)
    HAL_CAN_GetRxMessage                     0x080014a3   Thumb Code   232  stm32f4xx_hal_can.o(i.HAL_CAN_GetRxMessage)
    HAL_CAN_IRQHandler                       0x0800158b   Thumb Code   508  stm32f4xx_hal_can.o(i.HAL_CAN_IRQHandler)
    HAL_CAN_Init                             0x08001787   Thumb Code   282  stm32f4xx_hal_can.o(i.HAL_CAN_Init)
    HAL_CAN_MspInit                          0x080018a1   Thumb Code   228  can.o(i.HAL_CAN_MspInit)
    HAL_CAN_RxFifo0FullCallback              0x0800199d   Thumb Code     2  stm32f4xx_hal_can.o(i.HAL_CAN_RxFifo0FullCallback)
    HAL_CAN_RxFifo0MsgPendingCallback        0x080019a1   Thumb Code   186  can.o(i.HAL_CAN_RxFifo0MsgPendingCallback)
    HAL_CAN_RxFifo1FullCallback              0x08001a69   Thumb Code     2  stm32f4xx_hal_can.o(i.HAL_CAN_RxFifo1FullCallback)
    HAL_CAN_RxFifo1MsgPendingCallback        0x08001a6b   Thumb Code     2  stm32f4xx_hal_can.o(i.HAL_CAN_RxFifo1MsgPendingCallback)
    HAL_CAN_SleepCallback                    0x08001a6d   Thumb Code     2  stm32f4xx_hal_can.o(i.HAL_CAN_SleepCallback)
    HAL_CAN_Start                            0x08001a71   Thumb Code    88  stm32f4xx_hal_can.o(i.HAL_CAN_Start)
    HAL_CAN_TxMailbox0AbortCallback          0x08001ac9   Thumb Code     2  stm32f4xx_hal_can.o(i.HAL_CAN_TxMailbox0AbortCallback)
    HAL_CAN_TxMailbox0CompleteCallback       0x08001acb   Thumb Code     2  stm32f4xx_hal_can.o(i.HAL_CAN_TxMailbox0CompleteCallback)
    HAL_CAN_TxMailbox1AbortCallback          0x08001acd   Thumb Code     2  stm32f4xx_hal_can.o(i.HAL_CAN_TxMailbox1AbortCallback)
    HAL_CAN_TxMailbox1CompleteCallback       0x08001acf   Thumb Code     2  stm32f4xx_hal_can.o(i.HAL_CAN_TxMailbox1CompleteCallback)
    HAL_CAN_TxMailbox2AbortCallback          0x08001ad1   Thumb Code     2  stm32f4xx_hal_can.o(i.HAL_CAN_TxMailbox2AbortCallback)
    HAL_CAN_TxMailbox2CompleteCallback       0x08001ad3   Thumb Code     2  stm32f4xx_hal_can.o(i.HAL_CAN_TxMailbox2CompleteCallback)
    HAL_CAN_WakeUpFromRxMsgCallback          0x08001ad5   Thumb Code     2  stm32f4xx_hal_can.o(i.HAL_CAN_WakeUpFromRxMsgCallback)
    HAL_CRC_Init                             0x08001ad7   Thumb Code    34  stm32f4xx_hal_crc.o(i.HAL_CRC_Init)
    HAL_CRC_MspInit                          0x08001af9   Thumb Code    30  crc.o(i.HAL_CRC_MspInit)
    HAL_DMA_Abort                            0x08001b21   Thumb Code   146  stm32f4xx_hal_dma.o(i.HAL_DMA_Abort)
    HAL_DMA_Abort_IT                         0x08001bb3   Thumb Code    36  stm32f4xx_hal_dma.o(i.HAL_DMA_Abort_IT)
    HAL_DMA_IRQHandler                       0x08001bd9   Thumb Code   412  stm32f4xx_hal_dma.o(i.HAL_DMA_IRQHandler)
    HAL_DMA_Init                             0x08001d79   Thumb Code   206  stm32f4xx_hal_dma.o(i.HAL_DMA_Init)
    HAL_DMA_Start_IT                         0x08001e4d   Thumb Code   110  stm32f4xx_hal_dma.o(i.HAL_DMA_Start_IT)
    HAL_GPIO_Init                            0x08001ebd   Thumb Code   510  stm32f4xx_hal_gpio.o(i.HAL_GPIO_Init)
    HAL_GPIO_WritePin                        0x080020f1   Thumb Code    10  stm32f4xx_hal_gpio.o(i.HAL_GPIO_WritePin)
    HAL_GetTick                              0x080020fd   Thumb Code     6  stm32f4xx_hal.o(i.HAL_GetTick)
    HAL_IncTick                              0x08002109   Thumb Code    12  stm32f4xx_hal.o(i.HAL_IncTick)
    HAL_Init                                 0x08002119   Thumb Code    48  stm32f4xx_hal.o(i.HAL_Init)
    HAL_InitTick                             0x0800214d   Thumb Code   120  stm32f4xx_hal_timebase_tim.o(i.HAL_InitTick)
    HAL_MspInit                              0x080021d9   Thumb Code    52  stm32f4xx_hal_msp.o(i.HAL_MspInit)
    HAL_NVIC_EnableIRQ                       0x08002211   Thumb Code    26  stm32f4xx_hal_cortex.o(i.HAL_NVIC_EnableIRQ)
    HAL_NVIC_SetPriority                     0x0800222d   Thumb Code    60  stm32f4xx_hal_cortex.o(i.HAL_NVIC_SetPriority)
    HAL_NVIC_SetPriorityGrouping             0x0800226d   Thumb Code    26  stm32f4xx_hal_cortex.o(i.HAL_NVIC_SetPriorityGrouping)
    HAL_RCCEx_PeriphCLKConfig                0x08002291   Thumb Code   560  stm32f4xx_hal_rcc_ex.o(i.HAL_RCCEx_PeriphCLKConfig)
    HAL_RCC_ClockConfig                      0x080024e5   Thumb Code   288  stm32f4xx_hal_rcc.o(i.HAL_RCC_ClockConfig)
    HAL_RCC_GetClockConfig                   0x08002619   Thumb Code    54  stm32f4xx_hal_rcc.o(i.HAL_RCC_GetClockConfig)
    HAL_RCC_GetPCLK1Freq                     0x08002659   Thumb Code    20  stm32f4xx_hal_rcc.o(i.HAL_RCC_GetPCLK1Freq)
    HAL_RCC_GetPCLK2Freq                     0x08002679   Thumb Code    20  stm32f4xx_hal_rcc.o(i.HAL_RCC_GetPCLK2Freq)
    HAL_RCC_GetSysClockFreq                  0x08002699   Thumb Code    88  stm32f4xx_hal_rcc.o(i.HAL_RCC_GetSysClockFreq)
    HAL_RCC_OscConfig                        0x080026fd   Thumb Code   856  stm32f4xx_hal_rcc.o(i.HAL_RCC_OscConfig)
    HAL_RTC_Init                             0x08002a69   Thumb Code   136  stm32f4xx_hal_rtc.o(i.HAL_RTC_Init)
    HAL_RTC_MspInit                          0x08002af5   Thumb Code    52  rtc.o(i.HAL_RTC_MspInit)
    HAL_RTC_WaitForSynchro                   0x08002b31   Thumb Code    54  stm32f4xx_hal_rtc.o(i.HAL_RTC_WaitForSynchro)
    HAL_TIMEx_BreakCallback                  0x08002b67   Thumb Code     2  stm32f4xx_hal_tim_ex.o(i.HAL_TIMEx_BreakCallback)
    HAL_TIMEx_CommutCallback                 0x08002b69   Thumb Code     2  stm32f4xx_hal_tim_ex.o(i.HAL_TIMEx_CommutCallback)
    HAL_TIMEx_MasterConfigSynchronization    0x08002b6d   Thumb Code   116  stm32f4xx_hal_tim_ex.o(i.HAL_TIMEx_MasterConfigSynchronization)
    HAL_TIM_Base_Init                        0x08002bfd   Thumb Code    90  stm32f4xx_hal_tim.o(i.HAL_TIM_Base_Init)
    HAL_TIM_Base_MspInit                     0x08002c59   Thumb Code    30  tim.o(i.HAL_TIM_Base_MspInit)
    HAL_TIM_Base_Start_IT                    0x08002c7d   Thumb Code   100  stm32f4xx_hal_tim.o(i.HAL_TIM_Base_Start_IT)
    HAL_TIM_ConfigClockSource                0x08002cfd   Thumb Code   220  stm32f4xx_hal_tim.o(i.HAL_TIM_ConfigClockSource)
    HAL_TIM_IC_CaptureCallback               0x08002dd9   Thumb Code     2  stm32f4xx_hal_tim.o(i.HAL_TIM_IC_CaptureCallback)
    HAL_TIM_IRQHandler                       0x08002ddb   Thumb Code   358  stm32f4xx_hal_tim.o(i.HAL_TIM_IRQHandler)
    HAL_TIM_OC_DelayElapsedCallback          0x08002f41   Thumb Code     2  stm32f4xx_hal_tim.o(i.HAL_TIM_OC_DelayElapsedCallback)
    HAL_TIM_PWM_PulseFinishedCallback        0x08002f43   Thumb Code     2  stm32f4xx_hal_tim.o(i.HAL_TIM_PWM_PulseFinishedCallback)
    HAL_TIM_PeriodElapsedCallback            0x08002f45   Thumb Code    14  main.o(i.HAL_TIM_PeriodElapsedCallback)
    HAL_TIM_TriggerCallback                  0x08002f59   Thumb Code     2  stm32f4xx_hal_tim.o(i.HAL_TIM_TriggerCallback)
    HAL_UARTEx_RxEventCallback               0x08002f5b   Thumb Code     2  stm32f4xx_hal_uart.o(i.HAL_UARTEx_RxEventCallback)
    HAL_UART_ErrorCallback                   0x08002f5d   Thumb Code     2  stm32f4xx_hal_uart.o(i.HAL_UART_ErrorCallback)
    HAL_UART_IRQHandler                      0x08002f61   Thumb Code   610  stm32f4xx_hal_uart.o(i.HAL_UART_IRQHandler)
    HAL_UART_Init                            0x080031c9   Thumb Code    98  stm32f4xx_hal_uart.o(i.HAL_UART_Init)
    HAL_UART_MspInit                         0x0800322d   Thumb Code   158  usart.o(i.HAL_UART_MspInit)
    HAL_UART_Receive_DMA                     0x080032e1   Thumb Code    42  stm32f4xx_hal_uart.o(i.HAL_UART_Receive_DMA)
    HAL_UART_Receive_IT                      0x0800330b   Thumb Code    42  stm32f4xx_hal_uart.o(i.HAL_UART_Receive_IT)
    HAL_UART_RxCpltCallback                  0x08003335   Thumb Code    34  usart.o(i.HAL_UART_RxCpltCallback)
    HAL_UART_RxHalfCpltCallback              0x08003369   Thumb Code     2  stm32f4xx_hal_uart.o(i.HAL_UART_RxHalfCpltCallback)
    HAL_UART_Transmit                        0x0800336d   Thumb Code   178  stm32f4xx_hal_uart.o(i.HAL_UART_Transmit)
    HAL_UART_TxCpltCallback                  0x0800341f   Thumb Code     2  stm32f4xx_hal_uart.o(i.HAL_UART_TxCpltCallback)
    HardFault_Handler                        0x08003421   Thumb Code     2  stm32f4xx_it.o(i.HardFault_Handler)
    ImpedanceCtrl_Init                       0x08003423   Thumb Code    16  impedance_control.o(i.ImpedanceCtrl_Init)
    Impedance_Set                            0x08003433   Thumb Code    14  impedance_control.o(i.Impedance_Set)
    Kalman_Init                              0x08003441   Thumb Code    24  filt.o(i.Kalman_Init)
    Kalman_Predict                           0x0800345d   Thumb Code    70  filt.o(i.Kalman_Predict)
    LPF_Init                                 0x080034a5   Thumb Code    42  filt.o(i.LPF_Init)
    MX_CAN1_Init                             0x080034d9   Thumb Code    78  can.o(i.MX_CAN1_Init)
    MX_CAN2_Init                             0x08003531   Thumb Code    78  can.o(i.MX_CAN2_Init)
    MX_CRC_Init                              0x08003589   Thumb Code    28  crc.o(i.MX_CRC_Init)
    MX_DMA_Init                              0x080035ad   Thumb Code    40  dma.o(i.MX_DMA_Init)
    MX_FREERTOS_Init                         0x080035d9   Thumb Code   120  freertos.o(i.MX_FREERTOS_Init)
    MX_GPIO_Init                             0x08003661   Thumb Code   274  gpio.o(i.MX_GPIO_Init)
    MX_RTC_Init                              0x0800378d   Thumb Code    44  rtc.o(i.MX_RTC_Init)
    MX_TIM2_Init                             0x080037c1   Thumb Code    94  tim.o(i.MX_TIM2_Init)
    MX_USART6_UART_Init                      0x08003825   Thumb Code    48  usart.o(i.MX_USART6_UART_Init)
    MemManage_Handler                        0x0800385d   Thumb Code     2  stm32f4xx_it.o(i.MemManage_Handler)
    NMI_Handler                              0x0800385f   Thumb Code     2  stm32f4xx_it.o(i.NMI_Handler)
    RTC_EnterInitMode                        0x08003861   Thumb Code    72  stm32f4xx_hal_rtc.o(i.RTC_EnterInitMode)
    RTC_ExitInitMode                         0x080038a9   Thumb Code    42  stm32f4xx_hal_rtc.o(i.RTC_ExitInitMode)
    Receive_pc_debug                         0x080038d3   Thumb Code    90  calculate.o(i.Receive_pc_debug)
    SendPCTask                               0x0800392d   Thumb Code    44  freertos.o(i.SendPCTask)
    SysTick_Handler                          0x0800395d   Thumb Code    38  port.o(i.SysTick_Handler)
    SystemClock_Config                       0x08003989   Thumb Code   146  main.o(i.SystemClock_Config)
    SystemInit                               0x08003a25   Thumb Code    12  system_stm32f4xx.o(i.SystemInit)
    TIM1_UP_TIM10_IRQHandler                 0x08003a35   Thumb Code     6  stm32f4xx_it.o(i.TIM1_UP_TIM10_IRQHandler)
    TIM_Base_SetConfig                       0x08003a41   Thumb Code   156  stm32f4xx_hal_tim.o(i.TIM_Base_SetConfig)
    TIM_ETR_SetConfig                        0x08003b09   Thumb Code    20  stm32f4xx_hal_tim.o(i.TIM_ETR_SetConfig)
    UART_SendByte                            0x08003d95   Thumb Code    16  tcpsend.o(i.UART_SendByte)
    UART_Start_Receive_DMA                   0x08003eb5   Thumb Code   134  stm32f4xx_hal_uart.o(i.UART_Start_Receive_DMA)
    UART_Start_Receive_IT                    0x08003f49   Thumb Code    58  stm32f4xx_hal_uart.o(i.UART_Start_Receive_IT)
    USART6_IRQHandler                        0x08003ffd   Thumb Code    32  stm32f4xx_it.o(i.USART6_IRQHandler)
    UsageFault_Handler                       0x08004021   Thumb Code     2  stm32f4xx_it.o(i.UsageFault_Handler)
    Virtual_init                             0x08004025   Thumb Code    18  switcher.o(i.Virtual_init)
    __ARM_fpclassify                         0x0800403d   Thumb Code    48  fpclassify.o(i.__ARM_fpclassify)
    __hardfp_atof                            0x08004091   Thumb Code    44  atof.o(i.__hardfp_atof)
    __hardfp_cos                             0x080040c9   Thumb Code   180  cos.o(i.__hardfp_cos)
    __hardfp_fmaxf                           0x08004191   Thumb Code    16  cansend.o(i.__hardfp_fmaxf)
    __hardfp_fminf                           0x080041a1   Thumb Code    16  cansend.o(i.__hardfp_fminf)
    __hardfp_fmodf                           0x080041b1   Thumb Code   176  fmodf.o(i.__hardfp_fmodf)
    __hardfp_sin                             0x08004261   Thumb Code   180  sin.o(i.__hardfp_sin)
    __ieee754_rem_pio2                       0x08004329   Thumb Code   938  rred.o(i.__ieee754_rem_pio2)
    __kernel_cos                             0x08004761   Thumb Code   322  cos_i.o(i.__kernel_cos)
    __kernel_poly                            0x080048d1   Thumb Code   248  poly.o(i.__kernel_poly)
    __kernel_sin                             0x080049c9   Thumb Code   280  sin_i.o(i.__kernel_sin)
    __mathlib_dbl_infnan                     0x08004af9   Thumb Code    20  dunder.o(i.__mathlib_dbl_infnan)
    __mathlib_dbl_invalid                    0x08004b11   Thumb Code    24  dunder.o(i.__mathlib_dbl_invalid)
    __mathlib_dbl_underflow                  0x08004b31   Thumb Code    24  dunder.o(i.__mathlib_dbl_underflow)
    __mathlib_flt_invalid                    0x08004b51   Thumb Code    10  funder.o(i.__mathlib_flt_invalid)
    __read_errno                             0x08004b61   Thumb Code     6  errno.o(i.__read_errno)
    __scatterload_copy                       0x08004b6d   Thumb Code    14  handlers.o(i.__scatterload_copy)
    __scatterload_null                       0x08004b7b   Thumb Code     2  handlers.o(i.__scatterload_null)
    __scatterload_zeroinit                   0x08004b7d   Thumb Code    14  handlers.o(i.__scatterload_zeroinit)
    __set_errno                              0x08004b8d   Thumb Code     6  errno.o(i.__set_errno)
    _is_digit                                0x08004b99   Thumb Code    14  scanf_fp.o(i._is_digit)
    fabs                                     0x08004dbd   Thumb Code    24  fabs.o(i.fabs)
    fb_creater                               0x08004dd5   Thumb Code     2  compliance_ctrl.o(i.fb_creater)
    float_to_uint                            0x08004dd7   Thumb Code    40  cansend.o(i.float_to_uint)
    get_acc                                  0x08004e01   Thumb Code   196  freertos.o(i.get_acc)
    get_angle                                0x08004ed9   Thumb Code   200  freertos.o(i.get_angle)
    get_velocity                             0x08004fb5   Thumb Code   176  freertos.o(i.get_velocity)
    joint_init                               0x08005079   Thumb Code   140  control.o(i.joint_init)
    joint_pack                               0x08005111   Thumb Code    84  tcpsend.o(i.joint_pack)
    joint_set                                0x08005165   Thumb Code    18  control.o(i.joint_set)
    main                                     0x08005179   Thumb Code   298  main.o(i.main)
    my_can_filter_init_recv_all              0x080052dd   Thumb Code    56  can.o(i.my_can_filter_init_recv_all)
    osKernelStart                            0x08005319   Thumb Code    10  cmsis_os.o(i.osKernelStart)
    osThreadCreate                           0x08005323   Thumb Code    46  cmsis_os.o(i.osThreadCreate)
    pack_cmd                                 0x08005351   Thumb Code   276  cansend.o(i.pack_cmd)
    parse_floats                             0x08005479   Thumb Code    36  serial_parser.o(i.parse_floats)
    pvPortMalloc                             0x08005bd5   Thumb Code   216  heap_4.o(i.pvPortMalloc)
    pxPortInitialiseStack                    0x08005cb1   Thumb Code    40  port.o(i.pxPortInitialiseStack)
    scheduleTask                             0x08005cdd   Thumb Code   460  freertos.o(i.scheduleTask)
    sendData                                 0x08005eed   Thumb Code    50  tcpsend.o(i.sendData)
    serial_parse_frame                       0x08005f21   Thumb Code   188  serial_parser.o(i.serial_parse_frame)
    serial_parser_init                       0x08005fe5   Thumb Code    28  serial_parser.o(i.serial_parser_init)
    serial_rx_irq_handler                    0x08006005   Thumb Code    24  serial_parser.o(i.serial_rx_irq_handler)
    traj_creater                             0x08006021   Thumb Code     2  compliance_ctrl.o(i.traj_creater)
    uart_rx_idle_callback                    0x08006025   Thumb Code    68  serial_parser.o(i.uart_rx_idle_callback)
    uint_to_float                            0x08006075   Thumb Code    40  cansend.o(i.uint_to_float)
    unpack_reply                             0x0800609d   Thumb Code   102  cansend.o(i.unpack_reply)
    uxListRemove                             0x0800610d   Thumb Code    38  list.o(i.uxListRemove)
    vListInitialise                          0x08006133   Thumb Code    22  list.o(i.vListInitialise)
    vListInitialiseItem                      0x08006149   Thumb Code     6  list.o(i.vListInitialiseItem)
    vListInsert                              0x0800614f   Thumb Code    48  list.o(i.vListInsert)
    vListInsertEnd                           0x0800617f   Thumb Code    24  list.o(i.vListInsertEnd)
    vPortEnterCritical                       0x08006199   Thumb Code    54  port.o(i.vPortEnterCritical)
    vPortExitCritical                        0x080061d9   Thumb Code    34  port.o(i.vPortExitCritical)
    vPortFree                                0x08006201   Thumb Code    94  heap_4.o(i.vPortFree)
    vPortSetupTimerInterrupt                 0x08006265   Thumb Code    32  port.o(i.vPortSetupTimerInterrupt)
    vPortValidateInterruptPriority           0x08006289   Thumb Code    74  port.o(i.vPortValidateInterruptPriority)
    vQueueAddToRegistry                      0x080062dd   Thumb Code    34  queue.o(i.vQueueAddToRegistry)
    vQueueWaitForMessageRestricted           0x08006305   Thumb Code    68  queue.o(i.vQueueWaitForMessageRestricted)
    vTaskDelayUntil                          0x08006349   Thumb Code   132  tasks.o(i.vTaskDelayUntil)
    vTaskInternalSetTimeOutState             0x080063d5   Thumb Code    12  tasks.o(i.vTaskInternalSetTimeOutState)
    vTaskMissedYield                         0x080063e5   Thumb Code     8  tasks.o(i.vTaskMissedYield)
    vTaskPlaceOnEventList                    0x080063f1   Thumb Code    44  tasks.o(i.vTaskPlaceOnEventList)
    vTaskPlaceOnEventListRestricted          0x08006421   Thumb Code    52  tasks.o(i.vTaskPlaceOnEventListRestricted)
    vTaskStartScheduler                      0x08006459   Thumb Code    94  tasks.o(i.vTaskStartScheduler)
    vTaskSuspendAll                          0x080064c9   Thumb Code    10  tasks.o(i.vTaskSuspendAll)
    vTaskSwitchContext                       0x080064d9   Thumb Code    82  tasks.o(i.vTaskSwitchContext)
    xPortStartScheduler                      0x08006535   Thumb Code   222  port.o(i.xPortStartScheduler)
    xQueueGenericCreate                      0x08006629   Thumb Code    66  queue.o(i.xQueueGenericCreate)
    xQueueGenericReset                       0x0800666d   Thumb Code   132  queue.o(i.xQueueGenericReset)
    xQueueGenericSend                        0x080066f5   Thumb Code   346  queue.o(i.xQueueGenericSend)
    xQueueGenericSendFromISR                 0x08006855   Thumb Code   190  queue.o(i.xQueueGenericSendFromISR)
    xQueueReceive                            0x08006915   Thumb Code   308  queue.o(i.xQueueReceive)
    xTaskCheckForTimeOut                     0x08006a4d   Thumb Code   112  tasks.o(i.xTaskCheckForTimeOut)
    xTaskCreate                              0x08006ac1   Thumb Code    86  tasks.o(i.xTaskCreate)
    xTaskGetSchedulerState                   0x08006b19   Thumb Code    22  tasks.o(i.xTaskGetSchedulerState)
    xTaskGetTickCount                        0x08006b35   Thumb Code     6  tasks.o(i.xTaskGetTickCount)
    xTaskIncrementTick                       0x08006b41   Thumb Code   194  tasks.o(i.xTaskIncrementTick)
    xTaskPriorityDisinherit                  0x08006c0d   Thumb Code   144  tasks.o(i.xTaskPriorityDisinherit)
    xTaskRemoveFromEventList                 0x08006ca5   Thumb Code   108  tasks.o(i.xTaskRemoveFromEventList)
    xTaskResumeAll                           0x08006d19   Thumb Code   182  tasks.o(i.xTaskResumeAll)
    xTimerCreateTimerTask                    0x08006ddd   Thumb Code    56  timers.o(i.xTimerCreateTimerTask)
    xTimerGenericCommand                     0x08006e25   Thumb Code    92  timers.o(i.xTimerGenericCommand)
    AHBPrescTable                            0x08006f0c   Data          16  system_stm32f4xx.o(.constdata)
    APBPrescTable                            0x08006f1c   Data           8  system_stm32f4xx.o(.constdata)
    __ctype_categories                       0x08007048   Data          64  ctype_c.o(.constdata)
    Region$$Table$$Base                      0x080070a4   Number         0  anon$$obj.o(Region$$Table)
    Region$$Table$$Limit                     0x080070c4   Number         0  anon$$obj.o(Region$$Table)
    mode                                     0x20000000   Data           1  freertos.o(.data)
    control_flag                             0x20000004   Data           4  freertos.o(.data)
    p                                        0x20000008   Data           4  freertos.o(.data)
    d                                        0x2000000c   Data           4  freertos.o(.data)
    SendPCHandle                             0x20000010   Data           4  freertos.o(.data)
    ScheduleHandle                           0x20000014   Data           4  freertos.o(.data)
    ControlHandle                            0x20000018   Data           4  freertos.o(.data)
    hcrc                                     0x20000020   Data           8  crc.o(.data)
    uwTickFreq                               0x20000028   Data           1  stm32f4xx_hal.o(.data)
    uwTickPrio                               0x2000002c   Data           4  stm32f4xx_hal.o(.data)
    uwTick                                   0x20000030   Data           4  stm32f4xx_hal.o(.data)
    SystemCoreClock                          0x20000034   Data           4  system_stm32f4xx.o(.data)
    uart_dma_last_pos                        0x20000038   Data           2  serial_parser.o(.data)
    pxCurrentTCB                             0x2000003c   Data           4  tasks.o(.data)
    cmd                                      0x200000bc   Data          24  freertos.o(.bss)
    global_values                            0x200000d4   Data          32  freertos.o(.bss)
    packet                                   0x200000f4   Data          48  can.o(.bss)
    hcan1                                    0x20000124   Data          40  can.o(.bss)
    hcan2                                    0x2000014c   Data          40  can.o(.bss)
    hrtc                                     0x20000174   Data          32  rtc.o(.bss)
    htim2                                    0x20000194   Data          72  tim.o(.bss)
    huart6                                   0x200001dc   Data          68  usart.o(.bss)
    hdma_usart6_rx                           0x20000220   Data          96  usart.o(.bss)
    htim1                                    0x20000280   Data          72  stm32f4xx_hal_timebase_tim.o(.bss)
    joint                                    0x200002c8   Data         808  control.o(.bss)
    motor_parameter                          0x200005f0   Data         112  control.o(.bss)
    ACtrl                                    0x20000660   Data         296  admittance_control.o(.bss)
    joint_lpf                                0x20000788   Data          32  filt.o(.bss)
    Ictrl                                    0x200007a8   Data          88  impedance_control.o(.bss)
    virtual_state                            0x20000800   Data          40  switcher.o(.bss)
    uart_dma_rx_buf                          0x20000c2f   Data         256  serial_parser.o(.bss)
    comp_params                              0x20000d30   Data         120  compliance_ctrl.o(.bss)
    comp_state                               0x20000da8   Data          96  compliance_ctrl.o(.bss)
    comp_output                              0x20000e08   Data          24  compliance_ctrl.o(.bss)
    xQueueRegistry                           0x20000e20   Data          64  queue.o(.bss)
    __initial_sp                             0x20004f78   Data           0  startup_stm32f427xx.o(STACK)



==============================================================================

Memory Map of the image

  Image Entry point : 0x080001ad

  Load Region LR_IROM1 (Base: 0x08000000, Size: 0x00007180, Max: 0x00200000, ABSOLUTE)

    Execution Region ER_IROM1 (Base: 0x08000000, Size: 0x000070c4, Max: 0x00200000, ABSOLUTE)

    Base Addr    Size         Type   Attr      Idx    E Section Name        Object

    0x08000000   0x000001ac   Data   RO            3    RESET               startup_stm32f427xx.o
    0x080001ac   0x00000000   Code   RO         6269  * .ARM.Collect$$$$00000000  mc_w.l(entry.o)
    0x080001ac   0x00000004   Code   RO         6354    .ARM.Collect$$$$00000001  mc_w.l(entry2.o)
    0x080001b0   0x00000004   Code   RO         6357    .ARM.Collect$$$$00000004  mc_w.l(entry5.o)
    0x080001b4   0x00000000   Code   RO         6359    .ARM.Collect$$$$00000008  mc_w.l(entry7b.o)
    0x080001b4   0x00000000   Code   RO         6361    .ARM.Collect$$$$0000000A  mc_w.l(entry8b.o)
    0x080001b4   0x00000008   Code   RO         6362    .ARM.Collect$$$$0000000B  mc_w.l(entry9a.o)
    0x080001bc   0x00000000   Code   RO         6364    .ARM.Collect$$$$0000000D  mc_w.l(entry10a.o)
    0x080001bc   0x00000000   Code   RO         6366    .ARM.Collect$$$$0000000F  mc_w.l(entry11a.o)
    0x080001bc   0x00000004   Code   RO         6355    .ARM.Collect$$$$00002712  mc_w.l(entry2.o)
    0x080001c0   0x000000be   Code   RO         6126    .emb_text           port.o
    0x0800027e   0x00000002   PAD
    0x08000280   0x00000024   Code   RO            4    .text               startup_stm32f427xx.o
    0x080002a4   0x00000062   Code   RO         6272    .text               mc_w.l(uldiv.o)
    0x08000306   0x00000024   Code   RO         6274    .text               mc_w.l(memcpya.o)
    0x0800032a   0x00000024   Code   RO         6278    .text               mc_w.l(memseta.o)
    0x0800034e   0x0000014e   Code   RO         6282    .text               mf_w.l(dadd.o)
    0x0800049c   0x000000e4   Code   RO         6284    .text               mf_w.l(dmul.o)
    0x08000580   0x000000de   Code   RO         6286    .text               mf_w.l(ddiv.o)
    0x0800065e   0x00000022   Code   RO         6290    .text               mf_w.l(dflti.o)
    0x08000680   0x00000030   Code   RO         6294    .text               mf_w.l(cdcmple.o)
    0x080006b0   0x00000030   Code   RO         6296    .text               mf_w.l(cdrcmple.o)
    0x080006e0   0x00000038   Code   RO         6298    .text               mf_w.l(d2f.o)
    0x08000718   0x0000001e   Code   RO         6368    .text               mc_w.l(llshl.o)
    0x08000736   0x00000020   Code   RO         6370    .text               mc_w.l(llushr.o)
    0x08000756   0x00000024   Code   RO         6372    .text               mc_w.l(llsshr.o)
    0x0800077a   0x00000002   PAD
    0x0800077c   0x0000009c   Code   RO         6381    .text               mc_w.l(strtod.o)
    0x08000818   0x00000000   Code   RO         6383    .text               mc_w.l(iusefp.o)
    0x08000818   0x0000006e   Code   RO         6384    .text               mf_w.l(fepilogue.o)
    0x08000886   0x00000052   Code   RO         6386    .text               mf_w.l(frem.o)
    0x080008d8   0x000000ba   Code   RO         6388    .text               mf_w.l(depilogue.o)
    0x08000992   0x00000002   PAD
    0x08000994   0x00000024   Code   RO         6402    .text               mc_w.l(init.o)
    0x080009b8   0x0000000a   Code   RO         6404    .text               mc_w.l(isspace_c.o)
    0x080009c2   0x00000002   PAD
    0x080009c4   0x00000338   Code   RO         6406    .text               mc_w.l(scanf_fp.o)
    0x08000cfc   0x00000040   Code   RO         6410    .text               mc_w.l(_sgetc.o)
    0x08000d3c   0x0000001a   Code   RO         6412    .text               mf_w.l(dfltui.o)
    0x08000d56   0x0000003e   Code   RO         6414    .text               mf_w.l(dfixi.o)
    0x08000d94   0x00000028   Code   RO         6416    .text               mc_w.l(ctype_c.o)
    0x08000dbc   0x00000018   Code   RO         6419    .text               mf_w.l(dfltul.o)
    0x08000dd4   0x0000004e   Code   RO         4365    i.Admittance_Compute  admittance_control.o
    0x08000e22   0x00000002   PAD
    0x08000e24   0x00000054   Code   RO         4367    i.Admittance_init   admittance_control.o
    0x08000e78   0x00000002   Code   RO          680    i.BusFault_Handler  stm32f4xx_it.o
    0x08000e7a   0x00000002   PAD
    0x08000e7c   0x0000000c   Code   RO          681    i.CAN1_RX0_IRQHandler  stm32f4xx_it.o
    0x08000e88   0x0000000c   Code   RO          682    i.CAN2_RX0_IRQHandler  stm32f4xx_it.o
    0x08000e94   0x00000028   Code   RO         4108    i.CAN_Send_Msg      cansend.o
    0x08000ebc   0x00000078   Code   RO         4734    i.Compliance_GetDefaultParams  compliance_ctrl.o
    0x08000f34   0x0000001c   Code   RO         4735    i.Compliance_Init   compliance_ctrl.o
    0x08000f50   0x00000080   Code   RO         4736    i.Compliance_Reset  compliance_ctrl.o
    0x08000fd0   0x0000014c   Code   RO         4740    i.Compliance_Update  compliance_ctrl.o
    0x0800111c   0x00000088   Code   RO          324    i.ControlTaskHandle  freertos.o
    0x080011a4   0x0000000c   Code   RO          683    i.DMA2_Stream1_IRQHandler  stm32f4xx_it.o
    0x080011b0   0x00000028   Code   RO         1576    i.DMA_CalcBaseAndBitshift  stm32f4xx_hal_dma.o
    0x080011d8   0x00000054   Code   RO         1577    i.DMA_CheckFifoParam  stm32f4xx_hal_dma.o
    0x0800122c   0x00000028   Code   RO         1578    i.DMA_SetConfig     stm32f4xx_hal_dma.o
    0x08001254   0x00000002   Code   RO          684    i.DebugMon_Handler  stm32f4xx_it.o
    0x08001256   0x00000002   PAD
    0x08001258   0x00000034   Code   RO         4109    i.EnterMotorMode    cansend.o
    0x0800128c   0x00000004   Code   RO           13    i.Error_Handler     main.o
    0x08001290   0x00000018   Code   RO         4416    i.FILT_init         filt.o
    0x080012a8   0x00000024   Code   RO          832    i.HAL_CAN_ActivateNotification  stm32f4xx_hal_can.o
    0x080012cc   0x000000c8   Code   RO          833    i.HAL_CAN_AddTxMessage  stm32f4xx_hal_can.o
    0x08001394   0x0000010c   Code   RO          834    i.HAL_CAN_ConfigFilter  stm32f4xx_hal_can.o
    0x080014a0   0x00000002   Code   RO          837    i.HAL_CAN_ErrorCallback  stm32f4xx_hal_can.o
    0x080014a2   0x000000e8   Code   RO          840    i.HAL_CAN_GetRxMessage  stm32f4xx_hal_can.o
    0x0800158a   0x000001fc   Code   RO          844    i.HAL_CAN_IRQHandler  stm32f4xx_hal_can.o
    0x08001786   0x0000011a   Code   RO          845    i.HAL_CAN_Init      stm32f4xx_hal_can.o
    0x080018a0   0x000000fc   Code   RO          416    i.HAL_CAN_MspInit   can.o
    0x0800199c   0x00000002   Code   RO          852    i.HAL_CAN_RxFifo0FullCallback  stm32f4xx_hal_can.o
    0x0800199e   0x00000002   PAD
    0x080019a0   0x000000c8   Code   RO          417    i.HAL_CAN_RxFifo0MsgPendingCallback  can.o
    0x08001a68   0x00000002   Code   RO          854    i.HAL_CAN_RxFifo1FullCallback  stm32f4xx_hal_can.o
    0x08001a6a   0x00000002   Code   RO          855    i.HAL_CAN_RxFifo1MsgPendingCallback  stm32f4xx_hal_can.o
    0x08001a6c   0x00000002   Code   RO          856    i.HAL_CAN_SleepCallback  stm32f4xx_hal_can.o
    0x08001a6e   0x00000002   PAD
    0x08001a70   0x00000058   Code   RO          857    i.HAL_CAN_Start     stm32f4xx_hal_can.o
    0x08001ac8   0x00000002   Code   RO          859    i.HAL_CAN_TxMailbox0AbortCallback  stm32f4xx_hal_can.o
    0x08001aca   0x00000002   Code   RO          860    i.HAL_CAN_TxMailbox0CompleteCallback  stm32f4xx_hal_can.o
    0x08001acc   0x00000002   Code   RO          861    i.HAL_CAN_TxMailbox1AbortCallback  stm32f4xx_hal_can.o
    0x08001ace   0x00000002   Code   RO          862    i.HAL_CAN_TxMailbox1CompleteCallback  stm32f4xx_hal_can.o
    0x08001ad0   0x00000002   Code   RO          863    i.HAL_CAN_TxMailbox2AbortCallback  stm32f4xx_hal_can.o
    0x08001ad2   0x00000002   Code   RO          864    i.HAL_CAN_TxMailbox2CompleteCallback  stm32f4xx_hal_can.o
    0x08001ad4   0x00000002   Code   RO          866    i.HAL_CAN_WakeUpFromRxMsgCallback  stm32f4xx_hal_can.o
    0x08001ad6   0x00000022   Code   RO         2283    i.HAL_CRC_Init      stm32f4xx_hal_crc.o
    0x08001af8   0x00000028   Code   RO          477    i.HAL_CRC_MspInit   crc.o
    0x08001b20   0x00000092   Code   RO         1579    i.HAL_DMA_Abort     stm32f4xx_hal_dma.o
    0x08001bb2   0x00000024   Code   RO         1580    i.HAL_DMA_Abort_IT  stm32f4xx_hal_dma.o
    0x08001bd6   0x00000002   PAD
    0x08001bd8   0x000001a0   Code   RO         1584    i.HAL_DMA_IRQHandler  stm32f4xx_hal_dma.o
    0x08001d78   0x000000d4   Code   RO         1585    i.HAL_DMA_Init      stm32f4xx_hal_dma.o
    0x08001e4c   0x0000006e   Code   RO         1589    i.HAL_DMA_Start_IT  stm32f4xx_hal_dma.o
    0x08001eba   0x00000002   PAD
    0x08001ebc   0x00000234   Code   RO         1472    i.HAL_GPIO_Init     stm32f4xx_hal_gpio.o
    0x080020f0   0x0000000a   Code   RO         1476    i.HAL_GPIO_WritePin  stm32f4xx_hal_gpio.o
    0x080020fa   0x00000002   PAD
    0x080020fc   0x0000000c   Code   RO         2024    i.HAL_GetTick       stm32f4xx_hal.o
    0x08002108   0x00000010   Code   RO         2030    i.HAL_IncTick       stm32f4xx_hal.o
    0x08002118   0x00000034   Code   RO         2031    i.HAL_Init          stm32f4xx_hal.o
    0x0800214c   0x0000008c   Code   RO          792    i.HAL_InitTick      stm32f4xx_hal_timebase_tim.o
    0x080021d8   0x00000038   Code   RO          768    i.HAL_MspInit       stm32f4xx_hal_msp.o
    0x08002210   0x0000001a   Code   RO         1879    i.HAL_NVIC_EnableIRQ  stm32f4xx_hal_cortex.o
    0x0800222a   0x00000002   PAD
    0x0800222c   0x00000040   Code   RO         1885    i.HAL_NVIC_SetPriority  stm32f4xx_hal_cortex.o
    0x0800226c   0x00000024   Code   RO         1886    i.HAL_NVIC_SetPriorityGrouping  stm32f4xx_hal_cortex.o
    0x08002290   0x00000254   Code   RO         1173    i.HAL_RCCEx_PeriphCLKConfig  stm32f4xx_hal_rcc_ex.o
    0x080024e4   0x00000134   Code   RO         1066    i.HAL_RCC_ClockConfig  stm32f4xx_hal_rcc.o
    0x08002618   0x00000040   Code   RO         1070    i.HAL_RCC_GetClockConfig  stm32f4xx_hal_rcc.o
    0x08002658   0x00000020   Code   RO         1073    i.HAL_RCC_GetPCLK1Freq  stm32f4xx_hal_rcc.o
    0x08002678   0x00000020   Code   RO         1074    i.HAL_RCC_GetPCLK2Freq  stm32f4xx_hal_rcc.o
    0x08002698   0x00000064   Code   RO         1075    i.HAL_RCC_GetSysClockFreq  stm32f4xx_hal_rcc.o
    0x080026fc   0x0000036c   Code   RO         1078    i.HAL_RCC_OscConfig  stm32f4xx_hal_rcc.o
    0x08002a68   0x0000008c   Code   RO         2352    i.HAL_RTC_Init      stm32f4xx_hal_rtc.o
    0x08002af4   0x0000003c   Code   RO          543    i.HAL_RTC_MspInit   rtc.o
    0x08002b30   0x00000036   Code   RO         2360    i.HAL_RTC_WaitForSynchro  stm32f4xx_hal_rtc.o
    0x08002b66   0x00000002   Code   RO         3446    i.HAL_TIMEx_BreakCallback  stm32f4xx_hal_tim_ex.o
    0x08002b68   0x00000002   Code   RO         3447    i.HAL_TIMEx_CommutCallback  stm32f4xx_hal_tim_ex.o
    0x08002b6a   0x00000002   PAD
    0x08002b6c   0x00000090   Code   RO         3465    i.HAL_TIMEx_MasterConfigSynchronization  stm32f4xx_hal_tim_ex.o
    0x08002bfc   0x0000005a   Code   RO         2742    i.HAL_TIM_Base_Init  stm32f4xx_hal_tim.o
    0x08002c56   0x00000002   PAD
    0x08002c58   0x00000024   Code   RO          585    i.HAL_TIM_Base_MspInit  tim.o
    0x08002c7c   0x00000080   Code   RO         2747    i.HAL_TIM_Base_Start_IT  stm32f4xx_hal_tim.o
    0x08002cfc   0x000000dc   Code   RO         2751    i.HAL_TIM_ConfigClockSource  stm32f4xx_hal_tim.o
    0x08002dd8   0x00000002   Code   RO         2776    i.HAL_TIM_IC_CaptureCallback  stm32f4xx_hal_tim.o
    0x08002dda   0x00000166   Code   RO         2790    i.HAL_TIM_IRQHandler  stm32f4xx_hal_tim.o
    0x08002f40   0x00000002   Code   RO         2793    i.HAL_TIM_OC_DelayElapsedCallback  stm32f4xx_hal_tim.o
    0x08002f42   0x00000002   Code   RO         2820    i.HAL_TIM_PWM_PulseFinishedCallback  stm32f4xx_hal_tim.o
    0x08002f44   0x00000014   Code   RO           14    i.HAL_TIM_PeriodElapsedCallback  main.o
    0x08002f58   0x00000002   Code   RO         2833    i.HAL_TIM_TriggerCallback  stm32f4xx_hal_tim.o
    0x08002f5a   0x00000002   Code   RO         3724    i.HAL_UARTEx_RxEventCallback  stm32f4xx_hal_uart.o
    0x08002f5c   0x00000002   Code   RO         3738    i.HAL_UART_ErrorCallback  stm32f4xx_hal_uart.o
    0x08002f5e   0x00000002   PAD
    0x08002f60   0x00000268   Code   RO         3741    i.HAL_UART_IRQHandler  stm32f4xx_hal_uart.o
    0x080031c8   0x00000062   Code   RO         3742    i.HAL_UART_Init     stm32f4xx_hal_uart.o
    0x0800322a   0x00000002   PAD
    0x0800322c   0x000000b4   Code   RO          627    i.HAL_UART_MspInit  usart.o
    0x080032e0   0x0000002a   Code   RO         3746    i.HAL_UART_Receive_DMA  stm32f4xx_hal_uart.o
    0x0800330a   0x0000002a   Code   RO         3747    i.HAL_UART_Receive_IT  stm32f4xx_hal_uart.o
    0x08003334   0x00000034   Code   RO          628    i.HAL_UART_RxCpltCallback  usart.o
    0x08003368   0x00000002   Code   RO         3749    i.HAL_UART_RxHalfCpltCallback  stm32f4xx_hal_uart.o
    0x0800336a   0x00000002   PAD
    0x0800336c   0x000000b2   Code   RO         3750    i.HAL_UART_Transmit  stm32f4xx_hal_uart.o
    0x0800341e   0x00000002   Code   RO         3753    i.HAL_UART_TxCpltCallback  stm32f4xx_hal_uart.o
    0x08003420   0x00000002   Code   RO          685    i.HardFault_Handler  stm32f4xx_it.o
    0x08003422   0x00000010   Code   RO         4575    i.ImpedanceCtrl_Init  impedance_control.o
    0x08003432   0x0000000e   Code   RO         4576    i.Impedance_Set     impedance_control.o
    0x08003440   0x0000001c   Code   RO         4417    i.Kalman_Init       filt.o
    0x0800345c   0x00000046   Code   RO         4418    i.Kalman_Predict    filt.o
    0x080034a2   0x00000002   PAD
    0x080034a4   0x00000034   Code   RO         4419    i.LPF_Init          filt.o
    0x080034d8   0x00000058   Code   RO          418    i.MX_CAN1_Init      can.o
    0x08003530   0x00000058   Code   RO          419    i.MX_CAN2_Init      can.o
    0x08003588   0x00000024   Code   RO          478    i.MX_CRC_Init       crc.o
    0x080035ac   0x0000002c   Code   RO          518    i.MX_DMA_Init       dma.o
    0x080035d8   0x00000088   Code   RO          325    i.MX_FREERTOS_Init  freertos.o
    0x08003660   0x0000012c   Code   RO          289    i.MX_GPIO_Init      gpio.o
    0x0800378c   0x00000034   Code   RO          544    i.MX_RTC_Init       rtc.o
    0x080037c0   0x00000064   Code   RO          586    i.MX_TIM2_Init      tim.o
    0x08003824   0x00000038   Code   RO          629    i.MX_USART6_UART_Init  usart.o
    0x0800385c   0x00000002   Code   RO          686    i.MemManage_Handler  stm32f4xx_it.o
    0x0800385e   0x00000002   Code   RO          687    i.NMI_Handler       stm32f4xx_it.o
    0x08003860   0x00000048   Code   RO         2363    i.RTC_EnterInitMode  stm32f4xx_hal_rtc.o
    0x080038a8   0x0000002a   Code   RO         2364    i.RTC_ExitInitMode  stm32f4xx_hal_rtc.o
    0x080038d2   0x0000005a   Code   RO         4240    i.Receive_pc_debug  calculate.o
    0x0800392c   0x00000030   Code   RO          326    i.SendPCTask        freertos.o
    0x0800395c   0x0000002c   Code   RO         6127    i.SysTick_Handler   port.o
    0x08003988   0x0000009c   Code   RO           15    i.SystemClock_Config  main.o
    0x08003a24   0x00000010   Code   RO         4071    i.SystemInit        system_stm32f4xx.o
    0x08003a34   0x0000000c   Code   RO          688    i.TIM1_UP_TIM10_IRQHandler  stm32f4xx_it.o
    0x08003a40   0x000000c8   Code   RO         2835    i.TIM_Base_SetConfig  stm32f4xx_hal_tim.o
    0x08003b08   0x00000014   Code   RO         2846    i.TIM_ETR_SetConfig  stm32f4xx_hal_tim.o
    0x08003b1c   0x00000010   Code   RO         2847    i.TIM_ITRx_SetConfig  stm32f4xx_hal_tim.o
    0x08003b2c   0x00000022   Code   RO         2853    i.TIM_TI1_ConfigInputStage  stm32f4xx_hal_tim.o
    0x08003b4e   0x00000024   Code   RO         2855    i.TIM_TI2_ConfigInputStage  stm32f4xx_hal_tim.o
    0x08003b72   0x00000010   Code   RO         3755    i.UART_DMAAbortOnError  stm32f4xx_hal_uart.o
    0x08003b82   0x0000004a   Code   RO         3756    i.UART_DMAError     stm32f4xx_hal_uart.o
    0x08003bcc   0x00000082   Code   RO         3757    i.UART_DMAReceiveCplt  stm32f4xx_hal_uart.o
    0x08003c4e   0x0000001a   Code   RO         3759    i.UART_DMARxHalfCplt  stm32f4xx_hal_uart.o
    0x08003c68   0x0000004e   Code   RO         3765    i.UART_EndRxTransfer  stm32f4xx_hal_uart.o
    0x08003cb6   0x0000001c   Code   RO         3766    i.UART_EndTxTransfer  stm32f4xx_hal_uart.o
    0x08003cd2   0x000000c0   Code   RO         3767    i.UART_Receive_IT   stm32f4xx_hal_uart.o
    0x08003d92   0x00000002   PAD
    0x08003d94   0x00000014   Code   RO         4512    i.UART_SendByte     tcpsend.o
    0x08003da8   0x0000010c   Code   RO         3768    i.UART_SetConfig    stm32f4xx_hal_uart.o
    0x08003eb4   0x00000094   Code   RO         3769    i.UART_Start_Receive_DMA  stm32f4xx_hal_uart.o
    0x08003f48   0x0000003a   Code   RO         3770    i.UART_Start_Receive_IT  stm32f4xx_hal_uart.o
    0x08003f82   0x00000078   Code   RO         3771    i.UART_WaitOnFlagUntilTimeout  stm32f4xx_hal_uart.o
    0x08003ffa   0x00000002   PAD
    0x08003ffc   0x00000024   Code   RO          689    i.USART6_IRQHandler  stm32f4xx_it.o
    0x08004020   0x00000002   Code   RO          690    i.UsageFault_Handler  stm32f4xx_it.o
    0x08004022   0x00000002   PAD
    0x08004024   0x00000018   Code   RO         4620    i.Virtual_init      switcher.o
    0x0800403c   0x00000030   Code   RO         6398    i.__ARM_fpclassify  m_wm.l(fpclassify.o)
    0x0800406c   0x00000020   Code   RO         1892    i.__NVIC_SetPriority  stm32f4xx_hal_cortex.o
    0x0800408c   0x00000004   PAD
    0x08004090   0x00000038   Code   RO         6215    i.__hardfp_atof     m_wm.l(atof.o)
    0x080040c8   0x000000c8   Code   RO         6221    i.__hardfp_cos      m_wm.l(cos.o)
    0x08004190   0x00000010   Code   RO         4112    i.__hardfp_fmaxf    cansend.o
    0x080041a0   0x00000010   Code   RO         4113    i.__hardfp_fminf    cansend.o
    0x080041b0   0x000000b0   Code   RO         6233    i.__hardfp_fmodf    m_wm.l(fmodf.o)
    0x08004260   0x000000c8   Code   RO         6245    i.__hardfp_sin      m_wm.l(sin.o)
    0x08004328   0x00000438   Code   RO         6331    i.__ieee754_rem_pio2  m_wm.l(rred.o)
    0x08004760   0x00000170   Code   RO         6300    i.__kernel_cos      m_wm.l(cos_i.o)
    0x080048d0   0x000000f8   Code   RO         6400    i.__kernel_poly     m_wm.l(poly.o)
    0x080049c8   0x00000130   Code   RO         6336    i.__kernel_sin      m_wm.l(sin_i.o)
    0x08004af8   0x00000014   Code   RO         6304    i.__mathlib_dbl_infnan  m_wm.l(dunder.o)
    0x08004b0c   0x00000004   PAD
    0x08004b10   0x00000020   Code   RO         6306    i.__mathlib_dbl_invalid  m_wm.l(dunder.o)
    0x08004b30   0x00000020   Code   RO         6309    i.__mathlib_dbl_underflow  m_wm.l(dunder.o)
    0x08004b50   0x00000010   Code   RO         6320    i.__mathlib_flt_invalid  m_wm.l(funder.o)
    0x08004b60   0x0000000c   Code   RO         6375    i.__read_errno      mc_w.l(errno.o)
    0x08004b6c   0x0000000e   Code   RO         6423    i.__scatterload_copy  mc_w.l(handlers.o)
    0x08004b7a   0x00000002   Code   RO         6424    i.__scatterload_null  mc_w.l(handlers.o)
    0x08004b7c   0x0000000e   Code   RO         6425    i.__scatterload_zeroinit  mc_w.l(handlers.o)
    0x08004b8a   0x00000002   PAD
    0x08004b8c   0x0000000c   Code   RO         6376    i.__set_errno       mc_w.l(errno.o)
    0x08004b98   0x0000000e   Code   RO         6408    i._is_digit         mc_w.l(scanf_fp.o)
    0x08004ba6   0x00000002   PAD
    0x08004ba8   0x00000088   Code   RO         4741    i.compute_admittance_pd  compliance_ctrl.o
    0x08004c30   0x00000080   Code   RO         4742    i.compute_impedance_pd  compliance_ctrl.o
    0x08004cb0   0x0000010c   Code   RO         4743    i.compute_proxy_pd  compliance_ctrl.o
    0x08004dbc   0x00000018   Code   RO         6394    i.fabs              m_wm.l(fabs.o)
    0x08004dd4   0x00000002   Code   RO         4744    i.fb_creater        compliance_ctrl.o
    0x08004dd6   0x00000028   Code   RO         4114    i.float_to_uint     cansend.o
    0x08004dfe   0x00000002   PAD
    0x08004e00   0x000000d8   Code   RO          327    i.get_acc           freertos.o
    0x08004ed8   0x000000dc   Code   RO          328    i.get_angle         freertos.o
    0x08004fb4   0x000000c4   Code   RO          329    i.get_velocity      freertos.o
    0x08005078   0x00000098   Code   RO         4320    i.joint_init        control.o
    0x08005110   0x00000054   Code   RO         4514    i.joint_pack        tcpsend.o
    0x08005164   0x00000012   Code   RO         4322    i.joint_set         control.o
    0x08005176   0x00000002   PAD
    0x08005178   0x00000158   Code   RO           16    i.main              main.o
    0x080052d0   0x0000000c   Code   RO         5704    i.makeFreeRtosPriority  cmsis_os.o
    0x080052dc   0x0000003c   Code   RO          420    i.my_can_filter_init_recv_all  can.o
    0x08005318   0x0000000a   Code   RO         5709    i.osKernelStart     cmsis_os.o
    0x08005322   0x0000002e   Code   RO         5743    i.osThreadCreate    cmsis_os.o
    0x08005350   0x00000128   Code   RO         4115    i.pack_cmd          cansend.o
    0x08005478   0x00000024   Code   RO         4670    i.parse_floats      serial_parser.o
    0x0800549c   0x00000070   Code   RO         5255    i.prvAddCurrentTaskToDelayedList  tasks.o
    0x0800550c   0x000000d0   Code   RO         5256    i.prvAddNewTaskToReadyList  tasks.o
    0x080055dc   0x00000050   Code   RO         5569    i.prvCheckForValidListAndQueue  timers.o
    0x0800562c   0x00000026   Code   RO         4962    i.prvCopyDataFromQueue  queue.o
    0x08005652   0x0000006c   Code   RO         4963    i.prvCopyDataToQueue  queue.o
    0x080056be   0x00000014   Code   RO         5257    i.prvDeleteTCB      tasks.o
    0x080056d2   0x00000002   PAD
    0x080056d4   0x0000004c   Code   RO         6071    i.prvHeapInit       heap_4.o
    0x08005720   0x00000060   Code   RO         5258    i.prvIdleTask       tasks.o
    0x08005780   0x00000098   Code   RO         5259    i.prvInitialiseNewTask  tasks.o
    0x08005818   0x0000004c   Code   RO         6072    i.prvInsertBlockIntoFreeList  heap_4.o
    0x08005864   0x00000038   Code   RO         5570    i.prvInsertTimerInActiveList  timers.o
    0x0800589c   0x0000001c   Code   RO         4964    i.prvIsQueueEmpty   queue.o
    0x080058b8   0x000000f0   Code   RO         5571    i.prvProcessReceivedCommands  timers.o
    0x080059a8   0x000000c0   Code   RO         5572    i.prvProcessTimerOrBlockTask  timers.o
    0x08005a68   0x00000020   Code   RO         5260    i.prvResetNextTaskUnblockTime  tasks.o
    0x08005a88   0x00000028   Code   RO         5573    i.prvSampleTimeNow  timers.o
    0x08005ab0   0x0000006c   Code   RO         5574    i.prvSwitchTimerLists  timers.o
    0x08005b1c   0x00000028   Code   RO         6128    i.prvTaskExitError  port.o
    0x08005b44   0x00000024   Code   RO         5575    i.prvTimerTask      timers.o
    0x08005b68   0x0000006a   Code   RO         4965    i.prvUnlockQueue    queue.o
    0x08005bd2   0x00000002   PAD
    0x08005bd4   0x000000dc   Code   RO         6073    i.pvPortMalloc      heap_4.o
    0x08005cb0   0x0000002c   Code   RO         6129    i.pxPortInitialiseStack  port.o
    0x08005cdc   0x00000210   Code   RO          330    i.scheduleTask      freertos.o
    0x08005eec   0x00000032   Code   RO         4515    i.sendData          tcpsend.o
    0x08005f1e   0x00000002   PAD
    0x08005f20   0x000000c4   Code   RO         4672    i.serial_parse_frame  serial_parser.o
    0x08005fe4   0x00000020   Code   RO         4673    i.serial_parser_init  serial_parser.o
    0x08006004   0x0000001c   Code   RO         4674    i.serial_rx_irq_handler  serial_parser.o
    0x08006020   0x00000002   Code   RO         4745    i.traj_creater      compliance_ctrl.o
    0x08006022   0x00000002   PAD
    0x08006024   0x00000050   Code   RO         4675    i.uart_rx_idle_callback  serial_parser.o
    0x08006074   0x00000028   Code   RO         4116    i.uint_to_float     cansend.o
    0x0800609c   0x00000070   Code   RO         4117    i.unpack_reply      cansend.o
    0x0800610c   0x00000026   Code   RO         4922    i.uxListRemove      list.o
    0x08006132   0x00000016   Code   RO         4923    i.vListInitialise   list.o
    0x08006148   0x00000006   Code   RO         4924    i.vListInitialiseItem  list.o
    0x0800614e   0x00000030   Code   RO         4925    i.vListInsert       list.o
    0x0800617e   0x00000018   Code   RO         4926    i.vListInsertEnd    list.o
    0x08006196   0x00000002   PAD
    0x08006198   0x00000040   Code   RO         6131    i.vPortEnterCritical  port.o
    0x080061d8   0x00000028   Code   RO         6132    i.vPortExitCritical  port.o
    0x08006200   0x00000064   Code   RO         6074    i.vPortFree         heap_4.o
    0x08006264   0x00000024   Code   RO         6133    i.vPortSetupTimerInterrupt  port.o
    0x08006288   0x00000054   Code   RO         6134    i.vPortValidateInterruptPriority  port.o
    0x080062dc   0x00000028   Code   RO         4969    i.vQueueAddToRegistry  queue.o
    0x08006304   0x00000044   Code   RO         4972    i.vQueueWaitForMessageRestricted  queue.o
    0x08006348   0x0000008c   Code   RO         5270    i.vTaskDelayUntil   tasks.o
    0x080063d4   0x00000010   Code   RO         5273    i.vTaskInternalSetTimeOutState  tasks.o
    0x080063e4   0x0000000c   Code   RO         5274    i.vTaskMissedYield  tasks.o
    0x080063f0   0x00000030   Code   RO         5276    i.vTaskPlaceOnEventList  tasks.o
    0x08006420   0x00000038   Code   RO         5277    i.vTaskPlaceOnEventListRestricted  tasks.o
    0x08006458   0x00000070   Code   RO         5284    i.vTaskStartScheduler  tasks.o
    0x080064c8   0x00000010   Code   RO         5286    i.vTaskSuspendAll   tasks.o
    0x080064d8   0x0000005c   Code   RO         5287    i.vTaskSwitchContext  tasks.o
    0x08006534   0x000000f4   Code   RO         6135    i.xPortStartScheduler  port.o
    0x08006628   0x00000042   Code   RO         4974    i.xQueueGenericCreate  queue.o
    0x0800666a   0x00000002   PAD
    0x0800666c   0x00000088   Code   RO         4975    i.xQueueGenericReset  queue.o
    0x080066f4   0x00000160   Code   RO         4976    i.xQueueGenericSend  queue.o
    0x08006854   0x000000be   Code   RO         4977    i.xQueueGenericSendFromISR  queue.o
    0x08006912   0x00000002   PAD
    0x08006914   0x00000138   Code   RO         4983    i.xQueueReceive     queue.o
    0x08006a4c   0x00000074   Code   RO         5289    i.xTaskCheckForTimeOut  tasks.o
    0x08006ac0   0x00000056   Code   RO         5290    i.xTaskCreate       tasks.o
    0x08006b16   0x00000002   PAD
    0x08006b18   0x0000001c   Code   RO         5294    i.xTaskGetSchedulerState  tasks.o
    0x08006b34   0x0000000c   Code   RO         5295    i.xTaskGetTickCount  tasks.o
    0x08006b40   0x000000cc   Code   RO         5297    i.xTaskIncrementTick  tasks.o
    0x08006c0c   0x00000098   Code   RO         5300    i.xTaskPriorityDisinherit  tasks.o
    0x08006ca4   0x00000074   Code   RO         5302    i.xTaskRemoveFromEventList  tasks.o
    0x08006d18   0x000000c4   Code   RO         5303    i.xTaskResumeAll    tasks.o
    0x08006ddc   0x00000048   Code   RO         5581    i.xTimerCreateTimerTask  timers.o
    0x08006e24   0x00000060   Code   RO         5582    i.xTimerGenericCommand  timers.o
    0x08006e84   0x00000004   PAD
    0x08006e88   0x0000007c   Data   RO          332    .constdata          freertos.o
    0x08006f04   0x00000008   Data   RO         1591    .constdata          stm32f4xx_hal_dma.o
    0x08006f0c   0x00000010   Data   RO         4072    .constdata          system_stm32f4xx.o
    0x08006f1c   0x00000008   Data   RO         4073    .constdata          system_stm32f4xx.o
    0x08006f24   0x00000004   PAD
    0x08006f28   0x00000030   Data   RO         6301    .constdata          m_wm.l(cos_i.o)
    0x08006f58   0x000000c8   Data   RO         6333    .constdata          m_wm.l(rred.o)
    0x08007020   0x00000028   Data   RO         6337    .constdata          m_wm.l(sin_i.o)
    0x08007048   0x00000040   Data   RO         6417    .constdata          mc_w.l(ctype_c.o)
    0x08007088   0x0000001c   Data   RO          333    .conststring        freertos.o
    0x080070a4   0x00000020   Data   RO         6421    Region$$Table       anon$$obj.o


    Execution Region RW_IRAM1 (Base: 0x20000000, Size: 0x00004f78, Max: 0x00030000, ABSOLUTE)

    Base Addr    Size         Type   Attr      Idx    E Section Name        Object

    0x20000000   0x0000001c   Data   RW          334    .data               freertos.o
    0x2000001c   0x00000004   Data   RW          422    .data               can.o
    0x20000020   0x00000008   Data   RW          479    .data               crc.o
    0x20000028   0x0000000c   Data   RW         2038    .data               stm32f4xx_hal.o
    0x20000034   0x00000004   Data   RW         4074    .data               system_stm32f4xx.o
    0x20000038   0x00000002   Data   RW         4677    .data               serial_parser.o
    0x2000003a   0x00000002   PAD
    0x2000003c   0x0000003c   Data   RW         5306    .data               tasks.o
    0x20000078   0x00000014   Data   RW         5588    .data               timers.o
    0x2000008c   0x00000020   Data   RW         6080    .data               heap_4.o
    0x200000ac   0x0000000c   Data   RW         6136    .data               port.o
    0x200000b8   0x00000004   Data   RW         6377    .data               mc_w.l(errno.o)
    0x200000bc   0x00000038   Zero   RW          331    .bss                freertos.o
    0x200000f4   0x00000080   Zero   RW          421    .bss                can.o
    0x20000174   0x00000020   Zero   RW          545    .bss                rtc.o
    0x20000194   0x00000048   Zero   RW          587    .bss                tim.o
    0x200001dc   0x000000a4   Zero   RW          631    .bss                usart.o
    0x20000280   0x00000048   Zero   RW          795    .bss                stm32f4xx_hal_timebase_tim.o
    0x200002c8   0x00000328   Zero   RW         4324    .bss                control.o
    0x200005f0   0x00000070   Zero   RW         4325    .bss                control.o
    0x20000660   0x00000128   Zero   RW         4370    .bss                admittance_control.o
    0x20000788   0x00000020   Zero   RW         4422    .bss                filt.o
    0x200007a8   0x00000058   Zero   RW         4579    .bss                impedance_control.o
    0x20000800   0x00000028   Zero   RW         4621    .bss                switcher.o
    0x20000828   0x00000507   Zero   RW         4676    .bss                serial_parser.o
    0x20000d2f   0x00000001   PAD
    0x20000d30   0x00000078   Zero   RW         4746    .bss                compliance_ctrl.o
    0x20000da8   0x00000060   Zero   RW         4747    .bss                compliance_ctrl.o
    0x20000e08   0x00000018   Zero   RW         4748    .bss                compliance_ctrl.o
    0x20000e20   0x00000040   Zero   RW         4986    .bss                queue.o
    0x20000e60   0x000000f0   Zero   RW         5305    .bss                tasks.o
    0x20000f50   0x00000028   Zero   RW         5587    .bss                timers.o
    0x20000f78   0x00003c00   Zero   RW         6079    .bss                heap_4.o
    0x20004b78   0x00000400   Zero   RW            1    STACK               startup_stm32f427xx.o


==============================================================================

Image component sizes


      Code (inc. data)   RO Data    RW Data    ZI Data      Debug   Object Name

       162          8          0          0        296       3659   admittance_control.o
        90          0          0          0          0       2462   calculate.o
       688         62          0          4        128       4027   can.o
       612         46          0          0          0       5428   cansend.o
        68          0          0          0          0      12239   cmsis_os.o
      1144         68          0          0        240       8976   compliance_ctrl.o
       170         12          0          0        920       3593   control.o
        76         18          0          8          0       1511   crc.o
        44          4          0          0          0        766   dma.o
         0          0          0          0          0      10708   event_groups.o
       174         20          0          0         32       3238   filt.o
      1480        164        152         28         56       8352   freertos.o
       300         26          0          0          0       1187   gpio.o
       472         24          0         32      15360       4839   heap_4.o
        30          0          0          0         88       2349   impedance_control.o
       138          0          0          0          0       3518   list.o
       524         62          0          0          0     789316   main.o
       786         82          0         12          0      11805   port.o
      1444         20          0          0         64      16330   queue.o
       112         16          0          0         32       1579   rtc.o
       372         34          0          2       1287       5069   serial_parser.o
        36          8        428          0       1024        832   startup_stm32f427xx.o
        80         14          0         12          0       8206   stm32f4xx_hal.o
      1638          6          0          0          0      14179   stm32f4xx_hal_can.o
       158         14          0          0          0      33138   stm32f4xx_hal_cortex.o
        34          0          0          0          0       1039   stm32f4xx_hal_crc.o
      1084         16          8          0          0       7310   stm32f4xx_hal_dma.o
       574         54          0          0          0       2196   stm32f4xx_hal_gpio.o
        56          4          0          0          0        858   stm32f4xx_hal_msp.o
      1412         86          0          0          0       5869   stm32f4xx_hal_rcc.o
       596         36          0          0          0       1604   stm32f4xx_hal_rcc_ex.o
       308          4          0          0          0       3535   stm32f4xx_hal_rtc.o
      1110         72          0          0          0      10101   stm32f4xx_hal_tim.o
       148         28          0          0          0       2437   stm32f4xx_hal_tim_ex.o
       140         20          0          0         72       1419   stm32f4xx_hal_timebase_tim.o
      2122         30          0          0          0      16066   stm32f4xx_hal_uart.o
        96         28          0          0          0       5617   stm32f4xx_it.o
        24          6          0          0         40       2868   switcher.o
        16          4         24          4          0       1115   system_stm32f4xx.o
      2022        158          0         60        240      25273   tasks.o
       154          4          0          0          0       2212   tcpsend.o
       136         12          0          0         72       1642   tim.o
       920         80          0         20         40      20527   timers.o
       288         48          0          0        164       2415   usart.o

    ----------------------------------------------------------------------
     22104       1402        648        184      20156    1071409   Object Totals
         0          0         32          0          0          0   (incl. Generated)
        66          4          4          2          1          0   (incl. Padding)

    ----------------------------------------------------------------------

      Code (inc. data)   RO Data    RW Data    ZI Data      Debug   Library Member Name

        56         12          0          0          0        132   atof.o
       200         20          0          0          0        164   cos.o
       368         46         48          0          0        200   cos_i.o
        84         16          0          0          0        372   dunder.o
        24          0          0          0          0        124   fabs.o
       176          0          0          0          0        168   fmodf.o
        48          0          0          0          0        124   fpclassify.o
        16          6          0          0          0        116   funder.o
       248          0          0          0          0        152   poly.o
      1080        142        200          0          0        188   rred.o
       200         20          0          0          0        164   sin.o
       304         24         40          0          0        208   sin_i.o
        64          0          0          0          0         84   _sgetc.o
        40          6         64          0          0         68   ctype_c.o
         0          0          0          0          0          0   entry.o
         0          0          0          0          0          0   entry10a.o
         0          0          0          0          0          0   entry11a.o
         8          4          0          0          0          0   entry2.o
         4          0          0          0          0          0   entry5.o
         0          0          0          0          0          0   entry7b.o
         0          0          0          0          0          0   entry8b.o
         8          4          0          0          0          0   entry9a.o
        24         12          0          4          0        136   errno.o
        30          0          0          0          0          0   handlers.o
        36          8          0          0          0         68   init.o
        10          0          0          0          0         68   isspace_c.o
         0          0          0          0          0          0   iusefp.o
        30          0          0          0          0         68   llshl.o
        36          0          0          0          0         68   llsshr.o
        32          0          0          0          0         68   llushr.o
        36          0          0          0          0         68   memcpya.o
        36          0          0          0          0        108   memseta.o
       838         12          0          0          0        216   scanf_fp.o
       156         12          0          0          0        120   strtod.o
        98          0          0          0          0         92   uldiv.o
        48          0          0          0          0         68   cdcmple.o
        48          0          0          0          0         68   cdrcmple.o
        56          0          0          0          0         88   d2f.o
       334          0          0          0          0        148   dadd.o
       222          0          0          0          0        100   ddiv.o
       186          0          0          0          0        176   depilogue.o
        62          0          0          0          0         80   dfixi.o
        34          0          0          0          0         76   dflti.o
        26          0          0          0          0         76   dfltui.o
        24          0          0          0          0         76   dfltul.o
       228          0          0          0          0         96   dmul.o
       110          0          0          0          0        168   fepilogue.o
        82          0          0          0          0         96   frem.o

    ----------------------------------------------------------------------
      5764        344        352          4          0       4660   Library Totals
        14          0          0          0          0          0   (incl. Padding)

    ----------------------------------------------------------------------

      Code (inc. data)   RO Data    RW Data    ZI Data      Debug   Library Name

      2804        286        288          0          0       2112   m_wm.l
      1486         58         64          4          0       1232   mc_w.l
      1460          0          0          0          0       1316   mf_w.l

    ----------------------------------------------------------------------
      5764        344        352          4          0       4660   Library Totals

    ----------------------------------------------------------------------

==============================================================================


      Code (inc. data)   RO Data    RW Data    ZI Data      Debug   

     27868       1746       1000        188      20156    1052825   Grand Totals
     27868       1746       1000        188      20156    1052825   ELF Image Totals
     27868       1746       1000        188          0          0   ROM Totals

==============================================================================

    Total RO  Size (Code + RO Data)                28868 (  28.19kB)
    Total RW  Size (RW Data + ZI Data)             20344 (  19.87kB)
    Total ROM Size (Code + RO Data + RW Data)      29056 (  28.38kB)

==============================================================================

